Archive member included to satisfy reference by file (symbol)

C:/ST/STM32CubeIDE_1.10.1/STM32CubeIDE/plugins/com.st.stm32cube.ide.mcu.externaltools.gnu-tools-for-stm32.12.3.rel1.win32_1.0.100.202403111256/tools/bin/../lib/gcc/arm-none-eabi/12.3.1/../../../../arm-none-eabi/lib/thumb/v7e-m+fp/hard\libc_nano.a(libc_a-exit.o)
                              C:/ST/STM32CubeIDE_1.10.1/STM32CubeIDE/plugins/com.st.stm32cube.ide.mcu.externaltools.gnu-tools-for-stm32.12.3.rel1.win32_1.0.100.202403111256/tools/bin/../lib/gcc/arm-none-eabi/12.3.1/../../../../arm-none-eabi/lib/thumb/v7e-m+fp/hard/crt0.o (exit)
C:/ST/STM32CubeIDE_1.10.1/STM32CubeIDE/plugins/com.st.stm32cube.ide.mcu.externaltools.gnu-tools-for-stm32.12.3.rel1.win32_1.0.100.202403111256/tools/bin/../lib/gcc/arm-none-eabi/12.3.1/../../../../arm-none-eabi/lib/thumb/v7e-m+fp/hard\libc_nano.a(libc_a-findfp.o)
                              C:/ST/STM32CubeIDE_1.10.1/STM32CubeIDE/plugins/com.st.stm32cube.ide.mcu.externaltools.gnu-tools-for-stm32.12.3.rel1.win32_1.0.100.202403111256/tools/bin/../lib/gcc/arm-none-eabi/12.3.1/../../../../arm-none-eabi/lib/thumb/v7e-m+fp/hard\libc_nano.a(libc_a-exit.o) (__stdio_exit_handler)
C:/ST/STM32CubeIDE_1.10.1/STM32CubeIDE/plugins/com.st.stm32cube.ide.mcu.externaltools.gnu-tools-for-stm32.12.3.rel1.win32_1.0.100.202403111256/tools/bin/../lib/gcc/arm-none-eabi/12.3.1/../../../../arm-none-eabi/lib/thumb/v7e-m+fp/hard\libc_nano.a(libc_a-fwalk.o)
                              C:/ST/STM32CubeIDE_1.10.1/STM32CubeIDE/plugins/com.st.stm32cube.ide.mcu.externaltools.gnu-tools-for-stm32.12.3.rel1.win32_1.0.100.202403111256/tools/bin/../lib/gcc/arm-none-eabi/12.3.1/../../../../arm-none-eabi/lib/thumb/v7e-m+fp/hard\libc_nano.a(libc_a-findfp.o) (_fwalk_sglue)
C:/ST/STM32CubeIDE_1.10.1/STM32CubeIDE/plugins/com.st.stm32cube.ide.mcu.externaltools.gnu-tools-for-stm32.12.3.rel1.win32_1.0.100.202403111256/tools/bin/../lib/gcc/arm-none-eabi/12.3.1/../../../../arm-none-eabi/lib/thumb/v7e-m+fp/hard\libc_nano.a(libc_a-stdio.o)
                              C:/ST/STM32CubeIDE_1.10.1/STM32CubeIDE/plugins/com.st.stm32cube.ide.mcu.externaltools.gnu-tools-for-stm32.12.3.rel1.win32_1.0.100.202403111256/tools/bin/../lib/gcc/arm-none-eabi/12.3.1/../../../../arm-none-eabi/lib/thumb/v7e-m+fp/hard\libc_nano.a(libc_a-findfp.o) (__sread)
C:/ST/STM32CubeIDE_1.10.1/STM32CubeIDE/plugins/com.st.stm32cube.ide.mcu.externaltools.gnu-tools-for-stm32.12.3.rel1.win32_1.0.100.202403111256/tools/bin/../lib/gcc/arm-none-eabi/12.3.1/../../../../arm-none-eabi/lib/thumb/v7e-m+fp/hard\libc_nano.a(libc_a-memset.o)
                              C:/ST/STM32CubeIDE_1.10.1/STM32CubeIDE/plugins/com.st.stm32cube.ide.mcu.externaltools.gnu-tools-for-stm32.12.3.rel1.win32_1.0.100.202403111256/tools/bin/../lib/gcc/arm-none-eabi/12.3.1/../../../../arm-none-eabi/lib/thumb/v7e-m+fp/hard/crt0.o (memset)
C:/ST/STM32CubeIDE_1.10.1/STM32CubeIDE/plugins/com.st.stm32cube.ide.mcu.externaltools.gnu-tools-for-stm32.12.3.rel1.win32_1.0.100.202403111256/tools/bin/../lib/gcc/arm-none-eabi/12.3.1/../../../../arm-none-eabi/lib/thumb/v7e-m+fp/hard\libc_nano.a(libc_a-closer.o)
                              C:/ST/STM32CubeIDE_1.10.1/STM32CubeIDE/plugins/com.st.stm32cube.ide.mcu.externaltools.gnu-tools-for-stm32.12.3.rel1.win32_1.0.100.202403111256/tools/bin/../lib/gcc/arm-none-eabi/12.3.1/../../../../arm-none-eabi/lib/thumb/v7e-m+fp/hard\libc_nano.a(libc_a-stdio.o) (_close_r)
C:/ST/STM32CubeIDE_1.10.1/STM32CubeIDE/plugins/com.st.stm32cube.ide.mcu.externaltools.gnu-tools-for-stm32.12.3.rel1.win32_1.0.100.202403111256/tools/bin/../lib/gcc/arm-none-eabi/12.3.1/../../../../arm-none-eabi/lib/thumb/v7e-m+fp/hard\libc_nano.a(libc_a-reent.o)
                              C:/ST/STM32CubeIDE_1.10.1/STM32CubeIDE/plugins/com.st.stm32cube.ide.mcu.externaltools.gnu-tools-for-stm32.12.3.rel1.win32_1.0.100.202403111256/tools/bin/../lib/gcc/arm-none-eabi/12.3.1/../../../../arm-none-eabi/lib/thumb/v7e-m+fp/hard\libc_nano.a(libc_a-closer.o) (errno)
C:/ST/STM32CubeIDE_1.10.1/STM32CubeIDE/plugins/com.st.stm32cube.ide.mcu.externaltools.gnu-tools-for-stm32.12.3.rel1.win32_1.0.100.202403111256/tools/bin/../lib/gcc/arm-none-eabi/12.3.1/../../../../arm-none-eabi/lib/thumb/v7e-m+fp/hard\libc_nano.a(libc_a-impure.o)
                              C:/ST/STM32CubeIDE_1.10.1/STM32CubeIDE/plugins/com.st.stm32cube.ide.mcu.externaltools.gnu-tools-for-stm32.12.3.rel1.win32_1.0.100.202403111256/tools/bin/../lib/gcc/arm-none-eabi/12.3.1/../../../../arm-none-eabi/lib/thumb/v7e-m+fp/hard\libc_nano.a(libc_a-reent.o) (_impure_ptr)
C:/ST/STM32CubeIDE_1.10.1/STM32CubeIDE/plugins/com.st.stm32cube.ide.mcu.externaltools.gnu-tools-for-stm32.12.3.rel1.win32_1.0.100.202403111256/tools/bin/../lib/gcc/arm-none-eabi/12.3.1/../../../../arm-none-eabi/lib/thumb/v7e-m+fp/hard\libc_nano.a(libc_a-lseekr.o)
[...]
Memory Configuration

Name             Origin             Length             Attributes
RAM              0x20000000         0x00008000         xrw
FLASH            0x08000000         0x00020000         xr
*default*        0x00000000         0xffffffff

Linker script and memory map

LOAD C:/ST/STM32CubeIDE_1.10.1/STM32CubeIDE/plugins/com.st.stm32cube.ide.mcu.externaltools.gnu-tools-for-stm32.12.3.rel1.win32_1.0.100.202403111256/tools/bin/../lib/gcc/arm-none-eabi/12.3.1/thumb/v7e-m+fp/hard/crti.o
LOAD C:/ST/STM32CubeIDE_1.10.1/STM32CubeIDE/plugins/com.st.stm32cube.ide.mcu.externaltools.gnu-tools-for-stm32.12.3.rel1.win32_1.0.100.202403111256/tools/bin/../lib/gcc/arm-none-eabi/12.3.1/thumb/v7e-m+fp/hard/crtbegin.o
LOAD C:/ST/STM32CubeIDE_1.10.1/STM32CubeIDE/plugins/com.st.stm32cube.ide.mcu.externaltools.gnu-tools-for-stm32.12.3.rel1.win32_1.0.100.202403111256/tools/bin/../lib/gcc/arm-none-eabi/12.3.1/../../../../arm-none-eabi/lib/thumb/v7e-m+fp/hard/crt0.o
LOAD ./Core/Src/gpio.o
LOAD ./Core/Src/main.o
LOAD ./Core/Src/spi.o
LOAD ./Core/Src/stm32f3xx_hal_msp.o
LOAD ./Core/Src/stm32f3xx_it.o
LOAD ./Core/Src/syscalls.o
LOAD ./Core/Src/sysmem.o
LOAD ./Core/Src/system_stm32f3xx.o
LOAD ./Core/Src/usart.o
LOAD ./Core/Startup/startup_stm32f302rbtx.o
LOAD ./Drivers/STM32F3xx_HAL_Driver/Src/stm32f3xx_hal.o
LOAD ./Drivers/STM32F3xx_HAL_Driver/Src/stm32f3xx_hal_cortex.o
LOAD ./Drivers/STM32F3xx_HAL_Driver/Src/stm32f3xx_hal_dma.o
LOAD ./Drivers/STM32F3xx_HAL_Driver/Src/stm32f3xx_hal_exti.o
LOAD ./Drivers/STM32F3xx_HAL_Driver/Src/stm32f3xx_hal_flash.o
LOAD ./Drivers/STM32F3xx_HAL_Driver/Src/stm32f3xx_hal_flash_ex.o
LOAD ./Drivers/STM32F3xx_HAL_Driver/Src/stm32f3xx_hal_gpio.o
LOAD ./Drivers/STM32F3xx_HAL_Driver/Src/stm32f3xx_hal_i2c.o
LOAD ./Drivers/STM32F3xx_HAL_Driver/Src/stm32f3xx_hal_i2c_ex.o
LOAD ./Drivers/STM32F3xx_HAL_Driver/Src/stm32f3xx_hal_pwr.o
LOAD ./Drivers/STM32F3xx_HAL_Driver/Src/stm32f3xx_hal_pwr_ex.o
LOAD ./Drivers/STM32F3xx_HAL_Driver/Src/stm32f3xx_hal_rcc.o
LOAD ./Drivers/STM32F3xx_HAL_Driver/Src/stm32f3xx_hal_rcc_ex.o
LOAD ./Drivers/STM32F3xx_HAL_Driver/Src/stm32f3xx_hal_spi.o
LOAD ./Drivers/STM32F3xx_HAL_Driver/Src/stm32f3xx_hal_spi_ex.o
LOAD ./Drivers/STM32F3xx_HAL_Driver/Src/stm32f3xx_hal_tim.o
LOAD ./Drivers/STM32F3xx_HAL_Driver/Src/stm32f3xx_hal_tim_ex.o
LOAD ./Drivers/STM32F3xx_HAL_Driver/Src/stm32f3xx_hal_uart.o
LOAD ./Drivers/STM32F3xx_HAL_Driver/Src/stm32f3xx_hal_uart_ex.o
LOAD ./ext_flash_w25q64/ext_flash_w25q64.o
LOAD ./int_flash/int_flash.o
LOAD ./packet_handler/packetHandler.o
START GROUP
LOAD C:/ST/STM32CubeIDE_1.10.1/STM32CubeIDE/plugins/com.st.stm32cube.ide.mcu.externaltools.gnu-tools-for-stm32.12.3.rel1.win32_1.0.100.202403111256/tools/bin/../lib/gcc/arm-none-eabi/12.3.1/../../../../arm-none-eabi/lib/thumb/v7e-m+fp/hard\libc_nano.a
LOAD C:/ST/STM32CubeIDE_1.10.1/STM32CubeIDE/plugins/com.st.stm32cube.ide.mcu.externaltools.gnu-tools-for-stm32.12.3.rel1.win32_1.0.100.202403111256/tools/bin/../lib/gcc/arm-none-eabi/12.3.1/../../../../arm-none-eabi/lib/thumb/v7e-m+fp/hard\libm.a
END GROUP
START GROUP
LOAD C:/ST/STM32CubeIDE_1.10.1/STM32CubeIDE/plugins/com.st.stm32cube.ide.mcu.externaltools.gnu-tools-for-stm32.12.3.rel1.win32_1.0.100.202403111256/tools/bin/../lib/gcc/arm-none-eabi/12.3.1/thumb/v7e-m+fp/hard\libgcc.a
LOAD C:/ST/STM32CubeIDE_1.10.1/STM32CubeIDE/plugins/com.st.stm32cube.ide.mcu.externaltools.gnu-tools-for-stm32.12.3.rel1.win32_1.0.100.202403111256/tools/bin/../lib/gcc/arm-none-eabi/12.3.1/../../../../arm-none-eabi/lib/thumb/v7e-m+fp/hard\libc_nano.a
END GROUP
START GROUP
LOAD C:/ST/STM32CubeIDE_1.10.1/STM32CubeIDE/plugins/com.st.stm32cube.ide.mcu.externaltools.gnu-tools-for-stm32.12.3.rel1.win32_1.0.100.202403111256/tools/bin/../lib/gcc/arm-none-eabi/12.3.1/thumb/v7e-m+fp/hard\libgcc.a
LOAD C:/ST/STM32CubeIDE_1.10.1/STM32CubeIDE/plugins/com.st.stm32cube.ide.mcu.externaltools.gnu-tools-for-stm32.12.3.rel1.win32_1.0.100.202403111256/tools/bin/../lib/gcc/arm-none-eabi/12.3.1/../../../../arm-none-eabi/lib/thumb/v7e-m+fp/hard\libc_nano.a
LOAD C:/ST/STM32CubeIDE_1.10.1/STM32CubeIDE/plugins/com.st.stm32cube.ide.mcu.externaltools.gnu-tools-for-stm32.12.3.rel1.win32_1.0.100.202403111256/tools/bin/../lib/gcc/arm-none-eabi/12.3.1/../../../../arm-none-eabi/lib/thumb/v7e-m+fp/hard\libnosys.a
END GROUP
START GROUP
LOAD C:/ST/STM32CubeIDE_1.10.1/STM32CubeIDE/plugins/com.st.stm32cube.ide.mcu.externaltools.gnu-tools-for-stm32.12.3.rel1.win32_1.0.100.202403111256/tools/bin/../lib/gcc/arm-none-eabi/12.3.1/thumb/v7e-m+fp/hard\libgcc.a
LOAD C:/ST/STM32CubeIDE_1.10.1/STM32CubeIDE/plugins/com.st.stm32cube.ide.mcu.externaltools.gnu-tools-for-stm32.12.3.rel1.win32_1.0.100.202403111256/tools/bin/../lib/gcc/arm-none-eabi/12.3.1/../../../../arm-none-eabi/lib/thumb/v7e-m+fp/hard\libc_nano.a
LOAD C:/ST/STM32CubeIDE_1.10.1/STM32CubeIDE/plugins/com.st.stm32cube.ide.mcu.externaltools.gnu-tools-for-stm32.12.3.rel1.win32_1.0.100.202403111256/tools/bin/../lib/gcc/arm-none-eabi/12.3.1/../../../../arm-none-eabi/lib/thumb/v7e-m+fp/hard\libnosys.a
END GROUP
LOAD C:/ST/STM32CubeIDE_1.10.1/STM32CubeIDE/plugins/com.st.stm32cube.ide.mcu.externaltools.gnu-tools-for-stm32.12.3.rel1.win32_1.0.100.202403111256/tools/bin/../lib/gcc/arm-none-eabi/12.3.1/thumb/v7e-m+fp/hard/crtend.o
LOAD C:/ST/STM32CubeIDE_1.10.1/STM32CubeIDE/plugins/com.st.stm32cube.ide.mcu.externaltools.gnu-tools-for-stm32.12.3.rel1.win32_1.0.100.202403111256/tools/bin/../lib/gcc/arm-none-eabi/12.3.1/thumb/v7e-m+fp/hard/crtn.o
                0x20008000                        _estack = (ORIGIN (RAM) + LENGTH (RAM))
                0x00000200                        _Min_Heap_Size = 0x200
                0x00000400                        _Min_Stack_Size = 0x400

.isr_vector     0x08000000      0x188
                0x08000000                        . = ALIGN (0x4)
 *(.isr_vector)
 .isr_vector    0x08000000      0x188 ./Core/Startup/startup_stm32f302rbtx.o
                0x08000000                g_pfnVectors
                0x08000188                        . = ALIGN (0x4)

.text           0x08000188     0x5098
                0x08000188                        . = ALIGN (0x4)
 *(.text)
 .text          0x08000188       0x40 C:/ST/STM32CubeIDE_1.10.1/STM32CubeIDE/plugins/com.st.stm32cube.ide.mcu.externaltools.gnu-tools-for-stm32.12.3.rel1.win32_1.0.100.202403111256/tools/bin/../lib/gcc/arm-none-eabi/12.3.1/thumb/v7e-m+fp/hard/crtbegin.o
 *(.text*)
 .text.MX_GPIO_Init
                0x080001c8      0x108 ./Core/Src/gpio.o
                0x080001c8                MX_GPIO_Init
 .text.main     0x080002d0       0x98 ./Core/Src/main.o
                0x080002d0                main
 .text.SystemClock_Config
                0x08000368       0xaa ./Core/Src/main.o
                0x08000368                SystemClock_Config
 *fill*         0x08000412        0x2 
 .text.HAL_UARTEx_RxEventCallback
                0x08000414       0x3c ./Core/Src/main.o
                0x08000414                HAL_UARTEx_RxEventCallback
 .text.Error_Handler
                0x08000450        0xc ./Core/Src/main.o
                0x08000450                Error_Handler
 .text.MX_SPI3_Init
                0x0800045c       0x7c ./Core/Src/spi.o
                0x0800045c                MX_SPI3_Init
 .text.HAL_SPI_MspInit
                0x080004d8       0x88 ./Core/Src/spi.o
                0x080004d8                HAL_SPI_MspInit
 .text.HAL_SPI_MspDeInit
                0x08000560       0x3c ./Core/Src/spi.o
                0x08000560                HAL_SPI_MspDeInit
 .text.HAL_MspInit
                0x0800059c       0x48 ./Core/Src/stm32f3xx_hal_msp.o
                0x0800059c                HAL_MspInit
 .text.NMI_Handler
                0x080005e4        0x8 ./Core/Src/stm32f3xx_it.o
                0x080005e4                NMI_Handler
 .text.HardFault_Handler
                0x080005ec        0x8 ./Core/Src/stm32f3xx_it.o
                0x080005ec                HardFault_Handler
 .text.MemManage_Handler
                0x080005f4        0x8 ./Core/Src/stm32f3xx_it.o
                0x080005f4                MemManage_Handler
 .text.BusFault_Handler
                0x080005fc        0x8 ./Core/Src/stm32f3xx_it.o
                0x080005fc                BusFault_Handler
 .text.UsageFault_Handler
                0x08000604        0x8 ./Core/Src/stm32f3xx_it.o
                0x08000604                UsageFault_Handler
 .text.SVC_Handler
                0x0800060c        0xe ./Core/Src/stm32f3xx_it.o
                0x0800060c                SVC_Handler
 .text.DebugMon_Handler
                0x0800061a        0xe ./Core/Src/stm32f3xx_it.o
                0x0800061a                DebugMon_Handler
 .text.PendSV_Handler
                0x08000628        0xe ./Core/Src/stm32f3xx_it.o
                0x08000628                PendSV_Handler
 .text.SysTick_Handler
                0x08000636        0xc ./Core/Src/stm32f3xx_it.o
                0x08000636                SysTick_Handler
 *fill*         0x08000642        0x2 
 .text.USART2_IRQHandler
                0x08000644       0x14 ./Core/Src/stm32f3xx_it.o
                0x08000644                USART2_IRQHandler
 .text.SystemInit
                0x08000658       0x24 ./Core/Src/system_stm32f3xx.o
                0x08000658                SystemInit
 .text.MX_USART2_UART_Init
                0x0800067c       0x60 ./Core/Src/usart.o
                0x0800067c                MX_USART2_UART_Init
 .text.HAL_UART_MspInit
                0x080006dc       0x94 ./Core/Src/usart.o
                0x080006dc                HAL_UART_MspInit
 .text.Reset_Handler
                0x08000770       0x50 ./Core/Startup/startup_stm32f302rbtx.o
                0x08000770                Reset_Handler
 .text.Default_Handler
                0x080007c0        0x2 ./Core/Startup/startup_stm32f302rbtx.o
                0x080007c0                RTC_Alarm_IRQHandler
                0x080007c0                TIM1_CC_IRQHandler
                0x080007c0                USB_HP_IRQHandler
                0x080007c0                PVD_IRQHandler
                0x080007c0                TAMP_STAMP_IRQHandler
                0x080007c0                EXTI3_IRQHandler
                0x080007c0                USB_HP_CAN_TX_IRQHandler
                0x080007c0                EXTI0_IRQHandler
                0x080007c0                I2C2_EV_IRQHandler
                0x080007c0                FPU_IRQHandler
                0x080007c0                TIM1_UP_TIM16_IRQHandler
                0x080007c0                ADC1_2_IRQHandler
                0x080007c0                SPI1_IRQHandler
                0x080007c0                CAN_SCE_IRQHandler
                0x080007c0                TIM6_DAC_IRQHandler
                0x080007c0                DMA2_Channel2_IRQHandler
                0x080007c0                DMA1_Channel4_IRQHandler
                0x080007c0                USART3_IRQHandler
                0x080007c0                DMA1_Channel7_IRQHandler
                0x080007c0                UART5_IRQHandler
                0x080007c0                TIM4_IRQHandler
                0x080007c0                CAN_RX1_IRQHandler
                0x080007c0                DMA2_Channel1_IRQHandler
                0x080007c0                I2C1_EV_IRQHandler
                0x080007c0                DMA1_Channel6_IRQHandler
                0x080007c0                UART4_IRQHandler
                0x080007c0                DMA2_Channel4_IRQHandler
                0x080007c0                TIM3_IRQHandler
                0x080007c0                RCC_IRQHandler
                0x080007c0                DMA1_Channel1_IRQHandler
                0x080007c0                Default_Handler
                0x080007c0                USBWakeUp_RMP_IRQHandler
                0x080007c0                EXTI15_10_IRQHandler
                0x080007c0                EXTI9_5_IRQHandler
                0x080007c0                RTC_WKUP_IRQHandler
                0x080007c0                SPI2_IRQHandler
                0x080007c0                USB_LP_CAN_RX0_IRQHandler
                0x080007c0                DMA2_Channel5_IRQHandler
                0x080007c0                DMA1_Channel5_IRQHandler
                0x080007c0                USB_LP_IRQHandler
                0x080007c0                EXTI4_IRQHandler
                0x080007c0                COMP1_2_IRQHandler
                0x080007c0                TIM1_TRG_COM_TIM17_IRQHandler
                0x080007c0                DMA1_Channel3_IRQHandler
                0x080007c0                WWDG_IRQHandler
                0x080007c0                TIM2_IRQHandler
                0x080007c0                EXTI1_IRQHandler
                0x080007c0                COMP4_6_IRQHandler
                0x080007c0                I2C2_ER_IRQHandler
                0x080007c0                DMA1_Channel2_IRQHandler
                0x080007c0                FLASH_IRQHandler
                0x080007c0                USART1_IRQHandler
                0x080007c0                SPI3_IRQHandler
                0x080007c0                I2C1_ER_IRQHandler
                0x080007c0                USBWakeUp_IRQHandler
                0x080007c0                DMA2_Channel3_IRQHandler
                0x080007c0                EXTI2_TSC_IRQHandler
                0x080007c0                TIM1_BRK_TIM15_IRQHandler
 *fill*         0x080007c2        0x2 
 .text.HAL_Init
                0x080007c4       0x2c ./Drivers/STM32F3xx_HAL_Driver/Src/stm32f3xx_hal.o
                0x080007c4                HAL_Init
 .text.HAL_InitTick
                0x080007f0       0x60 ./Drivers/STM32F3xx_HAL_Driver/Src/stm32f3xx_hal.o
                0x080007f0                HAL_InitTick
 .text.HAL_IncTick
                0x08000850       0x28 ./Drivers/STM32F3xx_HAL_Driver/Src/stm32f3xx_hal.o
                0x08000850                HAL_IncTick
 .text.HAL_GetTick
                0x08000878       0x18 ./Drivers/STM32F3xx_HAL_Driver/Src/stm32f3xx_hal.o
                0x08000878                HAL_GetTick
 .text.HAL_Delay
                0x08000890       0x48 ./Drivers/STM32F3xx_HAL_Driver/Src/stm32f3xx_hal.o
                0x08000890                HAL_Delay
 .text.__NVIC_SetPriorityGrouping
                0x080008d8       0x48 ./Drivers/STM32F3xx_HAL_Driver/Src/stm32f3xx_hal_cortex.o
 .text.__NVIC_GetPriorityGrouping
                0x08000920       0x1c ./Drivers/STM32F3xx_HAL_Driver/Src/stm32f3xx_hal_cortex.o
 .text.__NVIC_EnableIRQ
                0x0800093c       0x3c ./Drivers/STM32F3xx_HAL_Driver/Src/stm32f3xx_hal_cortex.o
 .text.__NVIC_SetPriority
                0x08000978       0x54 ./Drivers/STM32F3xx_HAL_Driver/Src/stm32f3xx_hal_cortex.o
 .text.NVIC_EncodePriority
                0x080009cc       0x66 ./Drivers/STM32F3xx_HAL_Driver/Src/stm32f3xx_hal_cortex.o
 *fill*         0x08000a32        0x2 
 .text.SysTick_Config
                0x08000a34       0x44 ./Drivers/STM32F3xx_HAL_Driver/Src/stm32f3xx_hal_cortex.o
 .text.HAL_NVIC_SetPriorityGrouping
                0x08000a78       0x16 ./Drivers/STM32F3xx_HAL_Driver/Src/stm32f3xx_hal_cortex.o
                0x08000a78                HAL_NVIC_SetPriorityGrouping
 .text.HAL_NVIC_SetPriority
                0x08000a8e       0x38 ./Drivers/STM32F3xx_HAL_Driver/Src/stm32f3xx_hal_cortex.o
                0x08000a8e                HAL_NVIC_SetPriority
 .text.HAL_NVIC_EnableIRQ
                0x08000ac6       0x1c ./Drivers/STM32F3xx_HAL_Driver/Src/stm32f3xx_hal_cortex.o
                0x08000ac6                HAL_NVIC_EnableIRQ
 .text.HAL_SYSTICK_Config
                0x08000ae2       0x18 ./Drivers/STM32F3xx_HAL_Driver/Src/stm32f3xx_hal_cortex.o
                0x08000ae2                HAL_SYSTICK_Config
 .text.HAL_DMA_Abort
                0x08000afa       0x72 ./Drivers/STM32F3xx_HAL_Driver/Src/stm32f3xx_hal_dma.o
                0x08000afa                HAL_DMA_Abort
 .text.HAL_DMA_Abort_IT
                0x08000b6c       0x7c ./Drivers/STM32F3xx_HAL_Driver/Src/stm32f3xx_hal_dma.o
                0x08000b6c                HAL_DMA_Abort_IT
 .text.HAL_GPIO_Init
                0x08000be8      0x2f4 ./Drivers/STM32F3xx_HAL_Driver/Src/stm32f3xx_hal_gpio.o
                0x08000be8                HAL_GPIO_Init
 .text.HAL_GPIO_DeInit
                0x08000edc      0x1b8 ./Drivers/STM32F3xx_HAL_Driver/Src/stm32f3xx_hal_gpio.o
                0x08000edc                HAL_GPIO_DeInit
 .text.HAL_GPIO_WritePin
                0x08001094       0x30 ./Drivers/STM32F3xx_HAL_Driver/Src/stm32f3xx_hal_gpio.o
                0x08001094                HAL_GPIO_WritePin
 .text.HAL_RCC_OscConfig
                0x080010c4     0x107c ./Drivers/STM32F3xx_HAL_Driver/Src/stm32f3xx_hal_rcc.o
                0x080010c4                HAL_RCC_OscConfig
 .text.HAL_RCC_ClockConfig
                0x08002140      0x2f8 ./Drivers/STM32F3xx_HAL_Driver/Src/stm32f3xx_hal_rcc.o
                0x08002140                HAL_RCC_ClockConfig
 .text.HAL_RCC_GetSysClockFreq
                0x08002438       0xd4 ./Drivers/STM32F3xx_HAL_Driver/Src/stm32f3xx_hal_rcc.o
                0x08002438                HAL_RCC_GetSysClockFreq
 .text.HAL_RCC_GetHCLKFreq
                0x0800250c       0x18 ./Drivers/STM32F3xx_HAL_Driver/Src/stm32f3xx_hal_rcc.o
                0x0800250c                HAL_RCC_GetHCLKFreq
 .text.HAL_RCC_GetPCLK1Freq
                0x08002524       0x44 ./Drivers/STM32F3xx_HAL_Driver/Src/stm32f3xx_hal_rcc.o
                0x08002524                HAL_RCC_GetPCLK1Freq
 .text.HAL_RCC_GetPCLK2Freq
                0x08002568       0x44 ./Drivers/STM32F3xx_HAL_Driver/Src/stm32f3xx_hal_rcc.o
                0x08002568                HAL_RCC_GetPCLK2Freq
 .text.HAL_RCCEx_PeriphCLKConfig
                0x080025ac      0x324 ./Drivers/STM32F3xx_HAL_Driver/Src/stm32f3xx_hal_rcc_ex.o
                0x080025ac                HAL_RCCEx_PeriphCLKConfig
 .text.HAL_SPI_Init
                0x080028d0      0x156 ./Drivers/STM32F3xx_HAL_Driver/Src/stm32f3xx_hal_spi.o
                0x080028d0                HAL_SPI_Init
 .text.HAL_SPI_DeInit
                0x08002a26       0x50 ./Drivers/STM32F3xx_HAL_Driver/Src/stm32f3xx_hal_spi.o
                0x08002a26                HAL_SPI_DeInit
 .text.HAL_SPI_Transmit
                0x08002a76      0x2ea ./Drivers/STM32F3xx_HAL_Driver/Src/stm32f3xx_hal_spi.o
                0x08002a76                HAL_SPI_Transmit
 .text.HAL_SPI_Receive
                0x08002d60      0x26e ./Drivers/STM32F3xx_HAL_Driver/Src/stm32f3xx_hal_spi.o
                0x08002d60                HAL_SPI_Receive
 .text.HAL_SPI_TransmitReceive
                0x08002fce      0x444 ./Drivers/STM32F3xx_HAL_Driver/Src/stm32f3xx_hal_spi.o
                0x08002fce                HAL_SPI_TransmitReceive
 *fill*         0x08003412        0x2 
 .text.SPI_WaitFlagStateUntilTimeout
                0x08003414      0x110 ./Drivers/STM32F3xx_HAL_Driver/Src/stm32f3xx_hal_spi.o
 .text.SPI_WaitFifoStateUntilTimeout
                0x08003524      0x12c ./Drivers/STM32F3xx_HAL_Driver/Src/stm32f3xx_hal_spi.o
 .text.SPI_EndRxTransaction
                0x08003650       0xb0 ./Drivers/STM32F3xx_HAL_Driver/Src/stm32f3xx_hal_spi.o
 .text.SPI_EndRxTxTransaction
                0x08003700       0x8c ./Drivers/STM32F3xx_HAL_Driver/Src/stm32f3xx_hal_spi.o
 .text.HAL_UART_Init
                0x0800378c       0x9c ./Drivers/STM32F3xx_HAL_Driver/Src/stm32f3xx_hal_uart.o
                0x0800378c                HAL_UART_Init
 .text.HAL_UART_Transmit
                0x08003828      0x112 ./Drivers/STM32F3xx_HAL_Driver/Src/stm32f3xx_hal_uart.o
                0x08003828                HAL_UART_Transmit
 *fill*         0x0800393a        0x2 
 .text.HAL_UART_IRQHandler
                0x0800393c      0x5cc ./Drivers/STM32F3xx_HAL_Driver/Src/stm32f3xx_hal_uart.o
                0x0800393c                HAL_UART_IRQHandler
 .text.HAL_UART_TxCpltCallback
                0x08003f08       0x14 ./Drivers/STM32F3xx_HAL_Driver/Src/stm32f3xx_hal_uart.o
                0x08003f08                HAL_UART_TxCpltCallback
 .text.HAL_UART_RxCpltCallback
                0x08003f1c       0x14 ./Drivers/STM32F3xx_HAL_Driver/Src/stm32f3xx_hal_uart.o
                0x08003f1c                HAL_UART_RxCpltCallback
 .text.HAL_UART_ErrorCallback
                0x08003f30       0x14 ./Drivers/STM32F3xx_HAL_Driver/Src/stm32f3xx_hal_uart.o
                0x08003f30                HAL_UART_ErrorCallback
 .text.UART_SetConfig
                0x08003f44      0x3a8 ./Drivers/STM32F3xx_HAL_Driver/Src/stm32f3xx_hal_uart.o
                0x08003f44                UART_SetConfig
 .text.UART_AdvFeatureConfig
                0x080042ec      0x144 ./Drivers/STM32F3xx_HAL_Driver/Src/stm32f3xx_hal_uart.o
                0x080042ec                UART_AdvFeatureConfig
 .text.UART_CheckIdleState
                0x08004430      0x150 ./Drivers/STM32F3xx_HAL_Driver/Src/stm32f3xx_hal_uart.o
                0x08004430                UART_CheckIdleState
 .text.UART_WaitOnFlagUntilTimeout
                0x08004580       0xce ./Drivers/STM32F3xx_HAL_Driver/Src/stm32f3xx_hal_uart.o
                0x08004580                UART_WaitOnFlagUntilTimeout
 *fill*         0x0800464e        0x2 
 .text.UART_Start_Receive_IT
                0x08004650      0x168 ./Drivers/STM32F3xx_HAL_Driver/Src/stm32f3xx_hal_uart.o
                0x08004650                UART_Start_Receive_IT
 .text.UART_EndRxTransfer
                0x080047b8       0xc8 ./Drivers/STM32F3xx_HAL_Driver/Src/stm32f3xx_hal_uart.o
 .text.UART_DMAAbortOnError
                0x08004880       0x2c ./Drivers/STM32F3xx_HAL_Driver/Src/stm32f3xx_hal_uart.o
 .text.UART_EndTransmit_IT
                0x080048ac       0x54 ./Drivers/STM32F3xx_HAL_Driver/Src/stm32f3xx_hal_uart.o
 .text.UART_RxISR_8BIT
                0x08004900      0x1a8 ./Drivers/STM32F3xx_HAL_Driver/Src/stm32f3xx_hal_uart.o
 .text.UART_RxISR_16BIT
                0x08004aa8      0x1a8 ./Drivers/STM32F3xx_HAL_Driver/Src/stm32f3xx_hal_uart.o
 .text.HAL_UARTEx_WakeupCallback
                0x08004c50       0x14 ./Drivers/STM32F3xx_HAL_Driver/Src/stm32f3xx_hal_uart_ex.o
                0x08004c50                HAL_UARTEx_WakeupCallback
 .text.HAL_UARTEx_ReceiveToIdle_IT
                0x08004c64       0xa8 ./Drivers/STM32F3xx_HAL_Driver/Src/stm32f3xx_hal_uart_ex.o
                0x08004c64                HAL_UARTEx_ReceiveToIdle_IT
 .text.clearBuffer
                0x08004d0c       0x38 ./ext_flash_w25q64/ext_flash_w25q64.o
                0x08004d0c                clearBuffer
 .text.softDelay
                0x08004d44       0x24 ./ext_flash_w25q64/ext_flash_w25q64.o
                0x08004d44                softDelay
 .text.flashDataCopy
                0x08004d68       0x40 ./ext_flash_w25q64/ext_flash_w25q64.o
                0x08004d68                flashDataCopy
 .text.extFlashHardReset
                0x08004da8       0x74 ./ext_flash_w25q64/ext_flash_w25q64.o
                0x08004da8                extFlashHardReset
 .text.extFlashGetStatusReg1
                0x08004e1c       0x60 ./ext_flash_w25q64/ext_flash_w25q64.o
                0x08004e1c                extFlashGetStatusReg1
 .text.extFlashSendCommand
                0x08004e7c       0x48 ./ext_flash_w25q64/ext_flash_w25q64.o
                0x08004e7c                extFlashSendCommand
 .text.extFlashPageWrite
                0x08004ec4       0xb4 ./ext_flash_w25q64/ext_flash_w25q64.o
                0x08004ec4                extFlashPageWrite
 .text.extFlashErase
                0x08004f78       0xa0 ./ext_flash_w25q64/ext_flash_w25q64.o
                0x08004f78                extFlashErase
 .text.extFlashEraseFotaSector
                0x08005018       0x26 ./ext_flash_w25q64/ext_flash_w25q64.o
                0x08005018                extFlashEraseFotaSector
 *fill*         0x0800503e        0x2 
 .text.extFlashWriteHeader
                0x08005040       0x48 ./ext_flash_w25q64/ext_flash_w25q64.o
                0x08005040                extFlashWriteHeader
 .text.resetFotaFlag
                0x08005088       0x38 ./ext_flash_w25q64/ext_flash_w25q64.o
                0x08005088                resetFotaFlag
 .text.__NVIC_SystemReset
                0x080050c0       0x2c ./packet_handler/packetHandler.o
 .text.processPacketTest
                0x080050ec       0x7c ./packet_handler/packetHandler.o
                0x080050ec                processPacketTest
 .text.savePacketToExtFlash
                0x08005168       0x48 ./packet_handler/packetHandler.o
                0x08005168                savePacketToExtFlash
 .text.memset   0x080051b0       0x10 C:/ST/STM32CubeIDE_1.10.1/STM32CubeIDE/plugins/com.st.stm32cube.ide.mcu.externaltools.gnu-tools-for-stm32.12.3.rel1.win32_1.0.100.202403111256/tools/bin/../lib/gcc/arm-none-eabi/12.3.1/../../../../arm-none-eabi/lib/thumb/v7e-m+fp/hard\libc_nano.a(libc_a-memset.o)
                0x080051b0                memset
 .text.__libc_init_array
                0x080051c0       0x48 C:/ST/STM32CubeIDE_1.10.1/STM32CubeIDE/plugins/com.st.stm32cube.ide.mcu.externaltools.gnu-tools-for-stm32.12.3.rel1.win32_1.0.100.202403111256/tools/bin/../lib/gcc/arm-none-eabi/12.3.1/../../../../arm-none-eabi/lib/thumb/v7e-m+fp/hard\libc_nano.a(libc_a-init.o)
                0x080051c0                __libc_init_array
 *(.glue_7)
 .glue_7        0x08005208        0x0 linker stubs
 *(.glue_7t)
 .glue_7t       0x08005208        0x0 linker stubs
 *(.eh_frame)
 .eh_frame      0x08005208        0x0 C:/ST/STM32CubeIDE_1.10.1/STM32CubeIDE/plugins/com.st.stm32cube.ide.mcu.externaltools.gnu-tools-for-stm32.12.3.rel1.win32_1.0.100.202403111256/tools/bin/../lib/gcc/arm-none-eabi/12.3.1/thumb/v7e-m+fp/hard/crtbegin.o
 *(.init)
 .init          0x08005208        0x4 C:/ST/STM32CubeIDE_1.10.1/STM32CubeIDE/plugins/com.st.stm32cube.ide.mcu.externaltools.gnu-tools-for-stm32.12.3.rel1.win32_1.0.100.202403111256/tools/bin/../lib/gcc/arm-none-eabi/12.3.1/thumb/v7e-m+fp/hard/crti.o
                0x08005208                _init
 .init          0x0800520c        0x8 C:/ST/STM32CubeIDE_1.10.1/STM32CubeIDE/plugins/com.st.stm32cube.ide.mcu.externaltools.gnu-tools-for-stm32.12.3.rel1.win32_1.0.100.202403111256/tools/bin/../lib/gcc/arm-none-eabi/12.3.1/thumb/v7e-m+fp/hard/crtn.o
 *(.fini)
 .fini          0x08005214        0x4 C:/ST/STM32CubeIDE_1.10.1/STM32CubeIDE/plugins/com.st.stm32cube.ide.mcu.externaltools.gnu-tools-for-stm32.12.3.rel1.win32_1.0.100.202403111256/tools/bin/../lib/gcc/arm-none-eabi/12.3.1/thumb/v7e-m+fp/hard/crti.o
                0x08005214                _fini
 .fini          0x08005218        0x8 C:/ST/STM32CubeIDE_1.10.1/STM32CubeIDE/plugins/com.st.stm32cube.ide.mcu.externaltools.gnu-tools-for-stm32.12.3.rel1.win32_1.0.100.202403111256/tools/bin/../lib/gcc/arm-none-eabi/12.3.1/thumb/v7e-m+fp/hard/crtn.o
                0x08005220                        . = ALIGN (0x4)
                0x08005220                        _etext = .

.vfp11_veneer   0x08005220        0x0
 .vfp11_veneer  0x08005220        0x0 linker stubs

.v4_bx          0x08005220        0x0
 .v4_bx         0x08005220        0x0 linker stubs

.iplt           0x08005220        0x0
 .iplt          0x08005220        0x0 C:/ST/STM32CubeIDE_1.10.1/STM32CubeIDE/plugins/com.st.stm32cube.ide.mcu.externaltools.gnu-tools-for-stm32.12.3.rel1.win32_1.0.100.202403111256/tools/bin/../lib/gcc/arm-none-eabi/12.3.1/thumb/v7e-m+fp/hard/crtbegin.o

.rodata         0x08005220       0x3c
                0x08005220                        . = ALIGN (0x4)
 *(.rodata)
 .rodata        0x08005220        0x3 ./ext_flash_w25q64/ext_flash_w25q64.o
 *(.rodata*)
 *fill*         0x08005223        0x1 
 .rodata.AHBPrescTable
                0x08005224       0x10 ./Core/Src/system_stm32f3xx.o
                0x08005224                AHBPrescTable
 .rodata.APBPrescTable
                0x08005234        0x8 ./Core/Src/system_stm32f3xx.o
                0x08005234                APBPrescTable
 .rodata.aPLLMULFactorTable
                0x0800523c       0x10 ./Drivers/STM32F3xx_HAL_Driver/Src/stm32f3xx_hal_rcc.o
 .rodata.aPredivFactorTable
                0x0800524c       0x10 ./Drivers/STM32F3xx_HAL_Driver/Src/stm32f3xx_hal_rcc.o
                0x0800525c                        . = ALIGN (0x4)

.ARM.extab      0x0800525c        0x0
                0x0800525c                        . = ALIGN (0x4)
 *(.ARM.extab* .gnu.linkonce.armextab.*)
                0x0800525c                        . = ALIGN (0x4)

.ARM            0x0800525c        0x0
                0x0800525c                        . = ALIGN (0x4)
                0x0800525c                        __exidx_start = .
 *(.ARM.exidx*)
                0x0800525c                        __exidx_end = .
                0x0800525c                        . = ALIGN (0x4)

.preinit_array  0x0800525c        0x0
                0x0800525c                        . = ALIGN (0x4)
                0x0800525c                        PROVIDE (__preinit_array_start = .)
 *(.preinit_array*)
                0x0800525c                        PROVIDE (__preinit_array_end = .)
                0x0800525c                        . = ALIGN (0x4)

.init_array     0x0800525c        0x4
                0x0800525c                        . = ALIGN (0x4)
                0x0800525c                        PROVIDE (__init_array_start = .)
 *(SORT_BY_NAME(.init_array.*))
 *(.init_array*)
 .init_array    0x0800525c        0x4 C:/ST/STM32CubeIDE_1.10.1/STM32CubeIDE/plugins/com.st.stm32cube.ide.mcu.externaltools.gnu-tools-for-stm32.12.3.rel1.win32_1.0.100.202403111256/tools/bin/../lib/gcc/arm-none-eabi/12.3.1/thumb/v7e-m+fp/hard/crtbegin.o
                0x08005260                        PROVIDE (__init_array_end = .)
                0x08005260                        . = ALIGN (0x4)

.fini_array     0x08005260        0x4
                0x08005260                        . = ALIGN (0x4)
                [!provide]                        PROVIDE (__fini_array_start = .)
 *(SORT_BY_NAME(.fini_array.*))
 *(.fini_array*)
 .fini_array    0x08005260        0x4 C:/ST/STM32CubeIDE_1.10.1/STM32CubeIDE/plugins/com.st.stm32cube.ide.mcu.externaltools.gnu-tools-for-stm32.12.3.rel1.win32_1.0.100.202403111256/tools/bin/../lib/gcc/arm-none-eabi/12.3.1/thumb/v7e-m+fp/hard/crtbegin.o
                [!provide]                        PROVIDE (__fini_array_end = .)
                0x08005264                        . = ALIGN (0x4)
                0x08005264                        _sidata = LOADADDR (.data)

.rel.dyn        0x08005264        0x0
 .rel.iplt      0x08005264        0x0 C:/ST/STM32CubeIDE_1.10.1/STM32CubeIDE/plugins/com.st.stm32cube.ide.mcu.externaltools.gnu-tools-for-stm32.12.3.rel1.win32_1.0.100.202403111256/tools/bin/../lib/gcc/arm-none-eabi/12.3.1/thumb/v7e-m+fp/hard/crtbegin.o

.data           0x20000000       0x1c load address 0x08005264
                0x20000000                        . = ALIGN (0x4)
                0x20000000                        _sdata = .
 *(.data)
 *(.data*)
 .data.SystemCoreClock
                0x20000000        0x4 ./Core/Src/system_stm32f3xx.o
                0x20000000                SystemCoreClock
 .data.uwTickPrio
                0x20000004        0x4 ./Drivers/STM32F3xx_HAL_Driver/Src/stm32f3xx_hal.o
                0x20000004                uwTickPrio
 .data.uwTickFreq
                0x20000008        0x1 ./Drivers/STM32F3xx_HAL_Driver/Src/stm32f3xx_hal.o
                0x20000008                uwTickFreq
 *fill*         0x20000009        0x3 
 .data.msg      0x2000000c        0xf ./packet_handler/packetHandler.o
                0x2000000c                msg
 *(.RamFunc)
 *(.RamFunc*)
                0x2000001c                        . = ALIGN (0x4)
 *fill*         0x2000001b        0x1 
                0x2000001c                        _edata = .

.igot.plt       0x2000001c        0x0 load address 0x08005280
 .igot.plt      0x2000001c        0x0 C:/ST/STM32CubeIDE_1.10.1/STM32CubeIDE/plugins/com.st.stm32cube.ide.mcu.externaltools.gnu-tools-for-stm32.12.3.rel1.win32_1.0.100.202403111256/tools/bin/../lib/gcc/arm-none-eabi/12.3.1/thumb/v7e-m+fp/hard/crtbegin.o
                0x2000001c                        . = ALIGN (0x4)

.bss            0x2000001c      0x328 load address 0x08005280
                0x2000001c                        _sbss = .
                0x2000001c                        __bss_start__ = _sbss
 *(.bss)
 .bss           0x2000001c       0x1c C:/ST/STM32CubeIDE_1.10.1/STM32CubeIDE/plugins/com.st.stm32cube.ide.mcu.externaltools.gnu-tools-for-stm32.12.3.rel1.win32_1.0.100.202403111256/tools/bin/../lib/gcc/arm-none-eabi/12.3.1/thumb/v7e-m+fp/hard/crtbegin.o
 *(.bss*)
 .bss.receivedPacketSize
                0x20000038        0x2 ./Core/Src/main.o
                0x20000038                receivedPacketSize
 *fill*         0x2000003a        0x2 
 .bss.uartRxData
                0x2000003c      0x10e ./Core/Src/main.o
                0x2000003c                uartRxData
 .bss.packetReceived
                0x2000014a        0x1 ./Core/Src/main.o
                0x2000014a                packetReceived
 *fill*         0x2000014b        0x1 
 .bss.hspi3     0x2000014c       0x64 ./Core/Src/spi.o
                0x2000014c                hspi3
 .bss.huart2    0x200001b0       0x88 ./Core/Src/usart.o
                0x200001b0                huart2
 .bss.uwTick    0x20000238        0x4 ./Drivers/STM32F3xx_HAL_Driver/Src/stm32f3xx_hal.o
                0x20000238                uwTick
 .bss.flashInstruction
                0x2000023c      0x104 ./ext_flash_w25q64/ext_flash_w25q64.o
                0x2000023c                flashInstruction
 .bss.extFlashAddress.0
                0x20000340        0x4 ./packet_handler/packetHandler.o
 *(COMMON)
                0x20000344                        . = ALIGN (0x4)
                0x20000344                        _ebss = .
                0x20000344                        __bss_end__ = _ebss

._user_heap_stack
                0x20000344      0x604 load address 0x08005280
                0x20000348                        . = ALIGN (0x8)
 *fill*         0x20000344        0x4 
                [!provide]                        PROVIDE (end = .)
                0x20000348                        PROVIDE (_end = .)
                0x20000548                        . = (. + _Min_Heap_Size)
 *fill*         0x20000348      0x200 
                0x20000948                        . = (. + _Min_Stack_Size)
 *fill*         0x20000548      0x400 
                0x20000948                        . = ALIGN (0x8)

/DISCARD/
 libc.a(*)
 libm.a(*)
 libgcc.a(*)

.ARM.attributes
                0x00000000       0x30
 *(.ARM.attributes)
 .ARM.attributes
                0x00000000       0x22 C:/ST/STM32CubeIDE_1.10.1/STM32CubeIDE/plugins/com.st.stm32cube.ide.mcu.externaltools.gnu-tools-for-stm32.12.3.rel1.win32_1.0.100.202403111256/tools/bin/../lib/gcc/arm-none-eabi/12.3.1/thumb/v7e-m+fp/hard/crti.o
 .ARM.attributes
                0x00000022       0x34 C:/ST/STM32CubeIDE_1.10.1/STM32CubeIDE/plugins/com.st.stm32cube.ide.mcu.externaltools.gnu-tools-for-stm32.12.3.rel1.win32_1.0.100.202403111256/tools/bin/../lib/gcc/arm-none-eabi/12.3.1/thumb/v7e-m+fp/hard/crtbegin.o
 .ARM.attributes
                0x00000056       0x34 ./Core/Src/gpio.o
 .ARM.attributes
                0x0000008a       0x34 ./Core/Src/main.o
 .ARM.attributes
                0x000000be       0x34 ./Core/Src/spi.o
 .ARM.attributes
                0x000000f2       0x34 ./Core/Src/stm32f3xx_hal_msp.o
 .ARM.attributes
                0x00000126       0x34 ./Core/Src/stm32f3xx_it.o
 .ARM.attributes
                0x0000015a       0x34 ./Core/Src/system_stm32f3xx.o
 .ARM.attributes
                0x0000018e       0x34 ./Core/Src/usart.o
 .ARM.attributes
                0x000001c2       0x21 ./Core/Startup/startup_stm32f302rbtx.o
 .ARM.attributes
                0x000001e3       0x34 ./Drivers/STM32F3xx_HAL_Driver/Src/stm32f3xx_hal.o
 .ARM.attributes
                0x00000217       0x34 ./Drivers/STM32F3xx_HAL_Driver/Src/stm32f3xx_hal_cortex.o
 .ARM.attributes
                0x0000024b       0x34 ./Drivers/STM32F3xx_HAL_Driver/Src/stm32f3xx_hal_dma.o
 .ARM.attributes
                0x0000027f       0x34 ./Drivers/STM32F3xx_HAL_Driver/Src/stm32f3xx_hal_gpio.o
 .ARM.attributes
                0x000002b3       0x34 ./Drivers/STM32F3xx_HAL_Driver/Src/stm32f3xx_hal_rcc.o
 .ARM.attributes
                0x000002e7       0x34 ./Drivers/STM32F3xx_HAL_Driver/Src/stm32f3xx_hal_rcc_ex.o
 .ARM.attributes
                0x0000031b       0x34 ./Drivers/STM32F3xx_HAL_Driver/Src/stm32f3xx_hal_spi.o
 .ARM.attributes
                0x0000034f       0x34 ./Drivers/STM32F3xx_HAL_Driver/Src/stm32f3xx_hal_uart.o
 .ARM.attributes
                0x00000383       0x34 ./Drivers/STM32F3xx_HAL_Driver/Src/stm32f3xx_hal_uart_ex.o
 .ARM.attributes
                0x000003b7       0x34 ./ext_flash_w25q64/ext_flash_w25q64.o
 .ARM.attributes
                0x000003eb       0x34 ./packet_handler/packetHandler.o
 .ARM.attributes
                0x0000041f       0x34 C:/ST/STM32CubeIDE_1.10.1/STM32CubeIDE/plugins/com.st.stm32cube.ide.mcu.externaltools.gnu-tools-for-stm32.12.3.rel1.win32_1.0.100.202403111256/tools/bin/../lib/gcc/arm-none-eabi/12.3.1/../../../../arm-none-eabi/lib/thumb/v7e-m+fp/hard\libc_nano.a(libc_a-memset.o)
 .ARM.attributes
                0x00000453       0x34 C:/ST/STM32CubeIDE_1.10.1/STM32CubeIDE/plugins/com.st.stm32cube.ide.mcu.externaltools.gnu-tools-for-stm32.12.3.rel1.win32_1.0.100.202403111256/tools/bin/../lib/gcc/arm-none-eabi/12.3.1/../../../../arm-none-eabi/lib/thumb/v7e-m+fp/hard\libc_nano.a(libc_a-init.o)
 .ARM.attributes
                0x00000487       0x22 C:/ST/STM32CubeIDE_1.10.1/STM32CubeIDE/plugins/com.st.stm32cube.ide.mcu.externaltools.gnu-tools-for-stm32.12.3.rel1.win32_1.0.100.202403111256/tools/bin/../lib/gcc/arm-none-eabi/12.3.1/thumb/v7e-m+fp/hard/crtn.o
OUTPUT(UserApp_v3.elf elf32-littlearm)
LOAD linker stubs
LOAD C:/ST/STM32CubeIDE_1.10.1/STM32CubeIDE/plugins/com.st.stm32cube.ide.mcu.externaltools.gnu-tools-for-stm32.12.3.rel1.win32_1.0.100.202403111256/tools/bin/../lib/gcc/arm-none-eabi/12.3.1/../../../../arm-none-eabi/lib/thumb/v7e-m+fp/hard\libc.a
LOAD C:/ST/STM32CubeIDE_1.10.1/STM32CubeIDE/plugins/com.st.stm32cube.ide.mcu.externaltools.gnu-tools-for-stm32.12.3.rel1.win32_1.0.100.202403111256/tools/bin/../lib/gcc/arm-none-eabi/12.3.1/../../../../arm-none-eabi/lib/thumb/v7e-m+fp/hard\libm.a
LOAD C:/ST/STM32CubeIDE_1.10.1/STM32CubeIDE/plugins/com.st.stm32cube.ide.mcu.externaltools.gnu-tools-for-stm32.12.3.rel1.win32_1.0.100.202403111256/tools/bin/../lib/gcc/arm-none-eabi/12.3.1/thumb/v7e-m+fp/hard\libgcc.a

.debug_info     0x00000000     0xdbea
 .debug_info    0x00000000      0x33d ./Core/Src/gpio.o
 .debug_info    0x0000033d      0xbdf ./Core/Src/main.o
 .debug_info    0x00000f1c      0x851 ./Core/Src/spi.o
 .debug_info    0x0000176d      0x18d ./Core/Src/stm32f3xx_hal_msp.o
 .debug_info    0x000018fa      0x6ee ./Core/Src/stm32f3xx_it.o
 .debug_info    0x00001fe8      0x407 ./Core/Src/system_stm32f3xx.o
 .debug_info    0x000023ef      0xb12 ./Core/Src/usart.o
 .debug_info    0x00002f01       0x30 ./Core/Startup/startup_stm32f302rbtx.o
 .debug_info    0x00002f31      0x7a4 ./Drivers/STM32F3xx_HAL_Driver/Src/stm32f3xx_hal.o
 .debug_info    0x000036d5      0xc7f ./Drivers/STM32F3xx_HAL_Driver/Src/stm32f3xx_hal_cortex.o
 .debug_info    0x00004354      0x6e1 ./Drivers/STM32F3xx_HAL_Driver/Src/stm32f3xx_hal_dma.o
 .debug_info    0x00004a35      0x5fe ./Drivers/STM32F3xx_HAL_Driver/Src/stm32f3xx_hal_gpio.o
 .debug_info    0x00005033     0x14f1 ./Drivers/STM32F3xx_HAL_Driver/Src/stm32f3xx_hal_rcc.o
 .debug_info    0x00006524      0x5bf ./Drivers/STM32F3xx_HAL_Driver/Src/stm32f3xx_hal_rcc_ex.o
 .debug_info    0x00006ae3     0x1622 ./Drivers/STM32F3xx_HAL_Driver/Src/stm32f3xx_hal_spi.o
 .debug_info    0x00008105     0x39a8 ./Drivers/STM32F3xx_HAL_Driver/Src/stm32f3xx_hal_uart.o
 .debug_info    0x0000baad      0xc92 ./Drivers/STM32F3xx_HAL_Driver/Src/stm32f3xx_hal_uart_ex.o
 .debug_info    0x0000c73f      0xa5d ./ext_flash_w25q64/ext_flash_w25q64.o
 .debug_info    0x0000d19c      0xa4e ./packet_handler/packetHandler.o

.debug_abbrev   0x00000000     0x2603
 .debug_abbrev  0x00000000      0x151 ./Core/Src/gpio.o
 .debug_abbrev  0x00000151      0x25c ./Core/Src/main.o
 .debug_abbrev  0x000003ad      0x1f1 ./Core/Src/spi.o
 .debug_abbrev  0x0000059e       0xc6 ./Core/Src/stm32f3xx_hal_msp.o
 .debug_abbrev  0x00000664      0x173 ./Core/Src/stm32f3xx_it.o
 .debug_abbrev  0x000007d7      0x11a ./Core/Src/system_stm32f3xx.o
 .debug_abbrev  0x000008f1      0x1fb ./Core/Src/usart.o
 .debug_abbrev  0x00000aec       0x24 ./Core/Startup/startup_stm32f302rbtx.o
 .debug_abbrev  0x00000b10      0x215 ./Drivers/STM32F3xx_HAL_Driver/Src/stm32f3xx_hal.o
 .debug_abbrev  0x00000d25      0x329 ./Drivers/STM32F3xx_HAL_Driver/Src/stm32f3xx_hal_cortex.o
 .debug_abbrev  0x0000104e      0x20d ./Drivers/STM32F3xx_HAL_Driver/Src/stm32f3xx_hal_dma.o
 .debug_abbrev  0x0000125b      0x1ca ./Drivers/STM32F3xx_HAL_Driver/Src/stm32f3xx_hal_gpio.o
 .debug_abbrev  0x00001425      0x300 ./Drivers/STM32F3xx_HAL_Driver/Src/stm32f3xx_hal_rcc.o
 .debug_abbrev  0x00001725      0x232 ./Drivers/STM32F3xx_HAL_Driver/Src/stm32f3xx_hal_rcc_ex.o
 .debug_abbrev  0x00001957      0x269 ./Drivers/STM32F3xx_HAL_Driver/Src/stm32f3xx_hal_spi.o
 .debug_abbrev  0x00001bc0      0x2d1 ./Drivers/STM32F3xx_HAL_Driver/Src/stm32f3xx_hal_uart.o
 .debug_abbrev  0x00001e91      0x2bf ./Drivers/STM32F3xx_HAL_Driver/Src/stm32f3xx_hal_uart_ex.o
 .debug_abbrev  0x00002150      0x259 ./ext_flash_w25q64/ext_flash_w25q64.o
 .debug_abbrev  0x000023a9      0x25a ./packet_handler/packetHandler.o

.debug_aranges  0x00000000      0xa60
 .debug_aranges
                0x00000000       0x20 ./Core/Src/gpio.o
 .debug_aranges
                0x00000020       0x38 ./Core/Src/main.o
 .debug_aranges
                0x00000058       0x30 ./Core/Src/spi.o
 .debug_aranges
                0x00000088       0x20 ./Core/Src/stm32f3xx_hal_msp.o
 .debug_aranges
                0x000000a8       0x68 ./Core/Src/stm32f3xx_it.o
 .debug_aranges
                0x00000110       0x28 ./Core/Src/system_stm32f3xx.o
 .debug_aranges
                0x00000138       0x30 ./Core/Src/usart.o
 .debug_aranges
                0x00000168       0x28 ./Core/Startup/startup_stm32f302rbtx.o
 .debug_aranges
                0x00000190       0xe0 ./Drivers/STM32F3xx_HAL_Driver/Src/stm32f3xx_hal.o
 .debug_aranges
                0x00000270      0x118 ./Drivers/STM32F3xx_HAL_Driver/Src/stm32f3xx_hal_cortex.o
 .debug_aranges
                0x00000388       0x88 ./Drivers/STM32F3xx_HAL_Driver/Src/stm32f3xx_hal_dma.o
 .debug_aranges
                0x00000410       0x58 ./Drivers/STM32F3xx_HAL_Driver/Src/stm32f3xx_hal_gpio.o
 .debug_aranges
                0x00000468       0x88 ./Drivers/STM32F3xx_HAL_Driver/Src/stm32f3xx_hal_rcc.o
 .debug_aranges
                0x000004f0       0x38 ./Drivers/STM32F3xx_HAL_Driver/Src/stm32f3xx_hal_rcc_ex.o
 .debug_aranges
                0x00000528      0x1d8 ./Drivers/STM32F3xx_HAL_Driver/Src/stm32f3xx_hal_spi.o
 .debug_aranges
                0x00000700      0x228 ./Drivers/STM32F3xx_HAL_Driver/Src/stm32f3xx_hal_uart.o
 .debug_aranges
                0x00000928       0x70 ./Drivers/STM32F3xx_HAL_Driver/Src/stm32f3xx_hal_uart_ex.o
 .debug_aranges
                0x00000998       0x90 ./ext_flash_w25q64/ext_flash_w25q64.o
 .debug_aranges
                0x00000a28       0x38 ./packet_handler/packetHandler.o

.debug_rnglists
                0x00000000      0x7e6
 .debug_rnglists
                0x00000000       0x14 ./Core/Src/gpio.o
 .debug_rnglists
                0x00000014       0x27 ./Core/Src/main.o
 .debug_rnglists
                0x0000003b       0x20 ./Core/Src/spi.o
 .debug_rnglists
                0x0000005b       0x13 ./Core/Src/stm32f3xx_hal_msp.o
 .debug_rnglists
                0x0000006e       0x49 ./Core/Src/stm32f3xx_it.o
 .debug_rnglists
                0x000000b7       0x1a ./Core/Src/system_stm32f3xx.o
 .debug_rnglists
                0x000000d1       0x20 ./Core/Src/usart.o
 .debug_rnglists
                0x000000f1       0x19 ./Core/Startup/startup_stm32f302rbtx.o
 .debug_rnglists
                0x0000010a       0xa3 ./Drivers/STM32F3xx_HAL_Driver/Src/stm32f3xx_hal.o
 .debug_rnglists
                0x000001ad       0xce ./Drivers/STM32F3xx_HAL_Driver/Src/stm32f3xx_hal_cortex.o
 .debug_rnglists
                0x0000027b       0x69 ./Drivers/STM32F3xx_HAL_Driver/Src/stm32f3xx_hal_dma.o
 .debug_rnglists
                0x000002e4       0x3f ./Drivers/STM32F3xx_HAL_Driver/Src/stm32f3xx_hal_gpio.o
 .debug_rnglists
                0x00000323       0x66 ./Drivers/STM32F3xx_HAL_Driver/Src/stm32f3xx_hal_rcc.o
 .debug_rnglists
                0x00000389       0x28 ./Drivers/STM32F3xx_HAL_Driver/Src/stm32f3xx_hal_rcc_ex.o
 .debug_rnglists
                0x000003b1      0x178 ./Drivers/STM32F3xx_HAL_Driver/Src/stm32f3xx_hal_spi.o
 .debug_rnglists
                0x00000529      0x1da ./Drivers/STM32F3xx_HAL_Driver/Src/stm32f3xx_hal_uart.o
 .debug_rnglists
                0x00000703       0x54 ./Drivers/STM32F3xx_HAL_Driver/Src/stm32f3xx_hal_uart_ex.o
 .debug_rnglists
                0x00000757       0x6a ./ext_flash_w25q64/ext_flash_w25q64.o
 .debug_rnglists
                0x000007c1       0x25 ./packet_handler/packetHandler.o

.debug_macro    0x00000000    0x1c0df
 .debug_macro   0x00000000      0x1f1 ./Core/Src/gpio.o
 .debug_macro   0x000001f1      0xab4 ./Core/Src/gpio.o
 .debug_macro   0x00000ca5      0x157 ./Core/Src/gpio.o
 .debug_macro   0x00000dfc       0x2e ./Core/Src/gpio.o
 .debug_macro   0x00000e2a       0x28 ./Core/Src/gpio.o
 .debug_macro   0x00000e52       0x22 ./Core/Src/gpio.o
 .debug_macro   0x00000e74       0x8e ./Core/Src/gpio.o
 .debug_macro   0x00000f02       0x51 ./Core/Src/gpio.o
 .debug_macro   0x00000f53      0x103 ./Core/Src/gpio.o
 .debug_macro   0x00001056       0x6a ./Core/Src/gpio.o
 .debug_macro   0x000010c0      0x1df ./Core/Src/gpio.o
 .debug_macro   0x0000129f       0x1c ./Core/Src/gpio.o
 .debug_macro   0x000012bb       0x22 ./Core/Src/gpio.o
 .debug_macro   0x000012dd       0xd9 ./Core/Src/gpio.o
 .debug_macro   0x000013b6     0x102d ./Core/Src/gpio.o
 .debug_macro   0x000023e3      0x11f ./Core/Src/gpio.o
 .debug_macro   0x00002502    0x11851 ./Core/Src/gpio.o
 .debug_macro   0x00013d53       0x6d ./Core/Src/gpio.o
 .debug_macro   0x00013dc0     0x3558 ./Core/Src/gpio.o
 .debug_macro   0x00017318      0x189 ./Core/Src/gpio.o
 .debug_macro   0x000174a1       0x55 ./Core/Src/gpio.o
 .debug_macro   0x000174f6      0x961 ./Core/Src/gpio.o
 .debug_macro   0x00017e57      0x4df ./Core/Src/gpio.o
 .debug_macro   0x00018336      0x1b5 ./Core/Src/gpio.o
 .debug_macro   0x000184eb      0x173 ./Core/Src/gpio.o
 .debug_macro   0x0001865e      0x1dc ./Core/Src/gpio.o
 .debug_macro   0x0001883a      0x1bc ./Core/Src/gpio.o
 .debug_macro   0x000189f6       0x30 ./Core/Src/gpio.o
 .debug_macro   0x00018a26       0x3c ./Core/Src/gpio.o
 .debug_macro   0x00018a62      0x235 ./Core/Src/gpio.o
 .debug_macro   0x00018c97       0xc5 ./Core/Src/gpio.o
 .debug_macro   0x00018d5c      0x21d ./Core/Src/gpio.o
 .debug_macro   0x00018f79      0x22c ./Core/Src/gpio.o
 .debug_macro   0x000191a5       0x5b ./Core/Src/gpio.o
 .debug_macro   0x00019200       0xa5 ./Core/Src/gpio.o
 .debug_macro   0x000192a5       0x81 ./Core/Src/gpio.o
 .debug_macro   0x00019326       0xd3 ./Core/Src/gpio.o
 .debug_macro   0x000193f9      0x2fe ./Core/Src/gpio.o
 .debug_macro   0x000196f7      0x5ba ./Core/Src/gpio.o
 .debug_macro   0x00019cb1       0x3e ./Core/Src/gpio.o
 .debug_macro   0x00019cef      0x213 ./Core/Src/gpio.o
 .debug_macro   0x00019f02       0x34 ./Core/Src/gpio.o
 .debug_macro   0x00019f36      0x224 ./Core/Src/main.o
 .debug_macro   0x0001a15a       0x8e ./Core/Src/main.o
 .debug_macro   0x0001a1e8       0x10 ./Core/Src/main.o
 .debug_macro   0x0001a1f8       0x52 ./Core/Src/main.o
 .debug_macro   0x0001a24a      0x1f1 ./Core/Src/spi.o
 .debug_macro   0x0001a43b      0x1e7 ./Core/Src/stm32f3xx_hal_msp.o
 .debug_macro   0x0001a622      0x1f1 ./Core/Src/stm32f3xx_it.o
 .debug_macro   0x0001a813      0x1d8 ./Core/Src/system_stm32f3xx.o
 .debug_macro   0x0001a9eb      0x1f1 ./Core/Src/usart.o
 .debug_macro   0x0001abdc      0x1fc ./Drivers/STM32F3xx_HAL_Driver/Src/stm32f3xx_hal.o
 .debug_macro   0x0001add8      0x1d8 ./Drivers/STM32F3xx_HAL_Driver/Src/stm32f3xx_hal_cortex.o
 .debug_macro   0x0001afb0      0x1d8 ./Drivers/STM32F3xx_HAL_Driver/Src/stm32f3xx_hal_dma.o
 .debug_macro   0x0001b188      0x1df ./Drivers/STM32F3xx_HAL_Driver/Src/stm32f3xx_hal_gpio.o
 .debug_macro   0x0001b367      0x1fc ./Drivers/STM32F3xx_HAL_Driver/Src/stm32f3xx_hal_rcc.o
 .debug_macro   0x0001b563      0x1d8 ./Drivers/STM32F3xx_HAL_Driver/Src/stm32f3xx_hal_rcc_ex.o
 .debug_macro   0x0001b73b      0x1e0 ./Drivers/STM32F3xx_HAL_Driver/Src/stm32f3xx_hal_spi.o
 .debug_macro   0x0001b91b      0x1f5 ./Drivers/STM32F3xx_HAL_Driver/Src/stm32f3xx_hal_uart.o
 .debug_macro   0x0001bb10      0x1d8 ./Drivers/STM32F3xx_HAL_Driver/Src/stm32f3xx_hal_uart_ex.o
 .debug_macro   0x0001bce8      0x1f0 ./ext_flash_w25q64/ext_flash_w25q64.o
 .debug_macro   0x0001bed8      0x207 ./packet_handler/packetHandler.o

.debug_line     0x00000000     0xfa30
 .debug_line    0x00000000      0x7a5 ./Core/Src/gpio.o
 .debug_line    0x000007a5      0x90e ./Core/Src/main.o
 .debug_line    0x000010b3      0x7f2 ./Core/Src/spi.o
 .debug_line    0x000018a5      0x779 ./Core/Src/stm32f3xx_hal_msp.o
 .debug_line    0x0000201e      0x854 ./Core/Src/stm32f3xx_it.o
 .debug_line    0x00002872      0x7f3 ./Core/Src/system_stm32f3xx.o
 .debug_line    0x00003065      0x7ec ./Core/Src/usart.o
 .debug_line    0x00003851       0x7a ./Core/Startup/startup_stm32f302rbtx.o
 .debug_line    0x000038cb      0xa2b ./Drivers/STM32F3xx_HAL_Driver/Src/stm32f3xx_hal.o
 .debug_line    0x000042f6      0xcee ./Drivers/STM32F3xx_HAL_Driver/Src/stm32f3xx_hal_cortex.o
 .debug_line    0x00004fe4      0xd37 ./Drivers/STM32F3xx_HAL_Driver/Src/stm32f3xx_hal_dma.o
 .debug_line    0x00005d1b      0xba2 ./Drivers/STM32F3xx_HAL_Driver/Src/stm32f3xx_hal_gpio.o
 .debug_line    0x000068bd     0x13ff ./Drivers/STM32F3xx_HAL_Driver/Src/stm32f3xx_hal_rcc.o
 .debug_line    0x00007cbc      0xd02 ./Drivers/STM32F3xx_HAL_Driver/Src/stm32f3xx_hal_rcc_ex.o
 .debug_line    0x000089be     0x2023 ./Drivers/STM32F3xx_HAL_Driver/Src/stm32f3xx_hal_spi.o
 .debug_line    0x0000a9e1     0x314e ./Drivers/STM32F3xx_HAL_Driver/Src/stm32f3xx_hal_uart.o
 .debug_line    0x0000db2f      0xb8b ./Drivers/STM32F3xx_HAL_Driver/Src/stm32f3xx_hal_uart_ex.o
 .debug_line    0x0000e6ba      0xa9b ./ext_flash_w25q64/ext_flash_w25q64.o
 .debug_line    0x0000f155      0x8db ./packet_handler/packetHandler.o

.debug_str      0x00000000    0xa2f2e
 .debug_str     0x00000000    0x9fcba ./Core/Src/gpio.o
                              0xa034e (size before relaxing)
 .debug_str     0x0009fcba      0xb07 ./Core/Src/main.o
                              0xa0e18 (size before relaxing)
 .debug_str     0x000a07c1      0x1e8 ./Core/Src/spi.o
                              0xa0780 (size before relaxing)
 .debug_str     0x000a09a9       0x2c ./Core/Src/stm32f3xx_hal_msp.o
                              0xa0283 (size before relaxing)
 .debug_str     0x000a09d5       0xef ./Core/Src/stm32f3xx_it.o
                              0xa072d (size before relaxing)
 .debug_str     0x000a0ac4       0xe9 ./Core/Src/system_stm32f3xx.o
                              0xa028d (size before relaxing)
 .debug_str     0x000a0bad      0x399 ./Core/Src/usart.o
                              0xa0be7 (size before relaxing)
 .debug_str     0x000a0f46       0x44 ./Core/Startup/startup_stm32f302rbtx.o
                                 0x6c (size before relaxing)
 .debug_str     0x000a0f8a      0x38d ./Drivers/STM32F3xx_HAL_Driver/Src/stm32f3xx_hal.o
                              0xa0a64 (size before relaxing)
 .debug_str     0x000a1317      0x345 ./Drivers/STM32F3xx_HAL_Driver/Src/stm32f3xx_hal_cortex.o
                              0xa0ab6 (size before relaxing)
 .debug_str     0x000a165c      0x24d ./Drivers/STM32F3xx_HAL_Driver/Src/stm32f3xx_hal_dma.o
                              0xa05d5 (size before relaxing)
 .debug_str     0x000a18a9      0x12b ./Drivers/STM32F3xx_HAL_Driver/Src/stm32f3xx_hal_gpio.o
                              0xa0403 (size before relaxing)
 .debug_str     0x000a19d4      0x2d1 ./Drivers/STM32F3xx_HAL_Driver/Src/stm32f3xx_hal_rcc.o
                              0xa072d (size before relaxing)
 .debug_str     0x000a1ca5       0xbe ./Drivers/STM32F3xx_HAL_Driver/Src/stm32f3xx_hal_rcc_ex.o
                              0xa04ca (size before relaxing)
 .debug_str     0x000a1d63      0x588 ./Drivers/STM32F3xx_HAL_Driver/Src/stm32f3xx_hal_spi.o
                              0xa0bb3 (size before relaxing)
 .debug_str     0x000a22eb      0x823 ./Drivers/STM32F3xx_HAL_Driver/Src/stm32f3xx_hal_uart.o
                              0xa0fb0 (size before relaxing)
 .debug_str     0x000a2b0e      0x19c ./Drivers/STM32F3xx_HAL_Driver/Src/stm32f3xx_hal_uart_ex.o
                              0xa08b5 (size before relaxing)
 .debug_str     0x000a2caa      0x1a3 ./ext_flash_w25q64/ext_flash_w25q64.o
                              0xa0ace (size before relaxing)
 .debug_str     0x000a2e4d       0xe1 ./packet_handler/packetHandler.o
                              0xa0b2d (size before relaxing)

.comment        0x00000000       0x43
 .comment       0x00000000       0x43 ./Core/Src/gpio.o
                                 0x44 (size before relaxing)
 .comment       0x00000043       0x44 ./Core/Src/main.o
 .comment       0x00000043       0x44 ./Core/Src/spi.o
 .comment       0x00000043       0x44 ./Core/Src/stm32f3xx_hal_msp.o
 .comment       0x00000043       0x44 ./Core/Src/stm32f3xx_it.o
 .comment       0x00000043       0x44 ./Core/Src/system_stm32f3xx.o
 .comment       0x00000043       0x44 ./Core/Src/usart.o
 .comment       0x00000043       0x44 ./Drivers/STM32F3xx_HAL_Driver/Src/stm32f3xx_hal.o
 .comment       0x00000043       0x44 ./Drivers/STM32F3xx_HAL_Driver/Src/stm32f3xx_hal_cortex.o
 .comment       0x00000043       0x44 ./Drivers/STM32F3xx_HAL_Driver/Src/stm32f3xx_hal_dma.o
 .comment       0x00000043       0x44 ./Drivers/STM32F3xx_HAL_Driver/Src/stm32f3xx_hal_gpio.o
 .comment       0x00000043       0x44 ./Drivers/STM32F3xx_HAL_Driver/Src/stm32f3xx_hal_rcc.o
 .comment       0x00000043       0x44 ./Drivers/STM32F3xx_HAL_Driver/Src/stm32f3xx_hal_rcc_ex.o
 .comment       0x00000043       0x44 ./Drivers/STM32F3xx_HAL_Driver/Src/stm32f3xx_hal_spi.o
 .comment       0x00000043       0x44 ./Drivers/STM32F3xx_HAL_Driver/Src/stm32f3xx_hal_uart.o
 .comment       0x00000043       0x44 ./Drivers/STM32F3xx_HAL_Driver/Src/stm32f3xx_hal_uart_ex.o
 .comment       0x00000043       0x44 ./ext_flash_w25q64/ext_flash_w25q64.o
 .comment       0x00000043       0x44 ./packet_handler/packetHandler.o

.debug_frame    0x00000000     0x2860
 .debug_frame   0x00000000       0x34 ./Core/Src/gpio.o
 .debug_frame   0x00000034       0x8c ./Core/Src/main.o
 .debug_frame   0x000000c0       0x74 ./Core/Src/spi.o
 .debug_frame   0x00000134       0x38 ./Core/Src/stm32f3xx_hal_msp.o
 .debug_frame   0x0000016c      0x120 ./Core/Src/stm32f3xx_it.o
 .debug_frame   0x0000028c       0x58 ./Core/Src/system_stm32f3xx.o
 .debug_frame   0x000002e4       0x74 ./Core/Src/usart.o
 .debug_frame   0x00000358      0x334 ./Drivers/STM32F3xx_HAL_Driver/Src/stm32f3xx_hal.o
 .debug_frame   0x0000068c      0x498 ./Drivers/STM32F3xx_HAL_Driver/Src/stm32f3xx_hal_cortex.o
 .debug_frame   0x00000b24      0x224 ./Drivers/STM32F3xx_HAL_Driver/Src/stm32f3xx_hal_dma.o
 .debug_frame   0x00000d48      0x14c ./Drivers/STM32F3xx_HAL_Driver/Src/stm32f3xx_hal_gpio.o
 .debug_frame   0x00000e94      0x214 ./Drivers/STM32F3xx_HAL_Driver/Src/stm32f3xx_hal_rcc.o
 .debug_frame   0x000010a8       0xb0 ./Drivers/STM32F3xx_HAL_Driver/Src/stm32f3xx_hal_rcc_ex.o
 .debug_frame   0x00001158      0x860 ./Drivers/STM32F3xx_HAL_Driver/Src/stm32f3xx_hal_spi.o
 .debug_frame   0x000019b8      0x9e8 ./Drivers/STM32F3xx_HAL_Driver/Src/stm32f3xx_hal_uart.o
 .debug_frame   0x000023a0      0x1b4 ./Drivers/STM32F3xx_HAL_Driver/Src/stm32f3xx_hal_uart_ex.o
 .debug_frame   0x00002554      0x228 ./ext_flash_w25q64/ext_flash_w25q64.o
 .debug_frame   0x0000277c       0x98 ./packet_handler/packetHandler.o
 .debug_frame   0x00002814       0x20 C:/ST/STM32CubeIDE_1.10.1/STM32CubeIDE/plugins/com.st.stm32cube.ide.mcu.externaltools.gnu-tools-for-stm32.12.3.rel1.win32_1.0.100.202403111256/tools/bin/../lib/gcc/arm-none-eabi/12.3.1/../../../../arm-none-eabi/lib/thumb/v7e-m+fp/hard\libc_nano.a(libc_a-memset.o)
 .debug_frame   0x00002834       0x2c C:/ST/STM32CubeIDE_1.10.1/STM32CubeIDE/plugins/com.st.stm32cube.ide.mcu.externaltools.gnu-tools-for-stm32.12.3.rel1.win32_1.0.100.202403111256/tools/bin/../lib/gcc/arm-none-eabi/12.3.1/../../../../arm-none-eabi/lib/thumb/v7e-m+fp/hard\libc_nano.a(libc_a-init.o)

.debug_line_str
                0x00000000       0x50
 .debug_line_str
                0x00000000       0x50 ./Core/Startup/startup_stm32f302rbtx.o
