Archive member included to satisfy reference by file (symbol)

C:/ST/STM32CubeIDE_1.10.1/STM32CubeIDE/plugins/com.st.stm32cube.ide.mcu.externaltools.gnu-tools-for-stm32.12.3.rel1.win32_1.0.100.202403111256/tools/bin/../lib/gcc/arm-none-eabi/12.3.1/../../../../arm-none-eabi/lib/thumb/v7e-m+fp/hard\libc_nano.a(libc_a-exit.o)
                              C:/ST/STM32CubeIDE_1.10.1/STM32CubeIDE/plugins/com.st.stm32cube.ide.mcu.externaltools.gnu-tools-for-stm32.12.3.rel1.win32_1.0.100.202403111256/tools/bin/../lib/gcc/arm-none-eabi/12.3.1/../../../../arm-none-eabi/lib/thumb/v7e-m+fp/hard/crt0.o (exit)
C:/ST/STM32CubeIDE_1.10.1/STM32CubeIDE/plugins/com.st.stm32cube.ide.mcu.externaltools.gnu-tools-for-stm32.12.3.rel1.win32_1.0.100.202403111256/tools/bin/../lib/gcc/arm-none-eabi/12.3.1/../../../../arm-none-eabi/lib/thumb/v7e-m+fp/hard\libc_nano.a(libc_a-findfp.o)
                              C:/ST/STM32CubeIDE_1.10.1/STM32CubeIDE/plugins/com.st.stm32cube.ide.mcu.externaltools.gnu-tools-for-stm32.12.3.rel1.win32_1.0.100.202403111256/tools/bin/../lib/gcc/arm-none-eabi/12.3.1/../../../../arm-none-eabi/lib/thumb/v7e-m+fp/hard\libc_nano.a(libc_a-exit.o) (__stdio_exit_handler)
C:/ST/STM32CubeIDE_1.10.1/STM32CubeIDE/plugins/com.st.stm32cube.ide.mcu.externaltools.gnu-tools-for-stm32.12.3.rel1.win32_1.0.100.202403111256/tools/bin/../lib/gcc/arm-none-eabi/12.3.1/../../../../arm-none-eabi/lib/thumb/v7e-m+fp/hard\libc_nano.a(libc_a-fwalk.o)
                              C:/ST/STM32CubeIDE_1.10.1/STM32CubeIDE/plugins/com.st.stm32cube.ide.mcu.externaltools.gnu-tools-for-stm32.12.3.rel1.win32_1.0.100.202403111256/tools/bin/../lib/gcc/arm-none-eabi/12.3.1/../../../../arm-none-eabi/lib/thumb/v7e-m+fp/hard\libc_nano.a(libc_a-findfp.o) (_fwalk_sglue)
C:/ST/STM32CubeIDE_1.10.1/STM32CubeIDE/plugins/com.st.stm32cube.ide.mcu.externaltools.gnu-tools-for-stm32.12.3.rel1.win32_1.0.100.202403111256/tools/bin/../lib/gcc/arm-none-eabi/12.3.1/../../../../arm-none-eabi/lib/thumb/v7e-m+fp/hard\libc_nano.a(libc_a-stdio.o)
                              C:/ST/STM32CubeIDE_1.10.1/STM32CubeIDE/plugins/com.st.stm32cube.ide.mcu.externaltools.gnu-tools-for-stm32.12.3.rel1.win32_1.0.100.202403111256/tools/bin/../lib/gcc/arm-none-eabi/12.3.1/../../../../arm-none-eabi/lib/thumb/v7e-m+fp/hard\libc_nano.a(libc_a-findfp.o) (__sread)
C:/ST/STM32CubeIDE_1.10.1/STM32CubeIDE/plugins/com.st.stm32cube.ide.mcu.externaltools.gnu-tools-for-stm32.12.3.rel1.win32_1.0.100.202403111256/tools/bin/../lib/gcc/arm-none-eabi/12.3.1/../../../../arm-none-eabi/lib/thumb/v7e-m+fp/hard\libc_nano.a(libc_a-memset.o)
                              C:/ST/STM32CubeIDE_1.10.1/STM32CubeIDE/plugins/com.st.stm32cube.ide.mcu.externaltools.gnu-tools-for-stm32.12.3.rel1.win32_1.0.100.202403111256/tools/bin/../lib/gcc/arm-none-eabi/12.3.1/../../../../arm-none-eabi/lib/thumb/v7e-m+fp/hard/crt0.o (memset)
C:/ST/STM32CubeIDE_1.10.1/STM32CubeIDE/plugins/com.st.stm32cube.ide.mcu.externaltools.gnu-tools-for-stm32.12.3.rel1.win32_1.0.100.202403111256/tools/bin/../lib/gcc/arm-none-eabi/12.3.1/../../../../arm-none-eabi/lib/thumb/v7e-m+fp/hard\libc_nano.a(libc_a-closer.o)
                              C:/ST/STM32CubeIDE_1.10.1/STM32CubeIDE/plugins/com.st.stm32cube.ide.mcu.externaltools.gnu-tools-for-stm32.12.3.rel1.win32_1.0.100.202403111256/tools/bin/../lib/gcc/arm-none-eabi/12.3.1/../../../../arm-none-eabi/lib/thumb/v7e-m+fp/hard\libc_nano.a(libc_a-stdio.o) (_close_r)
C:/ST/STM32CubeIDE_1.10.1/STM32CubeIDE/plugins/com.st.stm32cube.ide.mcu.externaltools.gnu-tools-for-stm32.12.3.rel1.win32_1.0.100.202403111256/tools/bin/../lib/gcc/arm-none-eabi/12.3.1/../../../../arm-none-eabi/lib/thumb/v7e-m+fp/hard\libc_nano.a(libc_a-reent.o)
                              C:/ST/STM32CubeIDE_1.10.1/STM32CubeIDE/plugins/com.st.stm32cube.ide.mcu.externaltools.gnu-tools-for-stm32.12.3.rel1.win32_1.0.100.202403111256/tools/bin/../lib/gcc/arm-none-eabi/12.3.1/../../../../arm-none-eabi/lib/thumb/v7e-m+fp/hard\libc_nano.a(libc_a-closer.o) (errno)
C:/ST/STM32CubeIDE_1.10.1/STM32CubeIDE/plugins/com.st.stm32cube.ide.mcu.externaltools.gnu-tools-for-stm32.12.3.rel1.win32_1.0.100.202403111256/tools/bin/../lib/gcc/arm-none-eabi/12.3.1/../../../../arm-none-eabi/lib/thumb/v7e-m+fp/hard\libc_nano.a(libc_a-impure.o)
                              C:/ST/STM32CubeIDE_1.10.1/STM32CubeIDE/plugins/com.st.stm32cube.ide.mcu.externaltools.gnu-tools-for-stm32.12.3.rel1.win32_1.0.100.202403111256/tools/bin/../lib/gcc/arm-none-eabi/12.3.1/../../../../arm-none-eabi/lib/thumb/v7e-m+fp/hard\libc_nano.a(libc_a-reent.o) (_impure_ptr)
C:/ST/STM32CubeIDE_1.10.1/STM32CubeIDE/plugins/com.st.stm32cube.ide.mcu.externaltools.gnu-tools-for-stm32.12.3.rel1.win32_1.0.100.202403111256/tools/bin/../lib/gcc/arm-none-eabi/12.3.1/../../../../arm-none-eabi/lib/thumb/v7e-m+fp/hard\libc_nano.a(libc_a-lseekr.o)
[...]
Memory Configuration

Name             Origin             Length             Attributes
RAM              0x20000000         0x00010000         xrw
FLASH            0x08000000         0x00080000         xr
*default*        0x00000000         0xffffffff

Linker script and memory map

LOAD C:/ST/STM32CubeIDE_1.10.1/STM32CubeIDE/plugins/com.st.stm32cube.ide.mcu.externaltools.gnu-tools-for-stm32.12.3.rel1.win32_1.0.100.202403111256/tools/bin/../lib/gcc/arm-none-eabi/12.3.1/thumb/v7e-m+fp/hard/crti.o
LOAD C:/ST/STM32CubeIDE_1.10.1/STM32CubeIDE/plugins/com.st.stm32cube.ide.mcu.externaltools.gnu-tools-for-stm32.12.3.rel1.win32_1.0.100.202403111256/tools/bin/../lib/gcc/arm-none-eabi/12.3.1/thumb/v7e-m+fp/hard/crtbegin.o
LOAD C:/ST/STM32CubeIDE_1.10.1/STM32CubeIDE/plugins/com.st.stm32cube.ide.mcu.externaltools.gnu-tools-for-stm32.12.3.rel1.win32_1.0.100.202403111256/tools/bin/../lib/gcc/arm-none-eabi/12.3.1/../../../../arm-none-eabi/lib/thumb/v7e-m+fp/hard/crt0.o
LOAD ./Core/Src/ext_flash_w25q64.o
LOAD ./Core/Src/gpio.o
LOAD ./Core/Src/main.o
LOAD ./Core/Src/spi.o
LOAD ./Core/Src/stm32f3xx_hal_msp.o
LOAD ./Core/Src/stm32f3xx_it.o
LOAD ./Core/Src/syscalls.o
LOAD ./Core/Src/sysmem.o
LOAD ./Core/Src/system_stm32f3xx.o
LOAD ./Core/Src/usart.o
LOAD ./Core/Startup/startup_stm32f302retx.o
LOAD ./Drivers/STM32F3xx_HAL_Driver/Src/stm32f3xx_hal.o
LOAD ./Drivers/STM32F3xx_HAL_Driver/Src/stm32f3xx_hal_cortex.o
LOAD ./Drivers/STM32F3xx_HAL_Driver/Src/stm32f3xx_hal_dma.o
LOAD ./Drivers/STM32F3xx_HAL_Driver/Src/stm32f3xx_hal_exti.o
LOAD ./Drivers/STM32F3xx_HAL_Driver/Src/stm32f3xx_hal_flash.o
LOAD ./Drivers/STM32F3xx_HAL_Driver/Src/stm32f3xx_hal_flash_ex.o
LOAD ./Drivers/STM32F3xx_HAL_Driver/Src/stm32f3xx_hal_gpio.o
LOAD ./Drivers/STM32F3xx_HAL_Driver/Src/stm32f3xx_hal_i2c.o
LOAD ./Drivers/STM32F3xx_HAL_Driver/Src/stm32f3xx_hal_i2c_ex.o
LOAD ./Drivers/STM32F3xx_HAL_Driver/Src/stm32f3xx_hal_pwr.o
LOAD ./Drivers/STM32F3xx_HAL_Driver/Src/stm32f3xx_hal_pwr_ex.o
LOAD ./Drivers/STM32F3xx_HAL_Driver/Src/stm32f3xx_hal_rcc.o
LOAD ./Drivers/STM32F3xx_HAL_Driver/Src/stm32f3xx_hal_rcc_ex.o
LOAD ./Drivers/STM32F3xx_HAL_Driver/Src/stm32f3xx_hal_spi.o
LOAD ./Drivers/STM32F3xx_HAL_Driver/Src/stm32f3xx_hal_spi_ex.o
LOAD ./Drivers/STM32F3xx_HAL_Driver/Src/stm32f3xx_hal_tim.o
LOAD ./Drivers/STM32F3xx_HAL_Driver/Src/stm32f3xx_hal_tim_ex.o
LOAD ./Drivers/STM32F3xx_HAL_Driver/Src/stm32f3xx_hal_uart.o
LOAD ./Drivers/STM32F3xx_HAL_Driver/Src/stm32f3xx_hal_uart_ex.o
START GROUP
LOAD C:/ST/STM32CubeIDE_1.10.1/STM32CubeIDE/plugins/com.st.stm32cube.ide.mcu.externaltools.gnu-tools-for-stm32.12.3.rel1.win32_1.0.100.202403111256/tools/bin/../lib/gcc/arm-none-eabi/12.3.1/../../../../arm-none-eabi/lib/thumb/v7e-m+fp/hard\libc_nano.a
LOAD C:/ST/STM32CubeIDE_1.10.1/STM32CubeIDE/plugins/com.st.stm32cube.ide.mcu.externaltools.gnu-tools-for-stm32.12.3.rel1.win32_1.0.100.202403111256/tools/bin/../lib/gcc/arm-none-eabi/12.3.1/../../../../arm-none-eabi/lib/thumb/v7e-m+fp/hard\libm.a
END GROUP
START GROUP
LOAD C:/ST/STM32CubeIDE_1.10.1/STM32CubeIDE/plugins/com.st.stm32cube.ide.mcu.externaltools.gnu-tools-for-stm32.12.3.rel1.win32_1.0.100.202403111256/tools/bin/../lib/gcc/arm-none-eabi/12.3.1/thumb/v7e-m+fp/hard\libgcc.a
LOAD C:/ST/STM32CubeIDE_1.10.1/STM32CubeIDE/plugins/com.st.stm32cube.ide.mcu.externaltools.gnu-tools-for-stm32.12.3.rel1.win32_1.0.100.202403111256/tools/bin/../lib/gcc/arm-none-eabi/12.3.1/../../../../arm-none-eabi/lib/thumb/v7e-m+fp/hard\libc_nano.a
END GROUP
START GROUP
LOAD C:/ST/STM32CubeIDE_1.10.1/STM32CubeIDE/plugins/com.st.stm32cube.ide.mcu.externaltools.gnu-tools-for-stm32.12.3.rel1.win32_1.0.100.202403111256/tools/bin/../lib/gcc/arm-none-eabi/12.3.1/thumb/v7e-m+fp/hard\libgcc.a
LOAD C:/ST/STM32CubeIDE_1.10.1/STM32CubeIDE/plugins/com.st.stm32cube.ide.mcu.externaltools.gnu-tools-for-stm32.12.3.rel1.win32_1.0.100.202403111256/tools/bin/../lib/gcc/arm-none-eabi/12.3.1/../../../../arm-none-eabi/lib/thumb/v7e-m+fp/hard\libc_nano.a
LOAD C:/ST/STM32CubeIDE_1.10.1/STM32CubeIDE/plugins/com.st.stm32cube.ide.mcu.externaltools.gnu-tools-for-stm32.12.3.rel1.win32_1.0.100.202403111256/tools/bin/../lib/gcc/arm-none-eabi/12.3.1/../../../../arm-none-eabi/lib/thumb/v7e-m+fp/hard\libnosys.a
END GROUP
START GROUP
LOAD C:/ST/STM32CubeIDE_1.10.1/STM32CubeIDE/plugins/com.st.stm32cube.ide.mcu.externaltools.gnu-tools-for-stm32.12.3.rel1.win32_1.0.100.202403111256/tools/bin/../lib/gcc/arm-none-eabi/12.3.1/thumb/v7e-m+fp/hard\libgcc.a
LOAD C:/ST/STM32CubeIDE_1.10.1/STM32CubeIDE/plugins/com.st.stm32cube.ide.mcu.externaltools.gnu-tools-for-stm32.12.3.rel1.win32_1.0.100.202403111256/tools/bin/../lib/gcc/arm-none-eabi/12.3.1/../../../../arm-none-eabi/lib/thumb/v7e-m+fp/hard\libc_nano.a
LOAD C:/ST/STM32CubeIDE_1.10.1/STM32CubeIDE/plugins/com.st.stm32cube.ide.mcu.externaltools.gnu-tools-for-stm32.12.3.rel1.win32_1.0.100.202403111256/tools/bin/../lib/gcc/arm-none-eabi/12.3.1/../../../../arm-none-eabi/lib/thumb/v7e-m+fp/hard\libnosys.a
END GROUP
LOAD C:/ST/STM32CubeIDE_1.10.1/STM32CubeIDE/plugins/com.st.stm32cube.ide.mcu.externaltools.gnu-tools-for-stm32.12.3.rel1.win32_1.0.100.202403111256/tools/bin/../lib/gcc/arm-none-eabi/12.3.1/thumb/v7e-m+fp/hard/crtend.o
LOAD C:/ST/STM32CubeIDE_1.10.1/STM32CubeIDE/plugins/com.st.stm32cube.ide.mcu.externaltools.gnu-tools-for-stm32.12.3.rel1.win32_1.0.100.202403111256/tools/bin/../lib/gcc/arm-none-eabi/12.3.1/thumb/v7e-m+fp/hard/crtn.o
                0x20010000                        _estack = (ORIGIN (RAM) + LENGTH (RAM))
                0x00000200                        _Min_Heap_Size = 0x200
                0x00000400                        _Min_Stack_Size = 0x400

.isr_vector     0x08000000      0x194
                0x08000000                        . = ALIGN (0x4)
 *(.isr_vector)
 .isr_vector    0x08000000      0x194 ./Core/Startup/startup_stm32f302retx.o
                0x08000000                g_pfnVectors
                0x08000194                        . = ALIGN (0x4)

.text           0x08000194     0x51a4
                0x08000194                        . = ALIGN (0x4)
 *(.text)
 .text          0x08000194       0x40 C:/ST/STM32CubeIDE_1.10.1/STM32CubeIDE/plugins/com.st.stm32cube.ide.mcu.externaltools.gnu-tools-for-stm32.12.3.rel1.win32_1.0.100.202403111256/tools/bin/../lib/gcc/arm-none-eabi/12.3.1/thumb/v7e-m+fp/hard/crtbegin.o
 *(.text*)
 .text.clearBuffer
                0x080001d4       0x38 ./Core/Src/ext_flash_w25q64.o
                0x080001d4                clearBuffer
 .text.softDelay
                0x0800020c       0x24 ./Core/Src/ext_flash_w25q64.o
                0x0800020c                softDelay
 .text.flashDataCopy
                0x08000230       0x40 ./Core/Src/ext_flash_w25q64.o
                0x08000230                flashDataCopy
 .text.extFlashHardReset
                0x08000270       0x74 ./Core/Src/ext_flash_w25q64.o
                0x08000270                extFlashHardReset
 .text.extFlashGetDeviceId
                0x080002e4       0x60 ./Core/Src/ext_flash_w25q64.o
                0x080002e4                extFlashGetDeviceId
 .text.extFlashGetStatusReg1
                0x08000344       0x60 ./Core/Src/ext_flash_w25q64.o
                0x08000344                extFlashGetStatusReg1
 .text.extFlashSendCommand
                0x080003a4       0x48 ./Core/Src/ext_flash_w25q64.o
                0x080003a4                extFlashSendCommand
 .text.extFlashPageRead
                0x080003ec       0x8c ./Core/Src/ext_flash_w25q64.o
                0x080003ec                extFlashPageRead
 .text.extFlashPageWrite
                0x08000478       0xb4 ./Core/Src/ext_flash_w25q64.o
                0x08000478                extFlashPageWrite
 .text.extFlashErase
                0x0800052c       0xa0 ./Core/Src/ext_flash_w25q64.o
                0x0800052c                extFlashErase
 .text.MX_GPIO_Init
                0x080005cc      0x108 ./Core/Src/gpio.o
                0x080005cc                MX_GPIO_Init
 .text.main     0x080006d4      0x218 ./Core/Src/main.o
                0x080006d4                main
 .text.SystemClock_Config
                0x080008ec       0xb2 ./Core/Src/main.o
                0x080008ec                SystemClock_Config
 *fill*         0x0800099e        0x2 
 .text.HAL_UARTEx_RxEventCallback
                0x080009a0       0x3c ./Core/Src/main.o
                0x080009a0                HAL_UARTEx_RxEventCallback
 .text.Error_Handler
                0x080009dc        0xc ./Core/Src/main.o
                0x080009dc                Error_Handler
 .text.MX_SPI3_Init
                0x080009e8       0x7c ./Core/Src/spi.o
                0x080009e8                MX_SPI3_Init
 .text.HAL_SPI_MspInit
                0x08000a64       0x88 ./Core/Src/spi.o
                0x08000a64                HAL_SPI_MspInit
 .text.HAL_SPI_MspDeInit
                0x08000aec       0x3c ./Core/Src/spi.o
                0x08000aec                HAL_SPI_MspDeInit
 .text.HAL_MspInit
                0x08000b28       0x48 ./Core/Src/stm32f3xx_hal_msp.o
                0x08000b28                HAL_MspInit
 .text.NMI_Handler
                0x08000b70        0x8 ./Core/Src/stm32f3xx_it.o
                0x08000b70                NMI_Handler
 .text.HardFault_Handler
                0x08000b78        0x8 ./Core/Src/stm32f3xx_it.o
                0x08000b78                HardFault_Handler
 .text.MemManage_Handler
                0x08000b80        0x8 ./Core/Src/stm32f3xx_it.o
                0x08000b80                MemManage_Handler
 .text.BusFault_Handler
                0x08000b88        0x8 ./Core/Src/stm32f3xx_it.o
                0x08000b88                BusFault_Handler
 .text.UsageFault_Handler
                0x08000b90        0x8 ./Core/Src/stm32f3xx_it.o
                0x08000b90                UsageFault_Handler
 .text.SVC_Handler
                0x08000b98        0xe ./Core/Src/stm32f3xx_it.o
                0x08000b98                SVC_Handler
 .text.DebugMon_Handler
                0x08000ba6        0xe ./Core/Src/stm32f3xx_it.o
                0x08000ba6                DebugMon_Handler
 .text.PendSV_Handler
                0x08000bb4        0xe ./Core/Src/stm32f3xx_it.o
                0x08000bb4                PendSV_Handler
 .text.SysTick_Handler
                0x08000bc2        0xc ./Core/Src/stm32f3xx_it.o
                0x08000bc2                SysTick_Handler
 *fill*         0x08000bce        0x2 
 .text.USART2_IRQHandler
                0x08000bd0       0x14 ./Core/Src/stm32f3xx_it.o
                0x08000bd0                USART2_IRQHandler
 .text.SystemInit
                0x08000be4       0x24 ./Core/Src/system_stm32f3xx.o
                0x08000be4                SystemInit
 .text.MX_USART2_UART_Init
                0x08000c08       0x60 ./Core/Src/usart.o
                0x08000c08                MX_USART2_UART_Init
 .text.HAL_UART_MspInit
                0x08000c68       0x94 ./Core/Src/usart.o
                0x08000c68                HAL_UART_MspInit
 .text.Reset_Handler
                0x08000cfc       0x50 ./Core/Startup/startup_stm32f302retx.o
                0x08000cfc                Reset_Handler
 .text.Default_Handler
                0x08000d4c        0x2 ./Core/Startup/startup_stm32f302retx.o
                0x08000d4c                RTC_Alarm_IRQHandler
                0x08000d4c                SPI4_IRQHandler
                0x08000d4c                TIM1_CC_IRQHandler
                0x08000d4c                USB_HP_IRQHandler
                0x08000d4c                PVD_IRQHandler
                0x08000d4c                TAMP_STAMP_IRQHandler
                0x08000d4c                EXTI3_IRQHandler
                0x08000d4c                I2C3_ER_IRQHandler
                0x08000d4c                USB_HP_CAN_TX_IRQHandler
                0x08000d4c                EXTI0_IRQHandler
                0x08000d4c                I2C2_EV_IRQHandler
                0x08000d4c                FPU_IRQHandler
                0x08000d4c                TIM1_UP_TIM16_IRQHandler
                0x08000d4c                ADC1_2_IRQHandler
                0x08000d4c                SPI1_IRQHandler
                0x08000d4c                CAN_SCE_IRQHandler
                0x08000d4c                TIM6_DAC_IRQHandler
                0x08000d4c                DMA2_Channel2_IRQHandler
                0x08000d4c                DMA1_Channel4_IRQHandler
                0x08000d4c                TIM20_TRG_COM_IRQHandler
                0x08000d4c                USART3_IRQHandler
                0x08000d4c                DMA1_Channel7_IRQHandler
                0x08000d4c                UART5_IRQHandler
                0x08000d4c                TIM4_IRQHandler
                0x08000d4c                CAN_RX1_IRQHandler
                0x08000d4c                DMA2_Channel1_IRQHandler
                0x08000d4c                I2C1_EV_IRQHandler
                0x08000d4c                DMA1_Channel6_IRQHandler
                0x08000d4c                UART4_IRQHandler
                0x08000d4c                DMA2_Channel4_IRQHandler
                0x08000d4c                TIM3_IRQHandler
                0x08000d4c                RCC_IRQHandler
                0x08000d4c                TIM20_UP_IRQHandler
                0x08000d4c                DMA1_Channel1_IRQHandler
                0x08000d4c                Default_Handler
                0x08000d4c                USBWakeUp_RMP_IRQHandler
                0x08000d4c                EXTI15_10_IRQHandler
                0x08000d4c                I2C3_EV_IRQHandler
                0x08000d4c                EXTI9_5_IRQHandler
                0x08000d4c                RTC_WKUP_IRQHandler
                0x08000d4c                SPI2_IRQHandler
                0x08000d4c                USB_LP_CAN_RX0_IRQHandler
                0x08000d4c                DMA2_Channel5_IRQHandler
                0x08000d4c                DMA1_Channel5_IRQHandler
                0x08000d4c                USB_LP_IRQHandler
                0x08000d4c                EXTI4_IRQHandler
                0x08000d4c                COMP1_2_IRQHandler
                0x08000d4c                TIM1_TRG_COM_TIM17_IRQHandler
                0x08000d4c                DMA1_Channel3_IRQHandler
                0x08000d4c                WWDG_IRQHandler
                0x08000d4c                TIM2_IRQHandler
                0x08000d4c                EXTI1_IRQHandler
                0x08000d4c                COMP4_6_IRQHandler
                0x08000d4c                TIM20_BRK_IRQHandler
                0x08000d4c                I2C2_ER_IRQHandler
                0x08000d4c                DMA1_Channel2_IRQHandler
                0x08000d4c                FLASH_IRQHandler
                0x08000d4c                TIM20_CC_IRQHandler
                0x08000d4c                USART1_IRQHandler
                0x08000d4c                SPI3_IRQHandler
                0x08000d4c                I2C1_ER_IRQHandler
                0x08000d4c                FMC_IRQHandler
                0x08000d4c                USBWakeUp_IRQHandler
                0x08000d4c                DMA2_Channel3_IRQHandler
                0x08000d4c                EXTI2_TSC_IRQHandler
                0x08000d4c                TIM1_BRK_TIM15_IRQHandler
 *fill*         0x08000d4e        0x2 
 .text.HAL_Init
                0x08000d50       0x2c ./Drivers/STM32F3xx_HAL_Driver/Src/stm32f3xx_hal.o
                0x08000d50                HAL_Init
 .text.HAL_InitTick
                0x08000d7c       0x60 ./Drivers/STM32F3xx_HAL_Driver/Src/stm32f3xx_hal.o
                0x08000d7c                HAL_InitTick
 .text.HAL_IncTick
                0x08000ddc       0x28 ./Drivers/STM32F3xx_HAL_Driver/Src/stm32f3xx_hal.o
                0x08000ddc                HAL_IncTick
 .text.HAL_GetTick
                0x08000e04       0x18 ./Drivers/STM32F3xx_HAL_Driver/Src/stm32f3xx_hal.o
                0x08000e04                HAL_GetTick
 .text.HAL_Delay
                0x08000e1c       0x48 ./Drivers/STM32F3xx_HAL_Driver/Src/stm32f3xx_hal.o
                0x08000e1c                HAL_Delay
 .text.__NVIC_SetPriorityGrouping
                0x08000e64       0x48 ./Drivers/STM32F3xx_HAL_Driver/Src/stm32f3xx_hal_cortex.o
 .text.__NVIC_GetPriorityGrouping
                0x08000eac       0x1c ./Drivers/STM32F3xx_HAL_Driver/Src/stm32f3xx_hal_cortex.o
 .text.__NVIC_EnableIRQ
                0x08000ec8       0x3c ./Drivers/STM32F3xx_HAL_Driver/Src/stm32f3xx_hal_cortex.o
 .text.__NVIC_SetPriority
                0x08000f04       0x54 ./Drivers/STM32F3xx_HAL_Driver/Src/stm32f3xx_hal_cortex.o
 .text.NVIC_EncodePriority
                0x08000f58       0x66 ./Drivers/STM32F3xx_HAL_Driver/Src/stm32f3xx_hal_cortex.o
 *fill*         0x08000fbe        0x2 
 .text.SysTick_Config
                0x08000fc0       0x44 ./Drivers/STM32F3xx_HAL_Driver/Src/stm32f3xx_hal_cortex.o
 .text.HAL_NVIC_SetPriorityGrouping
                0x08001004       0x16 ./Drivers/STM32F3xx_HAL_Driver/Src/stm32f3xx_hal_cortex.o
                0x08001004                HAL_NVIC_SetPriorityGrouping
 .text.HAL_NVIC_SetPriority
                0x0800101a       0x38 ./Drivers/STM32F3xx_HAL_Driver/Src/stm32f3xx_hal_cortex.o
                0x0800101a                HAL_NVIC_SetPriority
 .text.HAL_NVIC_EnableIRQ
                0x08001052       0x1c ./Drivers/STM32F3xx_HAL_Driver/Src/stm32f3xx_hal_cortex.o
                0x08001052                HAL_NVIC_EnableIRQ
 .text.HAL_SYSTICK_Config
                0x0800106e       0x18 ./Drivers/STM32F3xx_HAL_Driver/Src/stm32f3xx_hal_cortex.o
                0x0800106e                HAL_SYSTICK_Config
 .text.HAL_DMA_Abort
                0x08001086       0x72 ./Drivers/STM32F3xx_HAL_Driver/Src/stm32f3xx_hal_dma.o
                0x08001086                HAL_DMA_Abort
 .text.HAL_DMA_Abort_IT
                0x080010f8       0x7c ./Drivers/STM32F3xx_HAL_Driver/Src/stm32f3xx_hal_dma.o
                0x080010f8                HAL_DMA_Abort_IT
 .text.HAL_GPIO_Init
                0x08001174      0x314 ./Drivers/STM32F3xx_HAL_Driver/Src/stm32f3xx_hal_gpio.o
                0x08001174                HAL_GPIO_Init
 .text.HAL_GPIO_DeInit
                0x08001488      0x1d8 ./Drivers/STM32F3xx_HAL_Driver/Src/stm32f3xx_hal_gpio.o
                0x08001488                HAL_GPIO_DeInit
 .text.HAL_GPIO_WritePin
                0x08001660       0x30 ./Drivers/STM32F3xx_HAL_Driver/Src/stm32f3xx_hal_gpio.o
                0x08001660                HAL_GPIO_WritePin
 .text.HAL_RCC_OscConfig
                0x08001690     0x10a8 ./Drivers/STM32F3xx_HAL_Driver/Src/stm32f3xx_hal_rcc.o
                0x08001690                HAL_RCC_OscConfig
 .text.HAL_RCC_ClockConfig
                0x08002738      0x2f8 ./Drivers/STM32F3xx_HAL_Driver/Src/stm32f3xx_hal_rcc.o
                0x08002738                HAL_RCC_ClockConfig
 .text.HAL_RCC_GetSysClockFreq
                0x08002a30       0xd4 ./Drivers/STM32F3xx_HAL_Driver/Src/stm32f3xx_hal_rcc.o
                0x08002a30                HAL_RCC_GetSysClockFreq
 .text.HAL_RCC_GetHCLKFreq
                0x08002b04       0x18 ./Drivers/STM32F3xx_HAL_Driver/Src/stm32f3xx_hal_rcc.o
                0x08002b04                HAL_RCC_GetHCLKFreq
 .text.HAL_RCC_GetPCLK1Freq
                0x08002b1c       0x44 ./Drivers/STM32F3xx_HAL_Driver/Src/stm32f3xx_hal_rcc.o
                0x08002b1c                HAL_RCC_GetPCLK1Freq
 .text.HAL_RCC_GetPCLK2Freq
                0x08002b60       0x44 ./Drivers/STM32F3xx_HAL_Driver/Src/stm32f3xx_hal_rcc.o
                0x08002b60                HAL_RCC_GetPCLK2Freq
 .text.HAL_RCCEx_PeriphCLKConfig
                0x08002ba4      0x3d8 ./Drivers/STM32F3xx_HAL_Driver/Src/stm32f3xx_hal_rcc_ex.o
                0x08002ba4                HAL_RCCEx_PeriphCLKConfig
 .text.HAL_SPI_Init
                0x08002f7c      0x156 ./Drivers/STM32F3xx_HAL_Driver/Src/stm32f3xx_hal_spi.o
                0x08002f7c                HAL_SPI_Init
 .text.HAL_SPI_DeInit
                0x080030d2       0x50 ./Drivers/STM32F3xx_HAL_Driver/Src/stm32f3xx_hal_spi.o
                0x080030d2                HAL_SPI_DeInit
 .text.HAL_SPI_Transmit
                0x08003122      0x2ea ./Drivers/STM32F3xx_HAL_Driver/Src/stm32f3xx_hal_spi.o
                0x08003122                HAL_SPI_Transmit
 .text.HAL_SPI_Receive
                0x0800340c      0x26e ./Drivers/STM32F3xx_HAL_Driver/Src/stm32f3xx_hal_spi.o
                0x0800340c                HAL_SPI_Receive
 .text.HAL_SPI_TransmitReceive
                0x0800367a      0x444 ./Drivers/STM32F3xx_HAL_Driver/Src/stm32f3xx_hal_spi.o
                0x0800367a                HAL_SPI_TransmitReceive
 *fill*         0x08003abe        0x2 
 .text.SPI_WaitFlagStateUntilTimeout
                0x08003ac0      0x110 ./Drivers/STM32F3xx_HAL_Driver/Src/stm32f3xx_hal_spi.o
 .text.SPI_WaitFifoStateUntilTimeout
                0x08003bd0      0x12c ./Drivers/STM32F3xx_HAL_Driver/Src/stm32f3xx_hal_spi.o
 .text.SPI_EndRxTransaction
                0x08003cfc       0xb0 ./Drivers/STM32F3xx_HAL_Driver/Src/stm32f3xx_hal_spi.o
 .text.SPI_EndRxTxTransaction
                0x08003dac       0x8c ./Drivers/STM32F3xx_HAL_Driver/Src/stm32f3xx_hal_spi.o
 .text.HAL_UART_Init
                0x08003e38       0x9c ./Drivers/STM32F3xx_HAL_Driver/Src/stm32f3xx_hal_uart.o
                0x08003e38                HAL_UART_Init
 .text.HAL_UART_IRQHandler
                0x08003ed4      0x5cc ./Drivers/STM32F3xx_HAL_Driver/Src/stm32f3xx_hal_uart.o
                0x08003ed4                HAL_UART_IRQHandler
 .text.HAL_UART_TxCpltCallback
                0x080044a0       0x14 ./Drivers/STM32F3xx_HAL_Driver/Src/stm32f3xx_hal_uart.o
                0x080044a0                HAL_UART_TxCpltCallback
 .text.HAL_UART_RxCpltCallback
                0x080044b4       0x14 ./Drivers/STM32F3xx_HAL_Driver/Src/stm32f3xx_hal_uart.o
                0x080044b4                HAL_UART_RxCpltCallback
 .text.HAL_UART_ErrorCallback
                0x080044c8       0x14 ./Drivers/STM32F3xx_HAL_Driver/Src/stm32f3xx_hal_uart.o
                0x080044c8                HAL_UART_ErrorCallback
 .text.UART_SetConfig
                0x080044dc      0x3a8 ./Drivers/STM32F3xx_HAL_Driver/Src/stm32f3xx_hal_uart.o
                0x080044dc                UART_SetConfig
 .text.UART_AdvFeatureConfig
                0x08004884      0x144 ./Drivers/STM32F3xx_HAL_Driver/Src/stm32f3xx_hal_uart.o
                0x08004884                UART_AdvFeatureConfig
 .text.UART_CheckIdleState
                0x080049c8      0x150 ./Drivers/STM32F3xx_HAL_Driver/Src/stm32f3xx_hal_uart.o
                0x080049c8                UART_CheckIdleState
 .text.UART_WaitOnFlagUntilTimeout
                0x08004b18       0xce ./Drivers/STM32F3xx_HAL_Driver/Src/stm32f3xx_hal_uart.o
                0x08004b18                UART_WaitOnFlagUntilTimeout
 *fill*         0x08004be6        0x2 
 .text.UART_Start_Receive_IT
                0x08004be8      0x18c ./Drivers/STM32F3xx_HAL_Driver/Src/stm32f3xx_hal_uart.o
                0x08004be8                UART_Start_Receive_IT
 .text.UART_EndRxTransfer
                0x08004d74       0xc8 ./Drivers/STM32F3xx_HAL_Driver/Src/stm32f3xx_hal_uart.o
 .text.UART_DMAAbortOnError
                0x08004e3c       0x2c ./Drivers/STM32F3xx_HAL_Driver/Src/stm32f3xx_hal_uart.o
 .text.UART_EndTransmit_IT
                0x08004e68       0x54 ./Drivers/STM32F3xx_HAL_Driver/Src/stm32f3xx_hal_uart.o
 .text.UART_RxISR_8BIT
                0x08004ebc      0x1a8 ./Drivers/STM32F3xx_HAL_Driver/Src/stm32f3xx_hal_uart.o
 .text.UART_RxISR_16BIT
                0x08005064      0x1a8 ./Drivers/STM32F3xx_HAL_Driver/Src/stm32f3xx_hal_uart.o
 .text.HAL_UARTEx_WakeupCallback
                0x0800520c       0x14 ./Drivers/STM32F3xx_HAL_Driver/Src/stm32f3xx_hal_uart_ex.o
                0x0800520c                HAL_UARTEx_WakeupCallback
 .text.HAL_UARTEx_ReceiveToIdle_IT
                0x08005220       0xa8 ./Drivers/STM32F3xx_HAL_Driver/Src/stm32f3xx_hal_uart_ex.o
                0x08005220                HAL_UARTEx_ReceiveToIdle_IT
 .text.memset   0x080052c8       0x10 C:/ST/STM32CubeIDE_1.10.1/STM32CubeIDE/plugins/com.st.stm32cube.ide.mcu.externaltools.gnu-tools-for-stm32.12.3.rel1.win32_1.0.100.202403111256/tools/bin/../lib/gcc/arm-none-eabi/12.3.1/../../../../arm-none-eabi/lib/thumb/v7e-m+fp/hard\libc_nano.a(libc_a-memset.o)
                0x080052c8                memset
 .text.__libc_init_array
                0x080052d8       0x48 C:/ST/STM32CubeIDE_1.10.1/STM32CubeIDE/plugins/com.st.stm32cube.ide.mcu.externaltools.gnu-tools-for-stm32.12.3.rel1.win32_1.0.100.202403111256/tools/bin/../lib/gcc/arm-none-eabi/12.3.1/../../../../arm-none-eabi/lib/thumb/v7e-m+fp/hard\libc_nano.a(libc_a-init.o)
                0x080052d8                __libc_init_array
 *(.glue_7)
 .glue_7        0x08005320        0x0 linker stubs
 *(.glue_7t)
 .glue_7t       0x08005320        0x0 linker stubs
 *(.eh_frame)
 .eh_frame      0x08005320        0x0 C:/ST/STM32CubeIDE_1.10.1/STM32CubeIDE/plugins/com.st.stm32cube.ide.mcu.externaltools.gnu-tools-for-stm32.12.3.rel1.win32_1.0.100.202403111256/tools/bin/../lib/gcc/arm-none-eabi/12.3.1/thumb/v7e-m+fp/hard/crtbegin.o
 *(.init)
 .init          0x08005320        0x4 C:/ST/STM32CubeIDE_1.10.1/STM32CubeIDE/plugins/com.st.stm32cube.ide.mcu.externaltools.gnu-tools-for-stm32.12.3.rel1.win32_1.0.100.202403111256/tools/bin/../lib/gcc/arm-none-eabi/12.3.1/thumb/v7e-m+fp/hard/crti.o
                0x08005320                _init
 .init          0x08005324        0x8 C:/ST/STM32CubeIDE_1.10.1/STM32CubeIDE/plugins/com.st.stm32cube.ide.mcu.externaltools.gnu-tools-for-stm32.12.3.rel1.win32_1.0.100.202403111256/tools/bin/../lib/gcc/arm-none-eabi/12.3.1/thumb/v7e-m+fp/hard/crtn.o
 *(.fini)
 .fini          0x0800532c        0x4 C:/ST/STM32CubeIDE_1.10.1/STM32CubeIDE/plugins/com.st.stm32cube.ide.mcu.externaltools.gnu-tools-for-stm32.12.3.rel1.win32_1.0.100.202403111256/tools/bin/../lib/gcc/arm-none-eabi/12.3.1/thumb/v7e-m+fp/hard/crti.o
                0x0800532c                _fini
 .fini          0x08005330        0x8 C:/ST/STM32CubeIDE_1.10.1/STM32CubeIDE/plugins/com.st.stm32cube.ide.mcu.externaltools.gnu-tools-for-stm32.12.3.rel1.win32_1.0.100.202403111256/tools/bin/../lib/gcc/arm-none-eabi/12.3.1/thumb/v7e-m+fp/hard/crtn.o
                0x08005338                        . = ALIGN (0x4)
                0x08005338                        _etext = .

.vfp11_veneer   0x08005338        0x0
 .vfp11_veneer  0x08005338        0x0 linker stubs

.v4_bx          0x08005338        0x0
 .v4_bx         0x08005338        0x0 linker stubs

.iplt           0x08005338        0x0
 .iplt          0x08005338        0x0 C:/ST/STM32CubeIDE_1.10.1/STM32CubeIDE/plugins/com.st.stm32cube.ide.mcu.externaltools.gnu-tools-for-stm32.12.3.rel1.win32_1.0.100.202403111256/tools/bin/../lib/gcc/arm-none-eabi/12.3.1/thumb/v7e-m+fp/hard/crtbegin.o

.rodata         0x08005338       0x38
                0x08005338                        . = ALIGN (0x4)
 *(.rodata)
 *(.rodata*)
 .rodata.AHBPrescTable
                0x08005338       0x10 ./Core/Src/system_stm32f3xx.o
                0x08005338                AHBPrescTable
 .rodata.APBPrescTable
                0x08005348        0x8 ./Core/Src/system_stm32f3xx.o
                0x08005348                APBPrescTable
 .rodata.aPLLMULFactorTable
                0x08005350       0x10 ./Drivers/STM32F3xx_HAL_Driver/Src/stm32f3xx_hal_rcc.o
 .rodata.aPredivFactorTable
                0x08005360       0x10 ./Drivers/STM32F3xx_HAL_Driver/Src/stm32f3xx_hal_rcc.o
                0x08005370                        . = ALIGN (0x4)

.ARM.extab      0x08005370        0x0
                0x08005370                        . = ALIGN (0x4)
 *(.ARM.extab* .gnu.linkonce.armextab.*)
                0x08005370                        . = ALIGN (0x4)

.ARM            0x08005370        0x0
                0x08005370                        . = ALIGN (0x4)
                0x08005370                        __exidx_start = .
 *(.ARM.exidx*)
                0x08005370                        __exidx_end = .
                0x08005370                        . = ALIGN (0x4)

.preinit_array  0x08005370        0x0
                0x08005370                        . = ALIGN (0x4)
                0x08005370                        PROVIDE (__preinit_array_start = .)
 *(.preinit_array*)
                0x08005370                        PROVIDE (__preinit_array_end = .)
                0x08005370                        . = ALIGN (0x4)

.init_array     0x08005370        0x4
                0x08005370                        . = ALIGN (0x4)
                0x08005370                        PROVIDE (__init_array_start = .)
 *(SORT_BY_NAME(.init_array.*))
 *(.init_array*)
 .init_array    0x08005370        0x4 C:/ST/STM32CubeIDE_1.10.1/STM32CubeIDE/plugins/com.st.stm32cube.ide.mcu.externaltools.gnu-tools-for-stm32.12.3.rel1.win32_1.0.100.202403111256/tools/bin/../lib/gcc/arm-none-eabi/12.3.1/thumb/v7e-m+fp/hard/crtbegin.o
                0x08005374                        PROVIDE (__init_array_end = .)
                0x08005374                        . = ALIGN (0x4)

.fini_array     0x08005374        0x4
                0x08005374                        . = ALIGN (0x4)
                [!provide]                        PROVIDE (__fini_array_start = .)
 *(SORT_BY_NAME(.fini_array.*))
 *(.fini_array*)
 .fini_array    0x08005374        0x4 C:/ST/STM32CubeIDE_1.10.1/STM32CubeIDE/plugins/com.st.stm32cube.ide.mcu.externaltools.gnu-tools-for-stm32.12.3.rel1.win32_1.0.100.202403111256/tools/bin/../lib/gcc/arm-none-eabi/12.3.1/thumb/v7e-m+fp/hard/crtbegin.o
                [!provide]                        PROVIDE (__fini_array_end = .)
                0x08005378                        . = ALIGN (0x4)
                0x08005378                        _sidata = LOADADDR (.data)

.rel.dyn        0x08005378        0x0
 .rel.iplt      0x08005378        0x0 C:/ST/STM32CubeIDE_1.10.1/STM32CubeIDE/plugins/com.st.stm32cube.ide.mcu.externaltools.gnu-tools-for-stm32.12.3.rel1.win32_1.0.100.202403111256/tools/bin/../lib/gcc/arm-none-eabi/12.3.1/thumb/v7e-m+fp/hard/crtbegin.o

.data           0x20000000      0x10c load address 0x08005378
                0x20000000                        . = ALIGN (0x4)
                0x20000000                        _sdata = .
 *(.data)
 *(.data*)
 .data.userData
                0x20000000      0x100 ./Core/Src/main.o
                0x20000000                userData
 .data.SystemCoreClock
                0x20000100        0x4 ./Core/Src/system_stm32f3xx.o
                0x20000100                SystemCoreClock
 .data.uwTickPrio
                0x20000104        0x4 ./Drivers/STM32F3xx_HAL_Driver/Src/stm32f3xx_hal.o
                0x20000104                uwTickPrio
 .data.uwTickFreq
                0x20000108        0x1 ./Drivers/STM32F3xx_HAL_Driver/Src/stm32f3xx_hal.o
                0x20000108                uwTickFreq
 *(.RamFunc)
 *(.RamFunc*)
                0x2000010c                        . = ALIGN (0x4)
 *fill*         0x20000109        0x3 
                0x2000010c                        _edata = .

.igot.plt       0x2000010c        0x0 load address 0x08005484
 .igot.plt      0x2000010c        0x0 C:/ST/STM32CubeIDE_1.10.1/STM32CubeIDE/plugins/com.st.stm32cube.ide.mcu.externaltools.gnu-tools-for-stm32.12.3.rel1.win32_1.0.100.202403111256/tools/bin/../lib/gcc/arm-none-eabi/12.3.1/thumb/v7e-m+fp/hard/crtbegin.o
                0x2000010c                        . = ALIGN (0x4)

.bss            0x2000010c      0x428 load address 0x08005484
                0x2000010c                        _sbss = .
                0x2000010c                        __bss_start__ = _sbss
 *(.bss)
 .bss           0x2000010c       0x1c C:/ST/STM32CubeIDE_1.10.1/STM32CubeIDE/plugins/com.st.stm32cube.ide.mcu.externaltools.gnu-tools-for-stm32.12.3.rel1.win32_1.0.100.202403111256/tools/bin/../lib/gcc/arm-none-eabi/12.3.1/thumb/v7e-m+fp/hard/crtbegin.o
 *(.bss*)
 .bss.flashInstruction
                0x20000128      0x104 ./Core/Src/ext_flash_w25q64.o
                0x20000128                flashInstruction
 .bss.flashWriteAddress
                0x2000022c        0x4 ./Core/Src/main.o
                0x2000022c                flashWriteAddress
 .bss.extFlashReadAddress
                0x20000230        0x4 ./Core/Src/main.o
                0x20000230                extFlashReadAddress
 .bss.flashReadData
                0x20000234      0x100 ./Core/Src/main.o
                0x20000234                flashReadData
 .bss.receivedPacketSize
                0x20000334        0x2 ./Core/Src/main.o
                0x20000334                receivedPacketSize
 .bss.dummyFlagData
                0x20000336        0x1 ./Core/Src/main.o
                0x20000336                dummyFlagData
 *fill*         0x20000337        0x1 
 .bss.uartRxData
                0x20000338      0x104 ./Core/Src/main.o
                0x20000338                uartRxData
 .bss.packetReceived
                0x2000043c        0x1 ./Core/Src/main.o
                0x2000043c                packetReceived
 *fill*         0x2000043d        0x3 
 .bss.device_Id
                0x20000440        0x2 ./Core/Src/main.o
                0x20000440                device_Id
 *fill*         0x20000442        0x2 
 .bss.hspi3     0x20000444       0x64 ./Core/Src/spi.o
                0x20000444                hspi3
 .bss.huart2    0x200004a8       0x88 ./Core/Src/usart.o
                0x200004a8                huart2
 .bss.uwTick    0x20000530        0x4 ./Drivers/STM32F3xx_HAL_Driver/Src/stm32f3xx_hal.o
                0x20000530                uwTick
 *(COMMON)
                0x20000534                        . = ALIGN (0x4)
                0x20000534                        _ebss = .
                0x20000534                        __bss_end__ = _ebss

._user_heap_stack
                0x20000534      0x604 load address 0x08005484
                0x20000538                        . = ALIGN (0x8)
 *fill*         0x20000534        0x4 
                [!provide]                        PROVIDE (end = .)
                0x20000538                        PROVIDE (_end = .)
                0x20000738                        . = (. + _Min_Heap_Size)
 *fill*         0x20000538      0x200 
                0x20000b38                        . = (. + _Min_Stack_Size)
 *fill*         0x20000738      0x400 
                0x20000b38                        . = ALIGN (0x8)

/DISCARD/
 libc.a(*)
 libm.a(*)
 libgcc.a(*)

.ARM.attributes
                0x00000000       0x30
 *(.ARM.attributes)
 .ARM.attributes
                0x00000000       0x22 C:/ST/STM32CubeIDE_1.10.1/STM32CubeIDE/plugins/com.st.stm32cube.ide.mcu.externaltools.gnu-tools-for-stm32.12.3.rel1.win32_1.0.100.202403111256/tools/bin/../lib/gcc/arm-none-eabi/12.3.1/thumb/v7e-m+fp/hard/crti.o
 .ARM.attributes
                0x00000022       0x34 C:/ST/STM32CubeIDE_1.10.1/STM32CubeIDE/plugins/com.st.stm32cube.ide.mcu.externaltools.gnu-tools-for-stm32.12.3.rel1.win32_1.0.100.202403111256/tools/bin/../lib/gcc/arm-none-eabi/12.3.1/thumb/v7e-m+fp/hard/crtbegin.o
 .ARM.attributes
                0x00000056       0x34 ./Core/Src/ext_flash_w25q64.o
 .ARM.attributes
                0x0000008a       0x34 ./Core/Src/gpio.o
 .ARM.attributes
                0x000000be       0x34 ./Core/Src/main.o
 .ARM.attributes
                0x000000f2       0x34 ./Core/Src/spi.o
 .ARM.attributes
                0x00000126       0x34 ./Core/Src/stm32f3xx_hal_msp.o
 .ARM.attributes
                0x0000015a       0x34 ./Core/Src/stm32f3xx_it.o
 .ARM.attributes
                0x0000018e       0x34 ./Core/Src/system_stm32f3xx.o
 .ARM.attributes
                0x000001c2       0x34 ./Core/Src/usart.o
 .ARM.attributes
                0x000001f6       0x21 ./Core/Startup/startup_stm32f302retx.o
 .ARM.attributes
                0x00000217       0x34 ./Drivers/STM32F3xx_HAL_Driver/Src/stm32f3xx_hal.o
 .ARM.attributes
                0x0000024b       0x34 ./Drivers/STM32F3xx_HAL_Driver/Src/stm32f3xx_hal_cortex.o
 .ARM.attributes
                0x0000027f       0x34 ./Drivers/STM32F3xx_HAL_Driver/Src/stm32f3xx_hal_dma.o
 .ARM.attributes
                0x000002b3       0x34 ./Drivers/STM32F3xx_HAL_Driver/Src/stm32f3xx_hal_gpio.o
 .ARM.attributes
                0x000002e7       0x34 ./Drivers/STM32F3xx_HAL_Driver/Src/stm32f3xx_hal_rcc.o
 .ARM.attributes
                0x0000031b       0x34 ./Drivers/STM32F3xx_HAL_Driver/Src/stm32f3xx_hal_rcc_ex.o
 .ARM.attributes
                0x0000034f       0x34 ./Drivers/STM32F3xx_HAL_Driver/Src/stm32f3xx_hal_spi.o
 .ARM.attributes
                0x00000383       0x34 ./Drivers/STM32F3xx_HAL_Driver/Src/stm32f3xx_hal_uart.o
 .ARM.attributes
                0x000003b7       0x34 ./Drivers/STM32F3xx_HAL_Driver/Src/stm32f3xx_hal_uart_ex.o
 .ARM.attributes
                0x000003eb       0x34 C:/ST/STM32CubeIDE_1.10.1/STM32CubeIDE/plugins/com.st.stm32cube.ide.mcu.externaltools.gnu-tools-for-stm32.12.3.rel1.win32_1.0.100.202403111256/tools/bin/../lib/gcc/arm-none-eabi/12.3.1/../../../../arm-none-eabi/lib/thumb/v7e-m+fp/hard\libc_nano.a(libc_a-memset.o)
 .ARM.attributes
                0x0000041f       0x34 C:/ST/STM32CubeIDE_1.10.1/STM32CubeIDE/plugins/com.st.stm32cube.ide.mcu.externaltools.gnu-tools-for-stm32.12.3.rel1.win32_1.0.100.202403111256/tools/bin/../lib/gcc/arm-none-eabi/12.3.1/../../../../arm-none-eabi/lib/thumb/v7e-m+fp/hard\libc_nano.a(libc_a-init.o)
 .ARM.attributes
                0x00000453       0x22 C:/ST/STM32CubeIDE_1.10.1/STM32CubeIDE/plugins/com.st.stm32cube.ide.mcu.externaltools.gnu-tools-for-stm32.12.3.rel1.win32_1.0.100.202403111256/tools/bin/../lib/gcc/arm-none-eabi/12.3.1/thumb/v7e-m+fp/hard/crtn.o
OUTPUT(UserApp_v3.elf elf32-littlearm)
LOAD linker stubs
LOAD C:/ST/STM32CubeIDE_1.10.1/STM32CubeIDE/plugins/com.st.stm32cube.ide.mcu.externaltools.gnu-tools-for-stm32.12.3.rel1.win32_1.0.100.202403111256/tools/bin/../lib/gcc/arm-none-eabi/12.3.1/../../../../arm-none-eabi/lib/thumb/v7e-m+fp/hard\libc.a
LOAD C:/ST/STM32CubeIDE_1.10.1/STM32CubeIDE/plugins/com.st.stm32cube.ide.mcu.externaltools.gnu-tools-for-stm32.12.3.rel1.win32_1.0.100.202403111256/tools/bin/../lib/gcc/arm-none-eabi/12.3.1/../../../../arm-none-eabi/lib/thumb/v7e-m+fp/hard\libm.a
LOAD C:/ST/STM32CubeIDE_1.10.1/STM32CubeIDE/plugins/com.st.stm32cube.ide.mcu.externaltools.gnu-tools-for-stm32.12.3.rel1.win32_1.0.100.202403111256/tools/bin/../lib/gcc/arm-none-eabi/12.3.1/thumb/v7e-m+fp/hard\libgcc.a

.debug_info     0x00000000     0xd345
 .debug_info    0x00000000      0xa5d ./Core/Src/ext_flash_w25q64.o
 .debug_info    0x00000a5d      0x33d ./Core/Src/gpio.o
 .debug_info    0x00000d9a      0xcdc ./Core/Src/main.o
 .debug_info    0x00001a76      0x851 ./Core/Src/spi.o
 .debug_info    0x000022c7      0x18d ./Core/Src/stm32f3xx_hal_msp.o
 .debug_info    0x00002454      0x6ee ./Core/Src/stm32f3xx_it.o
 .debug_info    0x00002b42      0x407 ./Core/Src/system_stm32f3xx.o
 .debug_info    0x00002f49      0xb2a ./Core/Src/usart.o
 .debug_info    0x00003a73       0x30 ./Core/Startup/startup_stm32f302retx.o
 .debug_info    0x00003aa3      0x7bc ./Drivers/STM32F3xx_HAL_Driver/Src/stm32f3xx_hal.o
 .debug_info    0x0000425f      0xc97 ./Drivers/STM32F3xx_HAL_Driver/Src/stm32f3xx_hal_cortex.o
 .debug_info    0x00004ef6      0x6e1 ./Drivers/STM32F3xx_HAL_Driver/Src/stm32f3xx_hal_dma.o
 .debug_info    0x000055d7      0x5fe ./Drivers/STM32F3xx_HAL_Driver/Src/stm32f3xx_hal_gpio.o
 .debug_info    0x00005bd5     0x1501 ./Drivers/STM32F3xx_HAL_Driver/Src/stm32f3xx_hal_rcc.o
 .debug_info    0x000070d6      0x613 ./Drivers/STM32F3xx_HAL_Driver/Src/stm32f3xx_hal_rcc_ex.o
 .debug_info    0x000076e9     0x1622 ./Drivers/STM32F3xx_HAL_Driver/Src/stm32f3xx_hal_spi.o
 .debug_info    0x00008d0b     0x39a8 ./Drivers/STM32F3xx_HAL_Driver/Src/stm32f3xx_hal_uart.o
 .debug_info    0x0000c6b3      0xc92 ./Drivers/STM32F3xx_HAL_Driver/Src/stm32f3xx_hal_uart_ex.o

.debug_abbrev   0x00000000     0x23ec
 .debug_abbrev  0x00000000      0x259 ./Core/Src/ext_flash_w25q64.o
 .debug_abbrev  0x00000259      0x151 ./Core/Src/gpio.o
 .debug_abbrev  0x000003aa      0x29f ./Core/Src/main.o
 .debug_abbrev  0x00000649      0x1f1 ./Core/Src/spi.o
 .debug_abbrev  0x0000083a       0xc6 ./Core/Src/stm32f3xx_hal_msp.o
 .debug_abbrev  0x00000900      0x173 ./Core/Src/stm32f3xx_it.o
 .debug_abbrev  0x00000a73      0x11a ./Core/Src/system_stm32f3xx.o
 .debug_abbrev  0x00000b8d      0x1fb ./Core/Src/usart.o
 .debug_abbrev  0x00000d88       0x24 ./Core/Startup/startup_stm32f302retx.o
 .debug_abbrev  0x00000dac      0x215 ./Drivers/STM32F3xx_HAL_Driver/Src/stm32f3xx_hal.o
 .debug_abbrev  0x00000fc1      0x329 ./Drivers/STM32F3xx_HAL_Driver/Src/stm32f3xx_hal_cortex.o
 .debug_abbrev  0x000012ea      0x20d ./Drivers/STM32F3xx_HAL_Driver/Src/stm32f3xx_hal_dma.o
 .debug_abbrev  0x000014f7      0x1ca ./Drivers/STM32F3xx_HAL_Driver/Src/stm32f3xx_hal_gpio.o
 .debug_abbrev  0x000016c1      0x300 ./Drivers/STM32F3xx_HAL_Driver/Src/stm32f3xx_hal_rcc.o
 .debug_abbrev  0x000019c1      0x232 ./Drivers/STM32F3xx_HAL_Driver/Src/stm32f3xx_hal_rcc_ex.o
 .debug_abbrev  0x00001bf3      0x269 ./Drivers/STM32F3xx_HAL_Driver/Src/stm32f3xx_hal_spi.o
 .debug_abbrev  0x00001e5c      0x2d1 ./Drivers/STM32F3xx_HAL_Driver/Src/stm32f3xx_hal_uart.o
 .debug_abbrev  0x0000212d      0x2bf ./Drivers/STM32F3xx_HAL_Driver/Src/stm32f3xx_hal_uart_ex.o

.debug_aranges  0x00000000      0xa28
 .debug_aranges
                0x00000000       0x90 ./Core/Src/ext_flash_w25q64.o
 .debug_aranges
                0x00000090       0x20 ./Core/Src/gpio.o
 .debug_aranges
                0x000000b0       0x38 ./Core/Src/main.o
 .debug_aranges
                0x000000e8       0x30 ./Core/Src/spi.o
 .debug_aranges
                0x00000118       0x20 ./Core/Src/stm32f3xx_hal_msp.o
 .debug_aranges
                0x00000138       0x68 ./Core/Src/stm32f3xx_it.o
 .debug_aranges
                0x000001a0       0x28 ./Core/Src/system_stm32f3xx.o
 .debug_aranges
                0x000001c8       0x30 ./Core/Src/usart.o
 .debug_aranges
                0x000001f8       0x28 ./Core/Startup/startup_stm32f302retx.o
 .debug_aranges
                0x00000220       0xe0 ./Drivers/STM32F3xx_HAL_Driver/Src/stm32f3xx_hal.o
 .debug_aranges
                0x00000300      0x118 ./Drivers/STM32F3xx_HAL_Driver/Src/stm32f3xx_hal_cortex.o
 .debug_aranges
                0x00000418       0x88 ./Drivers/STM32F3xx_HAL_Driver/Src/stm32f3xx_hal_dma.o
 .debug_aranges
                0x000004a0       0x58 ./Drivers/STM32F3xx_HAL_Driver/Src/stm32f3xx_hal_gpio.o
 .debug_aranges
                0x000004f8       0x88 ./Drivers/STM32F3xx_HAL_Driver/Src/stm32f3xx_hal_rcc.o
 .debug_aranges
                0x00000580       0x38 ./Drivers/STM32F3xx_HAL_Driver/Src/stm32f3xx_hal_rcc_ex.o
 .debug_aranges
                0x000005b8      0x1d8 ./Drivers/STM32F3xx_HAL_Driver/Src/stm32f3xx_hal_spi.o
 .debug_aranges
                0x00000790      0x228 ./Drivers/STM32F3xx_HAL_Driver/Src/stm32f3xx_hal_uart.o
 .debug_aranges
                0x000009b8       0x70 ./Drivers/STM32F3xx_HAL_Driver/Src/stm32f3xx_hal_uart_ex.o

.debug_rnglists
                0x00000000      0x7c2
 .debug_rnglists
                0x00000000       0x6a ./Core/Src/ext_flash_w25q64.o
 .debug_rnglists
                0x0000006a       0x14 ./Core/Src/gpio.o
 .debug_rnglists
                0x0000007e       0x27 ./Core/Src/main.o
 .debug_rnglists
                0x000000a5       0x20 ./Core/Src/spi.o
 .debug_rnglists
                0x000000c5       0x13 ./Core/Src/stm32f3xx_hal_msp.o
 .debug_rnglists
                0x000000d8       0x49 ./Core/Src/stm32f3xx_it.o
 .debug_rnglists
                0x00000121       0x1a ./Core/Src/system_stm32f3xx.o
 .debug_rnglists
                0x0000013b       0x20 ./Core/Src/usart.o
 .debug_rnglists
                0x0000015b       0x19 ./Core/Startup/startup_stm32f302retx.o
 .debug_rnglists
                0x00000174       0xa3 ./Drivers/STM32F3xx_HAL_Driver/Src/stm32f3xx_hal.o
 .debug_rnglists
                0x00000217       0xce ./Drivers/STM32F3xx_HAL_Driver/Src/stm32f3xx_hal_cortex.o
 .debug_rnglists
                0x000002e5       0x69 ./Drivers/STM32F3xx_HAL_Driver/Src/stm32f3xx_hal_dma.o
 .debug_rnglists
                0x0000034e       0x3f ./Drivers/STM32F3xx_HAL_Driver/Src/stm32f3xx_hal_gpio.o
 .debug_rnglists
                0x0000038d       0x66 ./Drivers/STM32F3xx_HAL_Driver/Src/stm32f3xx_hal_rcc.o
 .debug_rnglists
                0x000003f3       0x29 ./Drivers/STM32F3xx_HAL_Driver/Src/stm32f3xx_hal_rcc_ex.o
 .debug_rnglists
                0x0000041c      0x178 ./Drivers/STM32F3xx_HAL_Driver/Src/stm32f3xx_hal_spi.o
 .debug_rnglists
                0x00000594      0x1da ./Drivers/STM32F3xx_HAL_Driver/Src/stm32f3xx_hal_uart.o
 .debug_rnglists
                0x0000076e       0x54 ./Drivers/STM32F3xx_HAL_Driver/Src/stm32f3xx_hal_uart_ex.o

.debug_macro    0x00000000    0x1e8f9
 .debug_macro   0x00000000      0x1f0 ./Core/Src/ext_flash_w25q64.o
 .debug_macro   0x000001f0      0xab4 ./Core/Src/ext_flash_w25q64.o
 .debug_macro   0x00000ca4      0x157 ./Core/Src/ext_flash_w25q64.o
 .debug_macro   0x00000dfb       0x2e ./Core/Src/ext_flash_w25q64.o
 .debug_macro   0x00000e29       0x28 ./Core/Src/ext_flash_w25q64.o
 .debug_macro   0x00000e51       0x22 ./Core/Src/ext_flash_w25q64.o
 .debug_macro   0x00000e73       0x8e ./Core/Src/ext_flash_w25q64.o
 .debug_macro   0x00000f01       0x51 ./Core/Src/ext_flash_w25q64.o
 .debug_macro   0x00000f52      0x103 ./Core/Src/ext_flash_w25q64.o
 .debug_macro   0x00001055       0x6a ./Core/Src/ext_flash_w25q64.o
 .debug_macro   0x000010bf      0x1df ./Core/Src/ext_flash_w25q64.o
 .debug_macro   0x0000129e       0x1c ./Core/Src/ext_flash_w25q64.o
 .debug_macro   0x000012ba       0x22 ./Core/Src/ext_flash_w25q64.o
 .debug_macro   0x000012dc       0xd9 ./Core/Src/ext_flash_w25q64.o
 .debug_macro   0x000013b5     0x102d ./Core/Src/ext_flash_w25q64.o
 .debug_macro   0x000023e2      0x11f ./Core/Src/ext_flash_w25q64.o
 .debug_macro   0x00002501    0x1402f ./Core/Src/ext_flash_w25q64.o
 .debug_macro   0x00016530       0x6d ./Core/Src/ext_flash_w25q64.o
 .debug_macro   0x0001659d     0x3558 ./Core/Src/ext_flash_w25q64.o
 .debug_macro   0x00019af5      0x189 ./Core/Src/ext_flash_w25q64.o
 .debug_macro   0x00019c7e       0x55 ./Core/Src/ext_flash_w25q64.o
 .debug_macro   0x00019cd3      0x953 ./Core/Src/ext_flash_w25q64.o
 .debug_macro   0x0001a626      0x6d7 ./Core/Src/ext_flash_w25q64.o
 .debug_macro   0x0001acfd      0x1b5 ./Core/Src/ext_flash_w25q64.o
 .debug_macro   0x0001aeb2      0x1ca ./Core/Src/ext_flash_w25q64.o
 .debug_macro   0x0001b07c      0x1ea ./Core/Src/ext_flash_w25q64.o
 .debug_macro   0x0001b266      0x1bc ./Core/Src/ext_flash_w25q64.o
 .debug_macro   0x0001b422       0x30 ./Core/Src/ext_flash_w25q64.o
 .debug_macro   0x0001b452       0x3c ./Core/Src/ext_flash_w25q64.o
 .debug_macro   0x0001b48e      0x235 ./Core/Src/ext_flash_w25q64.o
 .debug_macro   0x0001b6c3       0xc5 ./Core/Src/ext_flash_w25q64.o
 .debug_macro   0x0001b788      0x21d ./Core/Src/ext_flash_w25q64.o
 .debug_macro   0x0001b9a5      0x22c ./Core/Src/ext_flash_w25q64.o
 .debug_macro   0x0001bbd1       0x5b ./Core/Src/ext_flash_w25q64.o
 .debug_macro   0x0001bc2c       0xa5 ./Core/Src/ext_flash_w25q64.o
 .debug_macro   0x0001bcd1       0x81 ./Core/Src/ext_flash_w25q64.o
 .debug_macro   0x0001bd52       0xd3 ./Core/Src/ext_flash_w25q64.o
 .debug_macro   0x0001be25      0x2fe ./Core/Src/ext_flash_w25q64.o
 .debug_macro   0x0001c123      0x5ba ./Core/Src/ext_flash_w25q64.o
 .debug_macro   0x0001c6dd       0x44 ./Core/Src/ext_flash_w25q64.o
 .debug_macro   0x0001c721      0x275 ./Core/Src/ext_flash_w25q64.o
 .debug_macro   0x0001c996       0x34 ./Core/Src/ext_flash_w25q64.o
 .debug_macro   0x0001c9ca       0x8e ./Core/Src/ext_flash_w25q64.o
 .debug_macro   0x0001ca58      0x1f1 ./Core/Src/gpio.o
 .debug_macro   0x0001cc49      0x212 ./Core/Src/main.o
 .debug_macro   0x0001ce5b      0x1f1 ./Core/Src/spi.o
 .debug_macro   0x0001d04c      0x1e7 ./Core/Src/stm32f3xx_hal_msp.o
 .debug_macro   0x0001d233      0x1f1 ./Core/Src/stm32f3xx_it.o
 .debug_macro   0x0001d424      0x1d8 ./Core/Src/system_stm32f3xx.o
 .debug_macro   0x0001d5fc      0x1f1 ./Core/Src/usart.o
 .debug_macro   0x0001d7ed      0x1fc ./Drivers/STM32F3xx_HAL_Driver/Src/stm32f3xx_hal.o
 .debug_macro   0x0001d9e9      0x1d8 ./Drivers/STM32F3xx_HAL_Driver/Src/stm32f3xx_hal_cortex.o
 .debug_macro   0x0001dbc1      0x1d8 ./Drivers/STM32F3xx_HAL_Driver/Src/stm32f3xx_hal_dma.o
 .debug_macro   0x0001dd99      0x1df ./Drivers/STM32F3xx_HAL_Driver/Src/stm32f3xx_hal_gpio.o
 .debug_macro   0x0001df78      0x1fc ./Drivers/STM32F3xx_HAL_Driver/Src/stm32f3xx_hal_rcc.o
 .debug_macro   0x0001e174      0x1d8 ./Drivers/STM32F3xx_HAL_Driver/Src/stm32f3xx_hal_rcc_ex.o
 .debug_macro   0x0001e34c      0x1e0 ./Drivers/STM32F3xx_HAL_Driver/Src/stm32f3xx_hal_spi.o
 .debug_macro   0x0001e52c      0x1f5 ./Drivers/STM32F3xx_HAL_Driver/Src/stm32f3xx_hal_uart.o
 .debug_macro   0x0001e721      0x1d8 ./Drivers/STM32F3xx_HAL_Driver/Src/stm32f3xx_hal_uart_ex.o

.debug_line     0x00000000     0xf31b
 .debug_line    0x00000000      0xa75 ./Core/Src/ext_flash_w25q64.o
 .debug_line    0x00000a75      0x7a5 ./Core/Src/gpio.o
 .debug_line    0x0000121a      0x92b ./Core/Src/main.o
 .debug_line    0x00001b45      0x7f2 ./Core/Src/spi.o
 .debug_line    0x00002337      0x779 ./Core/Src/stm32f3xx_hal_msp.o
 .debug_line    0x00002ab0      0x854 ./Core/Src/stm32f3xx_it.o
 .debug_line    0x00003304      0x7f8 ./Core/Src/system_stm32f3xx.o
 .debug_line    0x00003afc      0x7ec ./Core/Src/usart.o
 .debug_line    0x000042e8       0x7a ./Core/Startup/startup_stm32f302retx.o
 .debug_line    0x00004362      0xa2b ./Drivers/STM32F3xx_HAL_Driver/Src/stm32f3xx_hal.o
 .debug_line    0x00004d8d      0xcee ./Drivers/STM32F3xx_HAL_Driver/Src/stm32f3xx_hal_cortex.o
 .debug_line    0x00005a7b      0xd37 ./Drivers/STM32F3xx_HAL_Driver/Src/stm32f3xx_hal_dma.o
 .debug_line    0x000067b2      0xbca ./Drivers/STM32F3xx_HAL_Driver/Src/stm32f3xx_hal_gpio.o
 .debug_line    0x0000737c     0x1417 ./Drivers/STM32F3xx_HAL_Driver/Src/stm32f3xx_hal_rcc.o
 .debug_line    0x00008793      0xe91 ./Drivers/STM32F3xx_HAL_Driver/Src/stm32f3xx_hal_rcc_ex.o
 .debug_line    0x00009624     0x1fe1 ./Drivers/STM32F3xx_HAL_Driver/Src/stm32f3xx_hal_spi.o
 .debug_line    0x0000b605     0x3177 ./Drivers/STM32F3xx_HAL_Driver/Src/stm32f3xx_hal_uart.o
 .debug_line    0x0000e77c      0xb9f ./Drivers/STM32F3xx_HAL_Driver/Src/stm32f3xx_hal_uart_ex.o

.debug_str      0x00000000    0xb4318
 .debug_str     0x00000000    0xb1914 ./Core/Src/ext_flash_w25q64.o
                              0xb200d (size before relaxing)
 .debug_str     0x000b1914       0xc5 ./Core/Src/gpio.o
                              0xb18b3 (size before relaxing)
 .debug_str     0x000b19d9      0x607 ./Core/Src/main.o
                              0xb2336 (size before relaxing)
 .debug_str     0x000b1fe0       0x4e ./Core/Src/spi.o
                              0xb1ce5 (size before relaxing)
 .debug_str     0x000b202e       0x2c ./Core/Src/stm32f3xx_hal_msp.o
                              0xb17e8 (size before relaxing)
 .debug_str     0x000b205a       0xef ./Core/Src/stm32f3xx_it.o
                              0xb1c92 (size before relaxing)
 .debug_str     0x000b2149       0xe9 ./Core/Src/system_stm32f3xx.o
                              0xb17f2 (size before relaxing)
 .debug_str     0x000b2232      0x3ac ./Core/Src/usart.o
                              0xb2179 (size before relaxing)
 .debug_str     0x000b25de       0x44 ./Core/Startup/startup_stm32f302retx.o
                                 0x6c (size before relaxing)
 .debug_str     0x000b2622      0x38d ./Drivers/STM32F3xx_HAL_Driver/Src/stm32f3xx_hal.o
                              0xb1ff6 (size before relaxing)
 .debug_str     0x000b29af      0x345 ./Drivers/STM32F3xx_HAL_Driver/Src/stm32f3xx_hal_cortex.o
                              0xb2048 (size before relaxing)
 .debug_str     0x000b2cf4      0x24d ./Drivers/STM32F3xx_HAL_Driver/Src/stm32f3xx_hal_dma.o
                              0xb1b3a (size before relaxing)
 .debug_str     0x000b2f41      0x12b ./Drivers/STM32F3xx_HAL_Driver/Src/stm32f3xx_hal_gpio.o
                              0xb1968 (size before relaxing)
 .debug_str     0x000b306c      0x2dd ./Drivers/STM32F3xx_HAL_Driver/Src/stm32f3xx_hal_rcc.o
                              0xb1c96 (size before relaxing)
 .debug_str     0x000b3349       0xbe ./Drivers/STM32F3xx_HAL_Driver/Src/stm32f3xx_hal_rcc_ex.o
                              0xb1aa5 (size before relaxing)
 .debug_str     0x000b3407      0x552 ./Drivers/STM32F3xx_HAL_Driver/Src/stm32f3xx_hal_spi.o
                              0xb2118 (size before relaxing)
 .debug_str     0x000b3959      0x823 ./Drivers/STM32F3xx_HAL_Driver/Src/stm32f3xx_hal_uart.o
                              0xb2515 (size before relaxing)
 .debug_str     0x000b417c      0x19c ./Drivers/STM32F3xx_HAL_Driver/Src/stm32f3xx_hal_uart_ex.o
                              0xb1e1a (size before relaxing)

.comment        0x00000000       0x43
 .comment       0x00000000       0x43 ./Core/Src/ext_flash_w25q64.o
                                 0x44 (size before relaxing)
 .comment       0x00000043       0x44 ./Core/Src/gpio.o
 .comment       0x00000043       0x44 ./Core/Src/main.o
 .comment       0x00000043       0x44 ./Core/Src/spi.o
 .comment       0x00000043       0x44 ./Core/Src/stm32f3xx_hal_msp.o
 .comment       0x00000043       0x44 ./Core/Src/stm32f3xx_it.o
 .comment       0x00000043       0x44 ./Core/Src/system_stm32f3xx.o
 .comment       0x00000043       0x44 ./Core/Src/usart.o
 .comment       0x00000043       0x44 ./Drivers/STM32F3xx_HAL_Driver/Src/stm32f3xx_hal.o
 .comment       0x00000043       0x44 ./Drivers/STM32F3xx_HAL_Driver/Src/stm32f3xx_hal_cortex.o
 .comment       0x00000043       0x44 ./Drivers/STM32F3xx_HAL_Driver/Src/stm32f3xx_hal_dma.o
 .comment       0x00000043       0x44 ./Drivers/STM32F3xx_HAL_Driver/Src/stm32f3xx_hal_gpio.o
 .comment       0x00000043       0x44 ./Drivers/STM32F3xx_HAL_Driver/Src/stm32f3xx_hal_rcc.o
 .comment       0x00000043       0x44 ./Drivers/STM32F3xx_HAL_Driver/Src/stm32f3xx_hal_rcc_ex.o
 .comment       0x00000043       0x44 ./Drivers/STM32F3xx_HAL_Driver/Src/stm32f3xx_hal_spi.o
 .comment       0x00000043       0x44 ./Drivers/STM32F3xx_HAL_Driver/Src/stm32f3xx_hal_uart.o
 .comment       0x00000043       0x44 ./Drivers/STM32F3xx_HAL_Driver/Src/stm32f3xx_hal_uart_ex.o

.debug_frame    0x00000000     0x27d0
 .debug_frame   0x00000000      0x228 ./Core/Src/ext_flash_w25q64.o
 .debug_frame   0x00000228       0x34 ./Core/Src/gpio.o
 .debug_frame   0x0000025c       0x94 ./Core/Src/main.o
 .debug_frame   0x000002f0       0x74 ./Core/Src/spi.o
 .debug_frame   0x00000364       0x38 ./Core/Src/stm32f3xx_hal_msp.o
 .debug_frame   0x0000039c      0x120 ./Core/Src/stm32f3xx_it.o
 .debug_frame   0x000004bc       0x58 ./Core/Src/system_stm32f3xx.o
 .debug_frame   0x00000514       0x74 ./Core/Src/usart.o
 .debug_frame   0x00000588      0x334 ./Drivers/STM32F3xx_HAL_Driver/Src/stm32f3xx_hal.o
 .debug_frame   0x000008bc      0x498 ./Drivers/STM32F3xx_HAL_Driver/Src/stm32f3xx_hal_cortex.o
 .debug_frame   0x00000d54      0x224 ./Drivers/STM32F3xx_HAL_Driver/Src/stm32f3xx_hal_dma.o
 .debug_frame   0x00000f78      0x14c ./Drivers/STM32F3xx_HAL_Driver/Src/stm32f3xx_hal_gpio.o
 .debug_frame   0x000010c4      0x214 ./Drivers/STM32F3xx_HAL_Driver/Src/stm32f3xx_hal_rcc.o
 .debug_frame   0x000012d8       0xb0 ./Drivers/STM32F3xx_HAL_Driver/Src/stm32f3xx_hal_rcc_ex.o
 .debug_frame   0x00001388      0x860 ./Drivers/STM32F3xx_HAL_Driver/Src/stm32f3xx_hal_spi.o
 .debug_frame   0x00001be8      0x9e8 ./Drivers/STM32F3xx_HAL_Driver/Src/stm32f3xx_hal_uart.o
 .debug_frame   0x000025d0      0x1b4 ./Drivers/STM32F3xx_HAL_Driver/Src/stm32f3xx_hal_uart_ex.o
 .debug_frame   0x00002784       0x20 C:/ST/STM32CubeIDE_1.10.1/STM32CubeIDE/plugins/com.st.stm32cube.ide.mcu.externaltools.gnu-tools-for-stm32.12.3.rel1.win32_1.0.100.202403111256/tools/bin/../lib/gcc/arm-none-eabi/12.3.1/../../../../arm-none-eabi/lib/thumb/v7e-m+fp/hard\libc_nano.a(libc_a-memset.o)
 .debug_frame   0x000027a4       0x2c C:/ST/STM32CubeIDE_1.10.1/STM32CubeIDE/plugins/com.st.stm32cube.ide.mcu.externaltools.gnu-tools-for-stm32.12.3.rel1.win32_1.0.100.202403111256/tools/bin/../lib/gcc/arm-none-eabi/12.3.1/../../../../arm-none-eabi/lib/thumb/v7e-m+fp/hard\libc_nano.a(libc_a-init.o)

.debug_line_str
                0x00000000       0x50
 .debug_line_str
                0x00000000       0x50 ./Core/Startup/startup_stm32f302retx.o
