../Core/Src/ext_flash_w25q64.c:12:6:clearBuffer	24	static
../Core/Src/ext_flash_w25q64.c:16:6:softDelay	16	static
../Core/Src/ext_flash_w25q64.c:19:6:flashDataCopy	32	static
../Core/Src/ext_flash_w25q64.c:23:6:extFlashHardReset	8	static
../Core/Src/ext_flash_w25q64.c:35:6:extFlashGetDeviceId	24	static
../Core/Src/ext_flash_w25q64.c:45:9:extFlashGetStatusReg1	16	static
../Core/Src/ext_flash_w25q64.c:56:9:extFlashGetStatusReg2	16	static
../Core/Src/ext_flash_w25q64.c:67:9:extFlashGetStatusReg3	16	static
../Core/Src/ext_flash_w25q64.c:78:6:extFlashSendCommand	16	static
../Core/Src/ext_flash_w25q64.c:85:6:extFlashPageRead	32	static
../Core/Src/ext_flash_w25q64.c:99:6:extFlashPageWrite	32	static
../Core/Src/ext_flash_w25q64.c:119:6:extFlashErase	24	static
../Core/Src/ext_flash_w25q64.c:139:6:extFlashEraseFotaSector	8	static
../Core/Src/ext_flash_w25q64.c:146:6:extFlashWriteHeader	24	static
../Core/Src/ext_flash_w25q64.c:158:6:resetFotaFlag	16	static
