../Src/app.c:149:6:removeQuotes	16	static
../Src/app.c:174:6:Vending_Machine_ModemHandler	8	static
../Src/app.c:219:6:Vending_Machine_State_Ctrl	8	static
../Src/app.c:242:6:Vending_Machine_SystemTest	8	static
../Src/app.c:318:6:Vending_Machine_SystemConfig	16	static
../Src/app.c:361:6:Vending_Machine_NormalOp	16	static
../Src/app.c:461:6:Vending_Machine_Fota	8	static
../Src/app.c:465:6:Vending_Machine_SystemFault	4	static
../Src/app.c:471:6:System_Variables_Init	8	static
../Src/app.c:514:6:Vending_Machine_PrepareAnnouncePacket	24	static
../Src/app.c:572:6:Vending_Machine_PrepareAckPacket	16	static
../Src/app.c:612:6:Vending_Machine_PrepareDispenseStatusPacket	16	static
../Src/app.c:665:6:Vending_Machine_PrepareStatusPacket	16	static
../Src/app.c:724:6:Vending_Machine_PrepareChannelChangeAckPacket	16	static
../Src/app.c:769:6:parseMessageFromServer	24	static
../Src/app.c:831:6:isTimerexpired	4	static
../Src/app.c:870:6:Vending_Machine_GetModemInfo	8	static
../Src/app.c:909:6:Vending_Machine_System_Init	8	static
../Src/app.c:934:6:Vending_Machine_ConnectToMqttServer	16	static
../Src/app.c:987:6:Vending_Machine_StartDispense	16	static
../Src/app.c:1034:6:ATCMD_A7672_ModuleHardRestart	8	static
../Src/app.c:1074:9:ATCMD_A7672_ModuleHardPowerOff	16	static
../Src/app.c:1086:6:vending_Machine_ErrorHandlerCallback	16	static
