../Core/Src/ext_flash_w25q64.c:12:6:clearBuffer	24	static
../Core/Src/ext_flash_w25q64.c:17:6:softDelay	16	static
../Core/Src/ext_flash_w25q64.c:21:6:flashDataCopy	32	static
../Core/Src/ext_flash_w25q64.c:25:6:extFlashInit	8	static
../Core/Src/ext_flash_w25q64.c:37:6:SPI_FLASH_getDeviceId	24	static
../Core/Src/ext_flash_w25q64.c:47:9:extFlashGetStatusReg1	16	static
../Core/Src/ext_flash_w25q64.c:58:9:extFlashGetStatusReg2	16	static
../Core/Src/ext_flash_w25q64.c:69:9:extFlashGetStatusReg3	16	static
../Core/Src/ext_flash_w25q64.c:80:6:extFlashSendCommand	16	static
../Core/Src/ext_flash_w25q64.c:88:6:extFlashUnlockAll	16	static
../Core/Src/ext_flash_w25q64.c:96:6:extFlashEnableWrite	16	static
../Core/Src/ext_flash_w25q64.c:104:6:extFlashPageRead	32	static
../Core/Src/ext_flash_w25q64.c:118:6:extFlashPageWrite	32	static
../Core/Src/ext_flash_w25q64.c:137:6:extFlashErase	24	static
