../Src/A7672/ATCMD_A7672_Callbacks.c:109:13:ATCMD_Default_Callback	40	static
../Src/A7672/ATCMD_A7672_Callbacks.c:179:13:ATCMD_Cpin_Status_Callback	56	static
../Src/A7672/ATCMD_A7672_Callbacks.c:254:13:ATCMD_Creg_Status_Callback	56	static
../Src/A7672/ATCMD_A7672_Callbacks.c:319:13:ATCMD_CNTP_Callback	56	static
../Src/A7672/ATCMD_A7672_Callbacks.c:384:13:ATCMD_GetDateTime_Callback	56	static
../Src/A7672/ATCMD_A7672_Callbacks.c:457:13:ATCMD_HttpAction_Get_Callback	56	static
../Src/A7672/ATCMD_A7672_Callbacks.c:539:13:ATCMD_HttpRead_Callback	56	static
../Src/A7672/ATCMD_A7672_Callbacks.c:655:13:ATCMD_CertDownload_Callback	56	static
../Src/A7672/ATCMD_A7672_Callbacks.c:728:13:ATCMD_Get_IMEI_Callback	64	static
../Src/A7672/ATCMD_A7672_Callbacks.c:819:13:ATCMD_Get_Signal_Strength_Callback	64	static
../Src/A7672/ATCMD_A7672_Callbacks.c:889:13:ATCMD_MQTT_Start_Callback	56	static
../Src/A7672/ATCMD_A7672_Callbacks.c:976:13:ATCMD_MQTT_Accquire_Client_Callback	56	static
../Src/A7672/ATCMD_A7672_Callbacks.c:1047:13:ATCMD_MQTT_Connect_Callback	56	static
../Src/A7672/ATCMD_A7672_Callbacks.c:1128:13:ATCMD_MQTT_Subtopic_Callback	56	static
../Src/A7672/ATCMD_A7672_Callbacks.c:1205:13:ATCMD_MQTT_Subscribe_Callback	56	static
../Src/A7672/ATCMD_A7672_Callbacks.c:1287:13:ATCMD_Check_Module_Certs_Callback	56	static
../Src/A7672/ATCMD_A7672_Callbacks.c:1369:13:ATCMD_MQTT_Pubtopic_Callback	56	static
../Src/A7672/ATCMD_A7672_Callbacks.c:1447:13:ATCMD_MQTT_PubPayload_Callback	56	static
../Src/A7672/ATCMD_A7672_Callbacks.c:1522:13:ATCMD_MQTT_Publish_Callback	56	static
../Src/A7672/ATCMD_A7672_Callbacks.c:1610:13:ATCMD_Pdp_Context_Check_Callback	56	static
../Src/A7672/ATCMD_A7672_Callbacks.c:1696:9:Urc_Sim_Check_Handler	16	static
../Src/A7672/ATCMD_A7672_Callbacks.c:1739:9:Urc_Module_Ready_Handler	16	static
../Src/A7672/ATCMD_A7672_Callbacks.c:1779:9:Urc_Module_Data_Handler	56	static
../Src/A7672/ATCMD_A7672_Callbacks.c:1835:9:Urc_Module_Mqtt_Conn_Handler	48	static
