../Src/A7672/ATCMD_A7672_Commands.c:114:6:ATCMD_A7672_Urc_Queue_Init	568	static
../Src/A7672/ATCMD_A7672_Commands.c:166:9:ATCMD_A7672_Module_Ready	352	static
../Src/A7672/ATCMD_A7672_Commands.c:219:9:ATCMD_A7672_Get_NTP_HostName	352	static
../Src/A7672/ATCMD_A7672_Commands.c:283:9:ATCMD_A7672_DisableAutoTimezoneUpdate	184	static
../Src/A7672/ATCMD_A7672_Commands.c:333:9:ATCMD_A7672_Update_Modem_DateTime	184	static
../Src/A7672/ATCMD_A7672_Commands.c:387:9:ATCMD_A7672_Get_DateTime	184	static
../Src/A7672/ATCMD_A7672_Commands.c:413:9:ATCMD_A7672_Reset_DateTime	184	static
../Src/A7672/ATCMD_A7672_Commands.c:470:9:ATCMD_A7672_Module_Check	688	static
../Src/A7672/ATCMD_A7672_Commands.c:534:9:ATCMD_A7672_HTTP_Set_DevName	16	static
../Src/A7672/ATCMD_A7672_Commands.c:575:11:ATCMD_A7672_HTTP_Get_DevName	4	static
../Src/A7672/ATCMD_A7672_Commands.c:612:9:ATCMD_A7672_HTTP_Set_CertURL	16	static
../Src/A7672/ATCMD_A7672_Commands.c:654:11:ATCMD_A7672_HTTP_Get_CertURL	4	static
../Src/A7672/ATCMD_A7672_Commands.c:691:9:ATCMD_A7672_HTTP_Set_PubKeyURL	16	static
../Src/A7672/ATCMD_A7672_Commands.c:734:10:ATCMD_A7672_HTTP_Get_PubKeyURL	4	static
../Src/A7672/ATCMD_A7672_Commands.c:770:9:ATCMD_A7672_HTTP_Set_PrivKeyURL	16	static
../Src/A7672/ATCMD_A7672_Commands.c:813:10:ATCMD_A7672_HTTP_Get_PrivKeyURL	4	static
../Src/A7672/ATCMD_A7672_Commands.c:849:9:ATCMD_A7672_HTTP_Set_DevProvURL	16	static
../Src/A7672/ATCMD_A7672_Commands.c:891:10:ATCMD_A7672_HTTP_Get_DevProvURL	4	static
../Src/A7672/ATCMD_A7672_Commands.c:928:9:ATCMD_A7672_HTTP_Set_RootCAURL	16	static
../Src/A7672/ATCMD_A7672_Commands.c:970:10:ATCMD_A7672_HTTP_Get_RootCAURL	4	static
../Src/A7672/ATCMD_A7672_Commands.c:1007:9:ATCMD_A7672_MQTT_Set_URL	16	static
../Src/A7672/ATCMD_A7672_Commands.c:1045:10:ATCMD_A7672_MQTT_Get_URL	4	static
../Src/A7672/ATCMD_A7672_Commands.c:1082:9:ATCMD_A7672_MQTT_Set_Port	16	static
../Src/A7672/ATCMD_A7672_Commands.c:1120:10:ATCMD_A7672_MQTT_Get_Port	4	static
../Src/A7672/ATCMD_A7672_Commands.c:1156:9:ATCMD_A7672_MQTT_Set_SubTopic	16	static
../Src/A7672/ATCMD_A7672_Commands.c:1194:10:ATCMD_A7672_MQTT_Get_SubTopic	4	static
../Src/A7672/ATCMD_A7672_Commands.c:1230:9:ATCMD_A7672_MQTT_Set_PubTopic	16	static
../Src/A7672/ATCMD_A7672_Commands.c:1268:10:ATCMD_A7672_MQTT_Get_PubTopic	4	static
../Src/A7672/ATCMD_A7672_Commands.c:1302:20:ATCMD_A7672_MQTT_Get_Connection_Status	4	static
../Src/A7672/ATCMD_A7672_Commands.c:1336:7:ATCMD_A7672_MQTT_Set_Connection_Status	16	static
../Src/A7672/ATCMD_A7672_Commands.c:1370:6:ATCMD_A7672_Register_Message_Callback	16	static
../Src/A7672/ATCMD_A7672_Commands.c:1407:6:ATCMD_A7672_Resgister_Status_Send_Callback	16	static
../Src/A7672/ATCMD_A7672_Commands.c:1445:6:ATCMD_A7672_Register_Error_Callback	16	static
../Src/A7672/ATCMD_A7672_Commands.c:1480:9:ATCMD_A7672_Is_Sim_Present	4	static
../Src/A7672/ATCMD_A7672_Commands.c:1515:9:ATCMD_A7672_Is_Phonebook_Done	4	static
../Src/A7672/ATCMD_A7672_Commands.c:1550:9:ATCMD_A7672_Module_On	8	static
../Src/A7672/ATCMD_A7672_Commands.c:1592:9:ATCMD_A7672_Provision_Device	1208	static
../Src/A7672/ATCMD_A7672_Commands.c:1666:10:ATCMD_A7672_HTTP_Get_Response_Code	4	static
../Src/A7672/ATCMD_A7672_Commands.c:1702:10:ATCMD_A7672_HTTP_Get_Bytes_Rcvd	4	static
../Src/A7672/ATCMD_A7672_Commands.c:1737:9:ATCMD_A7672_HTTP_Terminate	184	static
../Src/A7672/ATCMD_A7672_Commands.c:1802:10:ATCMD_A7672_HTTP_Read	184	static
../Src/A7672/ATCMD_A7672_Commands.c:1865:9:ATCMD_A7672_Download_Certificate	1376	static
../Src/A7672/ATCMD_A7672_Commands.c:1939:9:ATCMD_A7672_Download_Private_Key	1376	static
../Src/A7672/ATCMD_A7672_Commands.c:2013:9:ATCMD_A7672_Download_Public_Key	1376	static
../Src/A7672/ATCMD_A7672_Commands.c:2087:9:ATCMD_A7672_Download_Root_Ca	1376	static
../Src/A7672/ATCMD_A7672_Commands.c:2164:9:ATCMD_A7672_CertKey_Module_Download	192	static
../Src/A7672/ATCMD_A7672_Commands.c:2250:20:ATCMD_A7672_Get_IMEI_Number	184	static
../Src/A7672/ATCMD_A7672_Commands.c:2316:10:ATCMD_A7672_Get_Signal_Strength	184	static
../Src/A7672/ATCMD_A7672_Commands.c:2382:9:ATCMD_A7672_Module_Off	184	static
../Src/A7672/ATCMD_A7672_Commands.c:2442:9:ATCMD_A7672_Module_Reset	184	static
../Src/A7672/ATCMD_A7672_Commands.c:2503:14:ATCMD_A7672_Check_Module_Certificates	184	static
../Src/A7672/ATCMD_A7672_Commands.c:2564:9:ATCMD_A7672_Delete_Certificate	192	static
../Src/A7672/ATCMD_A7672_Commands.c:2629:9:ATCMD_A7672_Is_Module_Certificate	32	static
../Src/A7672/ATCMD_A7672_Commands.c:2674:9:ATCMD_A7672_Sslconf_Init	856	static
../Src/A7672/ATCMD_A7672_Commands.c:2739:10:ATCMD_A7672_MQTTS_Connect	688	static
../Src/A7672/ATCMD_A7672_Commands.c:2812:9:ATCMD_A7672_MQTTS_Disonnect	520	static
../Src/A7672/ATCMD_A7672_Commands.c:2871:9:ATCMD_A7672_MQTTS_Subscribe	352	static
../Src/A7672/ATCMD_A7672_Commands.c:2936:9:ATCMD_A7672_MQTTS_Publish	528	static
../Src/A7672/ATCMD_A7672_Commands.c:2990:10:getSignalStrengthPtr	4	static
../Src/A7672/ATCMD_A7672_Commands.c:3025:9:ATCMD_A7672_Check_Pdp_Context	184	static
../Src/A7672/ATCMD_A7672_Commands.c:3084:9:ATCMD_A7672_Set_Pdp_Context	184	static
