../Core/Src/ext_flash_w25q64.c:12:6:clearBuffer	24	static
../Core/Src/ext_flash_w25q64.c:17:6:softDelay	16	static
../Core/Src/ext_flash_w25q64.c:21:6:flashDataCopy	32	static
../Core/Src/ext_flash_w25q64.c:25:6:extFlashHardReset	8	static
../Core/Src/ext_flash_w25q64.c:38:6:extFlashGetDeviceId	24	static
../Core/Src/ext_flash_w25q64.c:46:9:extFlashGetStatusReg1	16	static
../Core/Src/ext_flash_w25q64.c:57:9:extFlashGetStatusReg2	16	static
../Core/Src/ext_flash_w25q64.c:68:9:extFlashGetStatusReg3	16	static
../Core/Src/ext_flash_w25q64.c:79:6:extFlashSendCommand	16	static
../Core/Src/ext_flash_w25q64.c:86:6:extFlashPageRead	32	static
../Core/Src/ext_flash_w25q64.c:100:6:extFlashPageWrite	32	static
../Core/Src/ext_flash_w25q64.c:120:6:extFlashErase	24	static
../Core/Src/ext_flash_w25q64.c:140:6:extFlashEraseFotaSector	8	static
../Core/Src/ext_flash_w25q64.c:147:6:extFlashWriteHeader	24	static
../Core/Src/ext_flash_w25q64.c:159:6:resetFotaFlag	16	static
