../Src/JSON/JSONWriter.c:36:6:jwOpen	24	static
../Src/JSON/JSONWriter.c:66:5:jwClose	16	static
../Src/JSON/JSONWriter.c:87:5:jwEnd	24	static
../Src/JSON/JSONWriter.c:107:5:jwErrorPos	16	static
../Src/JSON/JSONWriter.c:119:6:jwObj_raw	24	static
../Src/JSON/JSONWriter.c:129:6:jwObj_string	24	static
../Src/JSON/JSONWriter.c:141:6:jwObj_int	24	static
../Src/JSON/JSONWriter.c:153:6:jwObj_double	24	static
../Src/JSON/JSONWriter.c:165:6:jwObj_bool	24	static
../Src/JSON/JSONWriter.c:175:6:jwObj_null	16	static
../Src/JSON/JSONWriter.c:186:6:jwObj_object	16	static
../Src/JSON/JSONWriter.c:199:6:jwObj_array	16	static
../Src/JSON/JSONWriter.c:217:6:jwArr_raw	16	static
../Src/JSON/JSONWriter.c:227:6:jwArr_string	16	static
../Src/JSON/JSONWriter.c:237:6:jwArr_int	16	static
../Src/JSON/JSONWriter.c:247:6:jwArr_double	24	static
../Src/JSON/JSONWriter.c:257:6:jwArr_bool	16	static
../Src/JSON/JSONWriter.c:266:6:jwArr_null	16	static
../Src/JSON/JSONWriter.c:275:6:jwArr_object	16	static
../Src/JSON/JSONWriter.c:288:6:jwArr_array	16	static
../Src/JSON/JSONWriter.c:301:7:jwErrorToString	16	static
../Src/JSON/JSONWriter.c:325:6:jwPretty	24	static
../Src/JSON/JSONWriter.c:341:6:jwPush	16	static
../Src/JSON/JSONWriter.c:356:17:jwPop	24	static
../Src/JSON/JSONWriter.c:370:6:jwPutch	16	static
../Src/JSON/JSONWriter.c:386:6:jwPutstr	16	static
../Src/JSON/JSONWriter.c:400:6:jwPutraw	16	static
../Src/JSON/JSONWriter.c:413:5:_jwObj	24	static
../Src/JSON/JSONWriter.c:439:5:_jwArr	24	static
../Src/JSON/JSONWriter.c:457:13:strreverse	24	static
../Src/JSON/JSONWriter.c:472:6:modp_itoa10	24	static
../Src/JSON/JSONWriter.c:499:6:modp_dtoa2	64	static
