Archive member included to satisfy reference by file (symbol)

C:/ST/STM32CubeIDE_1.10.1/STM32CubeIDE/plugins/com.st.stm32cube.ide.mcu.externaltools.gnu-tools-for-stm32.12.3.rel1.win32_1.0.100.202403111256/tools/bin/../lib/gcc/arm-none-eabi/12.3.1/../../../../arm-none-eabi/lib/thumb/v7e-m+fp/hard\libc_nano.a(libc_a-exit.o)
                              C:/ST/STM32CubeIDE_1.10.1/STM32CubeIDE/plugins/com.st.stm32cube.ide.mcu.externaltools.gnu-tools-for-stm32.12.3.rel1.win32_1.0.100.202403111256/tools/bin/../lib/gcc/arm-none-eabi/12.3.1/../../../../arm-none-eabi/lib/thumb/v7e-m+fp/hard/crt0.o (exit)
C:/ST/STM32CubeIDE_1.10.1/STM32CubeIDE/plugins/com.st.stm32cube.ide.mcu.externaltools.gnu-tools-for-stm32.12.3.rel1.win32_1.0.100.202403111256/tools/bin/../lib/gcc/arm-none-eabi/12.3.1/../../../../arm-none-eabi/lib/thumb/v7e-m+fp/hard\libc_nano.a(libc_a-findfp.o)
                              C:/ST/STM32CubeIDE_1.10.1/STM32CubeIDE/plugins/com.st.stm32cube.ide.mcu.externaltools.gnu-tools-for-stm32.12.3.rel1.win32_1.0.100.202403111256/tools/bin/../lib/gcc/arm-none-eabi/12.3.1/../../../../arm-none-eabi/lib/thumb/v7e-m+fp/hard\libc_nano.a(libc_a-exit.o) (__stdio_exit_handler)
C:/ST/STM32CubeIDE_1.10.1/STM32CubeIDE/plugins/com.st.stm32cube.ide.mcu.externaltools.gnu-tools-for-stm32.12.3.rel1.win32_1.0.100.202403111256/tools/bin/../lib/gcc/arm-none-eabi/12.3.1/../../../../arm-none-eabi/lib/thumb/v7e-m+fp/hard\libc_nano.a(libc_a-fwalk.o)
                              C:/ST/STM32CubeIDE_1.10.1/STM32CubeIDE/plugins/com.st.stm32cube.ide.mcu.externaltools.gnu-tools-for-stm32.12.3.rel1.win32_1.0.100.202403111256/tools/bin/../lib/gcc/arm-none-eabi/12.3.1/../../../../arm-none-eabi/lib/thumb/v7e-m+fp/hard\libc_nano.a(libc_a-findfp.o) (_fwalk_sglue)
C:/ST/STM32CubeIDE_1.10.1/STM32CubeIDE/plugins/com.st.stm32cube.ide.mcu.externaltools.gnu-tools-for-stm32.12.3.rel1.win32_1.0.100.202403111256/tools/bin/../lib/gcc/arm-none-eabi/12.3.1/../../../../arm-none-eabi/lib/thumb/v7e-m+fp/hard\libc_nano.a(libc_a-stdio.o)
                              C:/ST/STM32CubeIDE_1.10.1/STM32CubeIDE/plugins/com.st.stm32cube.ide.mcu.externaltools.gnu-tools-for-stm32.12.3.rel1.win32_1.0.100.202403111256/tools/bin/../lib/gcc/arm-none-eabi/12.3.1/../../../../arm-none-eabi/lib/thumb/v7e-m+fp/hard\libc_nano.a(libc_a-findfp.o) (__sread)
C:/ST/STM32CubeIDE_1.10.1/STM32CubeIDE/plugins/com.st.stm32cube.ide.mcu.externaltools.gnu-tools-for-stm32.12.3.rel1.win32_1.0.100.202403111256/tools/bin/../lib/gcc/arm-none-eabi/12.3.1/../../../../arm-none-eabi/lib/thumb/v7e-m+fp/hard\libc_nano.a(libc_a-memset.o)
                              C:/ST/STM32CubeIDE_1.10.1/STM32CubeIDE/plugins/com.st.stm32cube.ide.mcu.externaltools.gnu-tools-for-stm32.12.3.rel1.win32_1.0.100.202403111256/tools/bin/../lib/gcc/arm-none-eabi/12.3.1/../../../../arm-none-eabi/lib/thumb/v7e-m+fp/hard/crt0.o (memset)
C:/ST/STM32CubeIDE_1.10.1/STM32CubeIDE/plugins/com.st.stm32cube.ide.mcu.externaltools.gnu-tools-for-stm32.12.3.rel1.win32_1.0.100.202403111256/tools/bin/../lib/gcc/arm-none-eabi/12.3.1/../../../../arm-none-eabi/lib/thumb/v7e-m+fp/hard\libc_nano.a(libc_a-strcat.o)
                              ./Src/A7672/ATCMD_A7672_Commands.o (strcat)
C:/ST/STM32CubeIDE_1.10.1/STM32CubeIDE/plugins/com.st.stm32cube.ide.mcu.externaltools.gnu-tools-for-stm32.12.3.rel1.win32_1.0.100.202403111256/tools/bin/../lib/gcc/arm-none-eabi/12.3.1/../../../../arm-none-eabi/lib/thumb/v7e-m+fp/hard\libc_nano.a(libc_a-strchr.o)
                              ./Src/A7672/ATCMD_A7672_Callbacks.o (strchr)
C:/ST/STM32CubeIDE_1.10.1/STM32CubeIDE/plugins/com.st.stm32cube.ide.mcu.externaltools.gnu-tools-for-stm32.12.3.rel1.win32_1.0.100.202403111256/tools/bin/../lib/gcc/arm-none-eabi/12.3.1/../../../../arm-none-eabi/lib/thumb/v7e-m+fp/hard\libc_nano.a(libc_a-strlcat.o)
                              ./Src/A7672/ATCMD_A7672_Commands.o (strlcat)
C:/ST/STM32CubeIDE_1.10.1/STM32CubeIDE/plugins/com.st.stm32cube.ide.mcu.externaltools.gnu-tools-for-stm32.12.3.rel1.win32_1.0.100.202403111256/tools/bin/../lib/gcc/arm-none-eabi/12.3.1/../../../../arm-none-eabi/lib/thumb/v7e-m+fp/hard\libc_nano.a(libc_a-strlcpy.o)
                              ./Src/A7672/ATCMD_A7672_Commands.o (strlcpy)
C:/ST/STM32CubeIDE_1.10.1/STM32CubeIDE/plugins/com.st.stm32cube.ide.mcu.externaltools.gnu-tools-for-stm32.12.3.rel1.win32_1.0.100.202403111256/tools/bin/../lib/gcc/arm-none-eabi/12.3.1/../../../../arm-none-eabi/lib/thumb/v7e-m+fp/hard\libc_nano.a(libc_a-strncat.o)
                              ./Src/A7672/ATCMD_A7672_Commands.o (strncat)
C:/ST/STM32CubeIDE_1.10.1/STM32CubeIDE/plugins/com.st.stm32cube.ide.mcu.externaltools.gnu-tools-for-stm32.12.3.rel1.win32_1.0.100.202403111256/tools/bin/../lib/gcc/arm-none-eabi/12.3.1/../../../../arm-none-eabi/lib/thumb/v7e-m+fp/hard\libc_nano.a(libc_a-strncmp.o)
                              ./Src/A7672/ATCMD_A7672_Callbacks.o (strncmp)
[...]
Memory Configuration

Name             Origin             Length             Attributes
CCMRAM           0x10000000         0x00002000         xrw
RAM              0x20000000         0x00008000         xrw
FLASH            0x08000000         0x00020000         xr
*default*        0x00000000         0xffffffff

Linker script and memory map

LOAD C:/ST/STM32CubeIDE_1.10.1/STM32CubeIDE/plugins/com.st.stm32cube.ide.mcu.externaltools.gnu-tools-for-stm32.12.3.rel1.win32_1.0.100.202403111256/tools/bin/../lib/gcc/arm-none-eabi/12.3.1/thumb/v7e-m+fp/hard/crti.o
LOAD C:/ST/STM32CubeIDE_1.10.1/STM32CubeIDE/plugins/com.st.stm32cube.ide.mcu.externaltools.gnu-tools-for-stm32.12.3.rel1.win32_1.0.100.202403111256/tools/bin/../lib/gcc/arm-none-eabi/12.3.1/thumb/v7e-m+fp/hard/crtbegin.o
LOAD C:/ST/STM32CubeIDE_1.10.1/STM32CubeIDE/plugins/com.st.stm32cube.ide.mcu.externaltools.gnu-tools-for-stm32.12.3.rel1.win32_1.0.100.202403111256/tools/bin/../lib/gcc/arm-none-eabi/12.3.1/../../../../arm-none-eabi/lib/thumb/v7e-m+fp/hard/crt0.o
LOAD ./Src/A7672/ATCMD_A7672_Callbacks.o
LOAD ./Src/A7672/ATCMD_A7672_Commands.o
LOAD ./Src/A7672/ATCMD_Core.o
LOAD ./Src/A7672/ATCMD_Queue_Mgmt.o
LOAD ./Src/JSON/JSONParser.o
LOAD ./Src/JSON/JSONWriter.o
LOAD ./Src/Misc/Motor.o
LOAD ./Src/Misc/Sensor.o
LOAD ./Src/Misc/led.o
LOAD ./Src/System/adc.o
LOAD ./Src/System/common.o
LOAD ./Src/System/gpio.o
LOAD ./Src/System/spi.o
LOAD ./Src/System/sys_peri_clock.o
LOAD ./Src/System/timer.o
LOAD ./Src/System/uart.o
LOAD ./Src/app.o
LOAD ./Src/main.o
LOAD ./Src/syscalls.o
LOAD ./Src/sysmem.o
LOAD ./Src/osKernel/osKernel.o
LOAD ./Startup/startup_stm32f302rbtx.o
START GROUP
LOAD C:/ST/STM32CubeIDE_1.10.1/STM32CubeIDE/plugins/com.st.stm32cube.ide.mcu.externaltools.gnu-tools-for-stm32.12.3.rel1.win32_1.0.100.202403111256/tools/bin/../lib/gcc/arm-none-eabi/12.3.1/../../../../arm-none-eabi/lib/thumb/v7e-m+fp/hard\libc_nano.a
LOAD C:/ST/STM32CubeIDE_1.10.1/STM32CubeIDE/plugins/com.st.stm32cube.ide.mcu.externaltools.gnu-tools-for-stm32.12.3.rel1.win32_1.0.100.202403111256/tools/bin/../lib/gcc/arm-none-eabi/12.3.1/../../../../arm-none-eabi/lib/thumb/v7e-m+fp/hard\libm.a
END GROUP
START GROUP
LOAD C:/ST/STM32CubeIDE_1.10.1/STM32CubeIDE/plugins/com.st.stm32cube.ide.mcu.externaltools.gnu-tools-for-stm32.12.3.rel1.win32_1.0.100.202403111256/tools/bin/../lib/gcc/arm-none-eabi/12.3.1/thumb/v7e-m+fp/hard\libgcc.a
LOAD C:/ST/STM32CubeIDE_1.10.1/STM32CubeIDE/plugins/com.st.stm32cube.ide.mcu.externaltools.gnu-tools-for-stm32.12.3.rel1.win32_1.0.100.202403111256/tools/bin/../lib/gcc/arm-none-eabi/12.3.1/../../../../arm-none-eabi/lib/thumb/v7e-m+fp/hard\libc_nano.a
END GROUP
START GROUP
LOAD C:/ST/STM32CubeIDE_1.10.1/STM32CubeIDE/plugins/com.st.stm32cube.ide.mcu.externaltools.gnu-tools-for-stm32.12.3.rel1.win32_1.0.100.202403111256/tools/bin/../lib/gcc/arm-none-eabi/12.3.1/thumb/v7e-m+fp/hard\libgcc.a
LOAD C:/ST/STM32CubeIDE_1.10.1/STM32CubeIDE/plugins/com.st.stm32cube.ide.mcu.externaltools.gnu-tools-for-stm32.12.3.rel1.win32_1.0.100.202403111256/tools/bin/../lib/gcc/arm-none-eabi/12.3.1/../../../../arm-none-eabi/lib/thumb/v7e-m+fp/hard\libc_nano.a
LOAD C:/ST/STM32CubeIDE_1.10.1/STM32CubeIDE/plugins/com.st.stm32cube.ide.mcu.externaltools.gnu-tools-for-stm32.12.3.rel1.win32_1.0.100.202403111256/tools/bin/../lib/gcc/arm-none-eabi/12.3.1/../../../../arm-none-eabi/lib/thumb/v7e-m+fp/hard\libnosys.a
END GROUP
START GROUP
LOAD C:/ST/STM32CubeIDE_1.10.1/STM32CubeIDE/plugins/com.st.stm32cube.ide.mcu.externaltools.gnu-tools-for-stm32.12.3.rel1.win32_1.0.100.202403111256/tools/bin/../lib/gcc/arm-none-eabi/12.3.1/thumb/v7e-m+fp/hard\libgcc.a
LOAD C:/ST/STM32CubeIDE_1.10.1/STM32CubeIDE/plugins/com.st.stm32cube.ide.mcu.externaltools.gnu-tools-for-stm32.12.3.rel1.win32_1.0.100.202403111256/tools/bin/../lib/gcc/arm-none-eabi/12.3.1/../../../../arm-none-eabi/lib/thumb/v7e-m+fp/hard\libc_nano.a
LOAD C:/ST/STM32CubeIDE_1.10.1/STM32CubeIDE/plugins/com.st.stm32cube.ide.mcu.externaltools.gnu-tools-for-stm32.12.3.rel1.win32_1.0.100.202403111256/tools/bin/../lib/gcc/arm-none-eabi/12.3.1/../../../../arm-none-eabi/lib/thumb/v7e-m+fp/hard\libnosys.a
END GROUP
LOAD C:/ST/STM32CubeIDE_1.10.1/STM32CubeIDE/plugins/com.st.stm32cube.ide.mcu.externaltools.gnu-tools-for-stm32.12.3.rel1.win32_1.0.100.202403111256/tools/bin/../lib/gcc/arm-none-eabi/12.3.1/thumb/v7e-m+fp/hard/crtend.o
LOAD C:/ST/STM32CubeIDE_1.10.1/STM32CubeIDE/plugins/com.st.stm32cube.ide.mcu.externaltools.gnu-tools-for-stm32.12.3.rel1.win32_1.0.100.202403111256/tools/bin/../lib/gcc/arm-none-eabi/12.3.1/thumb/v7e-m+fp/hard/crtn.o
                0x20008000                        _estack = (ORIGIN (RAM) + LENGTH (RAM))
                0x00000200                        _Min_Heap_Size = 0x200
                0x00000400                        _Min_Stack_Size = 0x400

.isr_vector     0x08000000      0x174
                0x08000000                        . = ALIGN (0x4)
 *(.isr_vector)
 .isr_vector    0x08000000      0x174 ./Startup/startup_stm32f302rbtx.o
                0x08000000                g_pfnVectors
                0x08000174                        . = ALIGN (0x4)

.text           0x08000178     0x9530
                0x08000178                        . = ALIGN (0x4)
 *(.text)
 .text          0x08000178       0x40 C:/ST/STM32CubeIDE_1.10.1/STM32CubeIDE/plugins/com.st.stm32cube.ide.mcu.externaltools.gnu-tools-for-stm32.12.3.rel1.win32_1.0.100.202403111256/tools/bin/../lib/gcc/arm-none-eabi/12.3.1/thumb/v7e-m+fp/hard/crtbegin.o
 .text          0x080001b8       0x14 C:/ST/STM32CubeIDE_1.10.1/STM32CubeIDE/plugins/com.st.stm32cube.ide.mcu.externaltools.gnu-tools-for-stm32.12.3.rel1.win32_1.0.100.202403111256/tools/bin/../lib/gcc/arm-none-eabi/12.3.1/../../../../arm-none-eabi/lib/thumb/v7e-m+fp/hard\libc_nano.a(libc_a-strcmp.o)
                0x080001b8                strcmp
 .text          0x080001cc       0x10 C:/ST/STM32CubeIDE_1.10.1/STM32CubeIDE/plugins/com.st.stm32cube.ide.mcu.externaltools.gnu-tools-for-stm32.12.3.rel1.win32_1.0.100.202403111256/tools/bin/../lib/gcc/arm-none-eabi/12.3.1/../../../../arm-none-eabi/lib/thumb/v7e-m+fp/hard\libc_nano.a(libc_a-strlen.o)
                0x080001cc                strlen
 .text          0x080001dc      0x378 C:/ST/STM32CubeIDE_1.10.1/STM32CubeIDE/plugins/com.st.stm32cube.ide.mcu.externaltools.gnu-tools-for-stm32.12.3.rel1.win32_1.0.100.202403111256/tools/bin/../lib/gcc/arm-none-eabi/12.3.1/thumb/v7e-m+fp/hard\libgcc.a(_arm_addsubdf3.o)
                0x080001dc                __aeabi_drsub
                0x080001e4                __aeabi_dsub
                0x080001e4                __subdf3
                0x080001e8                __aeabi_dadd
                0x080001e8                __adddf3
                0x08000460                __floatunsidf
                0x08000460                __aeabi_ui2d
                0x08000480                __floatsidf
                0x08000480                __aeabi_i2d
                0x080004a4                __aeabi_f2d
                0x080004a4                __extendsfdf2
                0x080004e8                __floatundidf
                0x080004e8                __aeabi_ul2d
                0x080004f8                __floatdidf
                0x080004f8                __aeabi_l2d
 .text          0x08000554      0x424 C:/ST/STM32CubeIDE_1.10.1/STM32CubeIDE/plugins/com.st.stm32cube.ide.mcu.externaltools.gnu-tools-for-stm32.12.3.rel1.win32_1.0.100.202403111256/tools/bin/../lib/gcc/arm-none-eabi/12.3.1/thumb/v7e-m+fp/hard\libgcc.a(_arm_muldivdf3.o)
                0x08000554                __aeabi_dmul
                0x08000554                __muldf3
                0x080007a8                __divdf3
                0x080007a8                __aeabi_ddiv
 .text          0x08000978      0x110 C:/ST/STM32CubeIDE_1.10.1/STM32CubeIDE/plugins/com.st.stm32cube.ide.mcu.externaltools.gnu-tools-for-stm32.12.3.rel1.win32_1.0.100.202403111256/tools/bin/../lib/gcc/arm-none-eabi/12.3.1/thumb/v7e-m+fp/hard\libgcc.a(_arm_cmpdf2.o)
                0x08000978                __gtdf2
                0x08000978                __gedf2
                0x08000980                __ltdf2
                0x08000980                __ledf2
                0x08000988                __nedf2
                0x08000988                __eqdf2
                0x08000988                __cmpdf2
                0x08000a04                __aeabi_cdrcmple
                0x08000a14                __aeabi_cdcmpeq
                0x08000a14                __aeabi_cdcmple
                0x08000a24                __aeabi_dcmpeq
                0x08000a38                __aeabi_dcmplt
                0x08000a4c                __aeabi_dcmple
                0x08000a60                __aeabi_dcmpge
                0x08000a74                __aeabi_dcmpgt
 .text          0x08000a88       0x50 C:/ST/STM32CubeIDE_1.10.1/STM32CubeIDE/plugins/com.st.stm32cube.ide.mcu.externaltools.gnu-tools-for-stm32.12.3.rel1.win32_1.0.100.202403111256/tools/bin/../lib/gcc/arm-none-eabi/12.3.1/thumb/v7e-m+fp/hard\libgcc.a(_arm_fixdfsi.o)
                0x08000a88                __aeabi_d2iz
                0x08000a88                __fixdfsi
 .text          0x08000ad8       0x40 C:/ST/STM32CubeIDE_1.10.1/STM32CubeIDE/plugins/com.st.stm32cube.ide.mcu.externaltools.gnu-tools-for-stm32.12.3.rel1.win32_1.0.100.202403111256/tools/bin/../lib/gcc/arm-none-eabi/12.3.1/thumb/v7e-m+fp/hard\libgcc.a(_arm_fixunsdfsi.o)
                0x08000ad8                __aeabi_d2uiz
                0x08000ad8                __fixunsdfsi
 .text          0x08000b18       0xa0 C:/ST/STM32CubeIDE_1.10.1/STM32CubeIDE/plugins/com.st.stm32cube.ide.mcu.externaltools.gnu-tools-for-stm32.12.3.rel1.win32_1.0.100.202403111256/tools/bin/../lib/gcc/arm-none-eabi/12.3.1/thumb/v7e-m+fp/hard\libgcc.a(_arm_truncdfsf2.o)
                0x08000b18                __truncdfsf2
                0x08000b18                __aeabi_d2f
 *(.text*)
 .text.ATCMD_Default_Callback
                0x08000bb8       0xe8 ./Src/A7672/ATCMD_A7672_Callbacks.o
                0x08000bb8                ATCMD_Default_Callback
 .text.ATCMD_Cpin_Status_Callback
                0x08000ca0      0x118 ./Src/A7672/ATCMD_A7672_Callbacks.o
                0x08000ca0                ATCMD_Cpin_Status_Callback
 .text.ATCMD_Creg_Status_Callback
                0x08000db8      0x104 ./Src/A7672/ATCMD_A7672_Callbacks.o
                0x08000db8                ATCMD_Creg_Status_Callback
 .text.ATCMD_CNTP_Callback
                0x08000ebc      0x15c ./Src/A7672/ATCMD_A7672_Callbacks.o
                0x08000ebc                ATCMD_CNTP_Callback
 .text.ATCMD_GetDateTime_Callback
                0x08001018      0x15c ./Src/A7672/ATCMD_A7672_Callbacks.o
                0x08001018                ATCMD_GetDateTime_Callback
 .text.ATCMD_HttpAction_Get_Callback
                0x08001174      0x174 ./Src/A7672/ATCMD_A7672_Callbacks.o
                0x08001174                ATCMD_HttpAction_Get_Callback
 .text.ATCMD_HttpRead_Callback
                0x080012e8      0x258 ./Src/A7672/ATCMD_A7672_Callbacks.o
                0x080012e8                ATCMD_HttpRead_Callback
 .text.ATCMD_CertDownload_Callback
                0x08001540      0x11c ./Src/A7672/ATCMD_A7672_Callbacks.o
                0x08001540                ATCMD_CertDownload_Callback
 .text.ATCMD_Get_IMEI_Callback
                0x0800165c      0x1ac ./Src/A7672/ATCMD_A7672_Callbacks.o
                0x0800165c                ATCMD_Get_IMEI_Callback
 .text.ATCMD_Get_Signal_Strength_Callback
                0x08001808      0x140 ./Src/A7672/ATCMD_A7672_Callbacks.o
                0x08001808                ATCMD_Get_Signal_Strength_Callback
 .text.ATCMD_MQTT_Start_Callback
                0x08001948      0x140 ./Src/A7672/ATCMD_A7672_Callbacks.o
                0x08001948                ATCMD_MQTT_Start_Callback
 .text.ATCMD_MQTT_Accquire_Client_Callback
                0x08001a88       0xf8 ./Src/A7672/ATCMD_A7672_Callbacks.o
                0x08001a88                ATCMD_MQTT_Accquire_Client_Callback
 .text.ATCMD_MQTT_Connect_Callback
                0x08001b80      0x13c ./Src/A7672/ATCMD_A7672_Callbacks.o
                0x08001b80                ATCMD_MQTT_Connect_Callback
 .text.ATCMD_MQTT_Subtopic_Callback
                0x08001cbc      0x14c ./Src/A7672/ATCMD_A7672_Callbacks.o
                0x08001cbc                ATCMD_MQTT_Subtopic_Callback
 .text.ATCMD_MQTT_Subscribe_Callback
                0x08001e08      0x13c ./Src/A7672/ATCMD_A7672_Callbacks.o
                0x08001e08                ATCMD_MQTT_Subscribe_Callback
 .text.ATCMD_Check_Module_Certs_Callback
                0x08001f44      0x170 ./Src/A7672/ATCMD_A7672_Callbacks.o
                0x08001f44                ATCMD_Check_Module_Certs_Callback
 .text.ATCMD_MQTT_Pubtopic_Callback
                0x080020b4      0x15c ./Src/A7672/ATCMD_A7672_Callbacks.o
                0x080020b4                ATCMD_MQTT_Pubtopic_Callback
 .text.ATCMD_MQTT_PubPayload_Callback
                0x08002210      0x14c ./Src/A7672/ATCMD_A7672_Callbacks.o
                0x08002210                ATCMD_MQTT_PubPayload_Callback
 .text.ATCMD_MQTT_Publish_Callback
                0x0800235c      0x13c ./Src/A7672/ATCMD_A7672_Callbacks.o
                0x0800235c                ATCMD_MQTT_Publish_Callback
 .text.ATCMD_Pdp_Context_Check_Callback
                0x08002498      0x148 ./Src/A7672/ATCMD_A7672_Callbacks.o
                0x08002498                ATCMD_Pdp_Context_Check_Callback
 .text.Urc_Sim_Check_Handler
                0x080025e0       0x5c ./Src/A7672/ATCMD_A7672_Callbacks.o
                0x080025e0                Urc_Sim_Check_Handler
 .text.Urc_Module_Ready_Handler
                0x0800263c       0x40 ./Src/A7672/ATCMD_A7672_Callbacks.o
                0x0800263c                Urc_Module_Ready_Handler
 .text.Urc_Module_Data_Handler
                0x0800267c       0xdc ./Src/A7672/ATCMD_A7672_Callbacks.o
                0x0800267c                Urc_Module_Data_Handler
 .text.Urc_Module_Mqtt_Conn_Handler
                0x08002758       0xc8 ./Src/A7672/ATCMD_A7672_Callbacks.o
                0x08002758                Urc_Module_Mqtt_Conn_Handler
 .text.ATCMD_A7672_Urc_Queue_Init
                0x08002820      0x2e8 ./Src/A7672/ATCMD_A7672_Commands.o
                0x08002820                ATCMD_A7672_Urc_Queue_Init
 .text.ATCMD_A7672_Module_Ready
                0x08002b08       0x9c ./Src/A7672/ATCMD_A7672_Commands.o
                0x08002b08                ATCMD_A7672_Module_Ready
 .text.ATCMD_A7672_Get_NTP_HostName
                0x08002ba4       0x9c ./Src/A7672/ATCMD_A7672_Commands.o
                0x08002ba4                ATCMD_A7672_Get_NTP_HostName
 .text.ATCMD_A7672_Update_Modem_DateTime
                0x08002c40       0xb0 ./Src/A7672/ATCMD_A7672_Commands.o
                0x08002c40                ATCMD_A7672_Update_Modem_DateTime
 .text.ATCMD_A7672_Get_DateTime
                0x08002cf0       0xb0 ./Src/A7672/ATCMD_A7672_Commands.o
                0x08002cf0                ATCMD_A7672_Get_DateTime
 .text.ATCMD_A7672_Module_Check
                0x08002da0       0xa0 ./Src/A7672/ATCMD_A7672_Commands.o
                0x08002da0                ATCMD_A7672_Module_Check
 .text.ATCMD_A7672_HTTP_Set_DevName
                0x08002e40       0x34 ./Src/A7672/ATCMD_A7672_Commands.o
                0x08002e40                ATCMD_A7672_HTTP_Set_DevName
 .text.ATCMD_A7672_HTTP_Get_DevName
                0x08002e74       0x14 ./Src/A7672/ATCMD_A7672_Commands.o
                0x08002e74                ATCMD_A7672_HTTP_Get_DevName
 .text.ATCMD_A7672_HTTP_Set_CertURL
                0x08002e88       0x58 ./Src/A7672/ATCMD_A7672_Commands.o
                0x08002e88                ATCMD_A7672_HTTP_Set_CertURL
 .text.ATCMD_A7672_HTTP_Set_PrivKeyURL
                0x08002ee0       0x68 ./Src/A7672/ATCMD_A7672_Commands.o
                0x08002ee0                ATCMD_A7672_HTTP_Set_PrivKeyURL
 .text.ATCMD_A7672_HTTP_Set_DevProvURL
                0x08002f48       0x68 ./Src/A7672/ATCMD_A7672_Commands.o
                0x08002f48                ATCMD_A7672_HTTP_Set_DevProvURL
 .text.ATCMD_A7672_HTTP_Set_RootCAURL
                0x08002fb0       0x68 ./Src/A7672/ATCMD_A7672_Commands.o
                0x08002fb0                ATCMD_A7672_HTTP_Set_RootCAURL
 .text.ATCMD_A7672_MQTT_Set_URL
                0x08003018       0x3c ./Src/A7672/ATCMD_A7672_Commands.o
                0x08003018                ATCMD_A7672_MQTT_Set_URL
 .text.ATCMD_A7672_MQTT_Set_Port
                0x08003054       0x3c ./Src/A7672/ATCMD_A7672_Commands.o
                0x08003054                ATCMD_A7672_MQTT_Set_Port
 .text.ATCMD_A7672_MQTT_Set_SubTopic
                0x08003090       0x3c ./Src/A7672/ATCMD_A7672_Commands.o
                0x08003090                ATCMD_A7672_MQTT_Set_SubTopic
 .text.ATCMD_A7672_MQTT_Get_SubTopic
                0x080030cc       0x14 ./Src/A7672/ATCMD_A7672_Commands.o
                0x080030cc                ATCMD_A7672_MQTT_Get_SubTopic
 .text.ATCMD_A7672_MQTT_Set_PubTopic
                0x080030e0       0x3c ./Src/A7672/ATCMD_A7672_Commands.o
                0x080030e0                ATCMD_A7672_MQTT_Set_PubTopic
 .text.ATCMD_A7672_MQTT_Get_PubTopic
                0x0800311c       0x14 ./Src/A7672/ATCMD_A7672_Commands.o
                0x0800311c                ATCMD_A7672_MQTT_Get_PubTopic
 .text.ATCMD_A7672_MQTT_Get_Connection_Status
                0x08003130       0x18 ./Src/A7672/ATCMD_A7672_Commands.o
                0x08003130                ATCMD_A7672_MQTT_Get_Connection_Status
 .text.ATCMD_A7672_MQTT_Set_Connection_Status
                0x08003148       0x24 ./Src/A7672/ATCMD_A7672_Commands.o
                0x08003148                ATCMD_A7672_MQTT_Set_Connection_Status
 .text.ATCMD_A7672_Register_Message_Callback
                0x0800316c       0x20 ./Src/A7672/ATCMD_A7672_Commands.o
                0x0800316c                ATCMD_A7672_Register_Message_Callback
 .text.ATCMD_A7672_Resgister_Status_Send_Callback
                0x0800318c       0x44 ./Src/A7672/ATCMD_A7672_Commands.o
                0x0800318c                ATCMD_A7672_Resgister_Status_Send_Callback
 .text.ATCMD_A7672_Register_Error_Callback
                0x080031d0       0x28 ./Src/A7672/ATCMD_A7672_Commands.o
                0x080031d0                ATCMD_A7672_Register_Error_Callback
 .text.ATCMD_A7672_Module_On
                0x080031f8       0x34 ./Src/A7672/ATCMD_A7672_Commands.o
                0x080031f8                ATCMD_A7672_Module_On
 .text.ATCMD_A7672_Provision_Device
                0x0800322c      0x374 ./Src/A7672/ATCMD_A7672_Commands.o
                0x0800322c                ATCMD_A7672_Provision_Device
 .text.ATCMD_A7672_HTTP_Terminate
                0x080035a0       0xc0 ./Src/A7672/ATCMD_A7672_Commands.o
                0x080035a0                ATCMD_A7672_HTTP_Terminate
 .text.ATCMD_A7672_HTTP_Read
                0x08003660       0xc0 ./Src/A7672/ATCMD_A7672_Commands.o
                0x08003660                ATCMD_A7672_HTTP_Read
 .text.ATCMD_A7672_Download_Certificate
                0x08003720      0x3f8 ./Src/A7672/ATCMD_A7672_Commands.o
                0x08003720                ATCMD_A7672_Download_Certificate
 .text.ATCMD_A7672_Download_Private_Key
                0x08003b18      0x3f4 ./Src/A7672/ATCMD_A7672_Commands.o
                0x08003b18                ATCMD_A7672_Download_Private_Key
 .text.ATCMD_A7672_Download_Root_Ca
                0x08003f0c      0x3f4 ./Src/A7672/ATCMD_A7672_Commands.o
                0x08003f0c                ATCMD_A7672_Download_Root_Ca
 .text.ATCMD_A7672_CertKey_Module_Download
                0x08004300      0x1c8 ./Src/A7672/ATCMD_A7672_Commands.o
                0x08004300                ATCMD_A7672_CertKey_Module_Download
 .text.ATCMD_A7672_Get_IMEI_Number
                0x080044c8       0xa0 ./Src/A7672/ATCMD_A7672_Commands.o
                0x080044c8                ATCMD_A7672_Get_IMEI_Number
 .text.ATCMD_A7672_Get_Signal_Strength
                0x08004568       0xa4 ./Src/A7672/ATCMD_A7672_Commands.o
                0x08004568                ATCMD_A7672_Get_Signal_Strength
 .text.ATCMD_A7672_Check_Module_Certificates
                0x0800460c       0x7c ./Src/A7672/ATCMD_A7672_Commands.o
                0x0800460c                ATCMD_A7672_Check_Module_Certificates
 .text.ATCMD_A7672_Is_Module_Certificate
                0x08004688       0x60 ./Src/A7672/ATCMD_A7672_Commands.o
                0x08004688                ATCMD_A7672_Is_Module_Certificate
 .text.ATCMD_A7672_Sslconf_Init
                0x080046e8       0xa0 ./Src/A7672/ATCMD_A7672_Commands.o
                0x080046e8                ATCMD_A7672_Sslconf_Init
 .text.ATCMD_A7672_MQTTS_Connect
                0x08004788      0x1c8 ./Src/A7672/ATCMD_A7672_Commands.o
                0x08004788                ATCMD_A7672_MQTTS_Connect
 .text.ATCMD_A7672_MQTTS_Disonnect
                0x08004950       0xa0 ./Src/A7672/ATCMD_A7672_Commands.o
                0x08004950                ATCMD_A7672_MQTTS_Disonnect
 .text.ATCMD_A7672_MQTTS_Subscribe
                0x080049f0       0xec ./Src/A7672/ATCMD_A7672_Commands.o
                0x080049f0                ATCMD_A7672_MQTTS_Subscribe
 .text.ATCMD_A7672_MQTTS_Publish
                0x08004adc      0x1c4 ./Src/A7672/ATCMD_A7672_Commands.o
                0x08004adc                ATCMD_A7672_MQTTS_Publish
 .text.getSignalStrengthPtr
                0x08004ca0       0x14 ./Src/A7672/ATCMD_A7672_Commands.o
                0x08004ca0                getSignalStrengthPtr
 .text.ATCMD_A7672_Check_Pdp_Context
                0x08004cb4       0x90 ./Src/A7672/ATCMD_A7672_Commands.o
                0x08004cb4                ATCMD_A7672_Check_Pdp_Context
 .text.ATCMD_A7672_Set_Pdp_Context
                0x08004d44       0x90 ./Src/A7672/ATCMD_A7672_Commands.o
                0x08004d44                ATCMD_A7672_Set_Pdp_Context
 .text.ATCMD_Core_Init
                0x08004dd4       0x24 ./Src/A7672/ATCMD_Core.o
                0x08004dd4                ATCMD_Core_Init
 .text.Rsp_Time_Out_Timer_Start
                0x08004df8       0x4c ./Src/A7672/ATCMD_Core.o
 .text.Rsp_Time_Out_Timer_Stop
                0x08004e44       0x2c ./Src/A7672/ATCMD_Core.o
 .text.Send_AT_Command
                0x08004e70       0x58 ./Src/A7672/ATCMD_Core.o
 .text.Global_Urc_Handler
                0x08004ec8       0xec ./Src/A7672/ATCMD_Core.o
 .text.ATCMD_Processor_Thread
                0x08004fb4      0x3fc ./Src/A7672/ATCMD_Core.o
                0x08004fb4                ATCMD_Processor_Thread
 .text.ATCMD_Queue_Full_Check
                0x080053b0       0x24 ./Src/A7672/ATCMD_Queue_Mgmt.o
 .text.ATCMD_Command_Remove
                0x080053d4       0x3c ./Src/A7672/ATCMD_Queue_Mgmt.o
 .text.ATCMD_Add_AT_Cmd
                0x08005410      0x130 ./Src/A7672/ATCMD_Queue_Mgmt.o
                0x08005410                ATCMD_Add_AT_Cmd
 .text.ATCMD_AT_Command_Queue_Init
                0x08005540       0xe0 ./Src/A7672/ATCMD_Queue_Mgmt.o
                0x08005540                ATCMD_AT_Command_Queue_Init
 .text.ATCMD_Del_AT_Cmd_Head
                0x08005620      0x12c ./Src/A7672/ATCMD_Queue_Mgmt.o
                0x08005620                ATCMD_Del_AT_Cmd_Head
 .text.ATCMD_Add_AT_Cmd_Queue
                0x0800574c       0x6c ./Src/A7672/ATCMD_Queue_Mgmt.o
                0x0800574c                ATCMD_Add_AT_Cmd_Queue
 .text.ATCMD_Urc_Queue_Init
                0x080057b8       0x5c ./Src/A7672/ATCMD_Queue_Mgmt.o
                0x080057b8                ATCMD_Urc_Queue_Init
 .text.ATCMD_Add_Urc
                0x08005814       0x54 ./Src/A7672/ATCMD_Queue_Mgmt.o
 .text.ATCMD_Add_Urc_Queue
                0x08005868       0x94 ./Src/A7672/ATCMD_Queue_Mgmt.o
                0x08005868                ATCMD_Add_Urc_Queue
 .text.HashCal  0x080058fc       0x3c ./Src/JSON/JSONParser.o
 .text.strcopy  0x08005938       0x88 ./Src/JSON/JSONParser.o
 .text.JSONStructInit
                0x080059c0       0x9c ./Src/JSON/JSONParser.o
                0x080059c0                JSONStructInit
 .text.JSONParseData
                0x08005a5c      0x8a0 ./Src/JSON/JSONParser.o
                0x08005a5c                JSONParseData
 .text.SearchToken
                0x080062fc       0x96 ./Src/JSON/JSONParser.o
                0x080062fc                SearchToken
 .text.jwOpen   0x08006392       0x72 ./Src/JSON/JSONWriter.o
                0x08006392                jwOpen
 .text.jwClose  0x08006404       0x44 ./Src/JSON/JSONWriter.o
                0x08006404                jwClose
 .text.jwEnd    0x08006448       0x56 ./Src/JSON/JSONWriter.o
                0x08006448                jwEnd
 .text.jwObj_raw
                0x0800649e       0x2a ./Src/JSON/JSONWriter.o
                0x0800649e                jwObj_raw
 .text.jwObj_string
                0x080064c8       0x2a ./Src/JSON/JSONWriter.o
                0x080064c8                jwObj_string
 .text.jwObj_int
                0x080064f2       0x2e ./Src/JSON/JSONWriter.o
                0x080064f2                jwObj_int
 .text.jwObj_double
                0x08006520       0x3e ./Src/JSON/JSONWriter.o
                0x08006520                jwObj_double
 .text.jwObj_object
                0x0800655e       0x30 ./Src/JSON/JSONWriter.o
                0x0800655e                jwObj_object
 .text.jwObj_array
                0x0800658e       0x30 ./Src/JSON/JSONWriter.o
                0x0800658e                jwObj_array
 .text.jwArr_raw
                0x080065be       0x26 ./Src/JSON/JSONWriter.o
                0x080065be                jwArr_raw
 .text.jwArr_int
                0x080065e4       0x2a ./Src/JSON/JSONWriter.o
                0x080065e4                jwArr_int
 .text.jwArr_double
                0x0800660e       0x3a ./Src/JSON/JSONWriter.o
                0x0800660e                jwArr_double
 .text.jwPretty
                0x08006648       0x44 ./Src/JSON/JSONWriter.o
                0x08006648                jwPretty
 .text.jwPush   0x0800668c       0x52 ./Src/JSON/JSONWriter.o
                0x0800668c                jwPush
 .text.jwPop    0x080066de       0x40 ./Src/JSON/JSONWriter.o
                0x080066de                jwPop
 .text.jwPutch  0x0800671e       0x42 ./Src/JSON/JSONWriter.o
                0x0800671e                jwPutch
 .text.jwPutstr
                0x08006760       0x3c ./Src/JSON/JSONWriter.o
                0x08006760                jwPutstr
 .text.jwPutraw
                0x0800679c       0x2e ./Src/JSON/JSONWriter.o
                0x0800679c                jwPutraw
 .text._jwObj   0x080067ca       0x8e ./Src/JSON/JSONWriter.o
                0x080067ca                _jwObj
 .text._jwArr   0x08006858       0x6c ./Src/JSON/JSONWriter.o
                0x08006858                _jwArr
 .text.strreverse
                0x080068c4       0x3e ./Src/JSON/JSONWriter.o
 *fill*         0x08006902        0x2 
 .text.modp_itoa10
                0x08006904       0x7c ./Src/JSON/JSONWriter.o
                0x08006904                modp_itoa10
 .text.modp_dtoa2
                0x08006980      0x2dc ./Src/JSON/JSONWriter.o
                0x08006980                modp_dtoa2
 .text.Vending_Machine_EnableSensor
                0x08006c5c       0x30 ./Src/Misc/Sensor.o
                0x08006c5c                Vending_Machine_EnableSensor
 .text.Vending_Machine_DisableSensor
                0x08006c8c       0x14 ./Src/Misc/Sensor.o
                0x08006c8c                Vending_Machine_DisableSensor
 .text.Vending_Machine_WaitForDispense
                0x08006ca0       0x68 ./Src/Misc/Sensor.o
                0x08006ca0                Vending_Machine_WaitForDispense
 .text.LED_Set_On
                0x08006d08       0x20 ./Src/Misc/led.o
                0x08006d08                LED_Set_On
 .text.ADC1_Init
                0x08006d28       0xc4 ./Src/System/adc.o
                0x08006d28                ADC1_Init
 .text.ADC1_Read_battery_value
                0x08006dec       0x8c ./Src/System/adc.o
                0x08006dec                ADC1_Read_battery_value
 .text.Delay_Ms
                0x08006e78       0x32 ./Src/System/common.o
                0x08006e78                Delay_Ms
 *fill*         0x08006eaa        0x2 
 .text.Convert_String_To_Integer
                0x08006eac       0x7c ./Src/System/common.o
                0x08006eac                Convert_String_To_Integer
 .text.Convert_String_To_Integer32
                0x08006f28       0x7c ./Src/System/common.o
                0x08006f28                Convert_String_To_Integer32
 .text.Convert_Integer_To_String
                0x08006fa4       0xa0 ./Src/System/common.o
                0x08006fa4                Convert_Integer_To_String
 .text.Str_Cpy_Marker
                0x08007044       0xa2 ./Src/System/common.o
                0x08007044                Str_Cpy_Marker
 .text.strConcat
                0x080070e6       0x4a ./Src/System/common.o
                0x080070e6                strConcat
 .text.convert_to_epoch
                0x08007130      0x3b4 ./Src/System/common.o
                0x08007130                convert_to_epoch
 .text.Gpio_Init
                0x080074e4      0x1c4 ./Src/System/gpio.o
                0x080074e4                Gpio_Init
 .text.Gpio_Set
                0x080076a8       0x32 ./Src/System/gpio.o
                0x080076a8                Gpio_Set
 .text.Gpio_Clear
                0x080076da       0x34 ./Src/System/gpio.o
                0x080076da                Gpio_Clear
 .text.Gpio_Read
                0x0800770e       0x3a ./Src/System/gpio.o
                0x0800770e                Gpio_Read
 .text.__NVIC_EnableIRQ
                0x08007748       0x3c ./Src/System/spi.o
 .text.Spi_Init
                0x08007784       0x90 ./Src/System/spi.o
                0x08007784                Spi_Init
 .text.DMA2_CH2_IRQHandler
                0x08007814       0x50 ./Src/System/spi.o
                0x08007814                DMA2_CH2_IRQHandler
 .text.DMA2_CH1_IRQHandler
                0x08007864       0x50 ./Src/System/spi.o
                0x08007864                DMA2_CH1_IRQHandler
 .text.System_Clock_Init
                0x080078b4       0x4c ./Src/System/sys_peri_clock.o
                0x080078b4                System_Clock_Init
 .text.__NVIC_EnableIRQ
                0x08007900       0x3c ./Src/System/timer.o
 .text.__NVIC_SetPriority
                0x0800793c       0x54 ./Src/System/timer.o
 .text.Timer_Init
                0x08007990       0x54 ./Src/System/timer.o
                0x08007990                Timer_Init
 .text.TIM2_IRQHandler
                0x080079e4       0x84 ./Src/System/timer.o
                0x080079e4                TIM2_IRQHandler
 .text.__NVIC_EnableIRQ
                0x08007a68       0x3c ./Src/System/uart.o
 .text.Uart_Init
                0x08007aa4       0x54 ./Src/System/uart.o
                0x08007aa4                Uart_Init
 .text.Uart_compute_bd
                0x08007af8       0x24 ./Src/System/uart.o
 .text.Uart_set_baudrate
                0x08007b1c       0x24 ./Src/System/uart.o
 .text.Uart_Transmit_Data_Dma
                0x08007b40       0x70 ./Src/System/uart.o
                0x08007b40                Uart_Transmit_Data_Dma
 .text.Uart_Receive_Data
                0x08007bb0       0x7c ./Src/System/uart.o
                0x08007bb0                Uart_Receive_Data
 .text.Uart_Get_Current_Buffer
                0x08007c2c       0x2c ./Src/System/uart.o
                0x08007c2c                Uart_Get_Current_Buffer
 .text.Uart_Get_Transmit_Buffer
                0x08007c58       0x14 ./Src/System/uart.o
                0x08007c58                Uart_Get_Transmit_Buffer
 .text.USART1_EXTI25_IRQHandler
                0x08007c6c       0xcc ./Src/System/uart.o
                0x08007c6c                USART1_EXTI25_IRQHandler
 .text.DMA1_CH4_IRQHandler
                0x08007d38       0x2c ./Src/System/uart.o
                0x08007d38                DMA1_CH4_IRQHandler
 .text.removeQuotes
                0x08007d64       0x2a ./Src/app.o
                0x08007d64                removeQuotes
 *fill*         0x08007d8e        0x2 
 .text.Vending_Machine_ModemHandler
                0x08007d90       0xd8 ./Src/app.o
                0x08007d90                Vending_Machine_ModemHandler
 .text.Vending_Machine_State_Ctrl
                0x08007e68       0x50 ./Src/app.o
                0x08007e68                Vending_Machine_State_Ctrl
 .text.Vending_Machine_SystemTest
                0x08007eb8      0x160 ./Src/app.o
                0x08007eb8                Vending_Machine_SystemTest
 .text.Vending_Machine_SystemConfig
                0x08008018       0xe8 ./Src/app.o
                0x08008018                Vending_Machine_SystemConfig
 .text.Vending_Machine_NormalOp
                0x08008100      0x248 ./Src/app.o
                0x08008100                Vending_Machine_NormalOp
 .text.Vending_Machine_Fota
                0x08008348       0x14 ./Src/app.o
                0x08008348                Vending_Machine_Fota
 .text.Vending_Machine_SystemFault
                0x0800835c        0xe ./Src/app.o
                0x0800835c                Vending_Machine_SystemFault
 *fill*         0x0800836a        0x2 
 .text.System_Variables_Init
                0x0800836c       0xc4 ./Src/app.o
                0x0800836c                System_Variables_Init
 .text.Vending_Machine_PrepareAnnouncePacket
                0x08008430      0x1d4 ./Src/app.o
                0x08008430                Vending_Machine_PrepareAnnouncePacket
 .text.Vending_Machine_PrepareAckPacket
                0x08008604       0xe4 ./Src/app.o
                0x08008604                Vending_Machine_PrepareAckPacket
 .text.Vending_Machine_PrepareDispenseStatusPacket
                0x080086e8      0x164 ./Src/app.o
                0x080086e8                Vending_Machine_PrepareDispenseStatusPacket
 .text.Vending_Machine_PrepareStatusPacket
                0x0800884c      0x1dc ./Src/app.o
                0x0800884c                Vending_Machine_PrepareStatusPacket
 .text.Vending_Machine_PrepareChannelChangeAckPacket
                0x08008a28       0xf8 ./Src/app.o
                0x08008a28                Vending_Machine_PrepareChannelChangeAckPacket
 .text.parseMessageFromServer
                0x08008b20      0x24c ./Src/app.o
                0x08008b20                parseMessageFromServer
 .text.isTimerexpired
                0x08008d6c       0x50 ./Src/app.o
                0x08008d6c                isTimerexpired
 .text.Vending_Machine_GetModemInfo
                0x08008dbc       0x80 ./Src/app.o
                0x08008dbc                Vending_Machine_GetModemInfo
 .text.Vending_Machine_System_Init
                0x08008e3c       0x38 ./Src/app.o
                0x08008e3c                Vending_Machine_System_Init
 .text.Vending_Machine_ConnectToMqttServer
                0x08008e74       0xbc ./Src/app.o
                0x08008e74                Vending_Machine_ConnectToMqttServer
 .text.Vending_Machine_StartDispense
                0x08008f30       0x74 ./Src/app.o
                0x08008f30                Vending_Machine_StartDispense
 .text.ATCMD_A7672_ModuleHardRestart
                0x08008fa4       0x6c ./Src/app.o
                0x08008fa4                ATCMD_A7672_ModuleHardRestart
 .text.vending_Machine_ErrorHandlerCallback
                0x08009010       0x30 ./Src/app.o
                0x08009010                vending_Machine_ErrorHandlerCallback
 .text.Vending_Machine_App_Thread
                0x08009040       0x10 ./Src/main.o
                0x08009040                Vending_Machine_App_Thread
 .text.main     0x08009050       0x38 ./Src/main.o
                0x08009050                main
 .text.__NVIC_SetPriority
                0x08009088       0x54 ./Src/osKernel/osKernel.o
 .text.osSchedulerPeriodicRR
                0x080090dc       0x2c ./Src/osKernel/osKernel.o
 .text.osSchedulerLaunch
                0x08009108       0x30 ./Src/osKernel/osKernel.o
 .text.osKernelStackInit
                0x08009138      0x1a4 ./Src/osKernel/osKernel.o
 .text.osKernelAddThread
                0x080092dc      0x100 ./Src/osKernel/osKernel.o
                0x080092dc                osKernelAddThread
 .text.osKernelLaunch
                0x080093dc       0x9c ./Src/osKernel/osKernel.o
                0x080093dc                osKernelLaunch
 .text.SysTick_Handler
                0x08009478       0x94 ./Src/osKernel/osKernel.o
                0x08009478                SysTick_Handler
 .text.PendSV_Handler
                0x0800950c       0x2c ./Src/osKernel/osKernel.o
                0x0800950c                PendSV_Handler
 .text.Reset_Handler
                0x08009538       0x50 ./Startup/startup_stm32f302rbtx.o
                0x08009538                Reset_Handler
 .text.Default_Handler
                0x08009588        0x2 ./Startup/startup_stm32f302rbtx.o
                0x08009588                TIM8_TRG_COM_IRQHandler
                0x08009588                TIM8_CC_IRQHandler
                0x08009588                DebugMon_Handler
                0x08009588                TIM1_CC_IRQHandler
                0x08009588                HardFault_Handler
                0x08009588                USB_HP_IRQHandler
                0x08009588                I2C2_EV_EXTI24_IRQHandler
                0x08009588                USB_WKUP_EXTI_IRQHandler
                0x08009588                PVD_IRQHandler
                0x08009588                UART4_EXTI34_IRQHandler
                0x08009588                TAMP_STAMP_IRQHandler
                0x08009588                NMI_Handler
                0x08009588                EXTI3_IRQHandler
                0x08009588                TIM6_DACUNDER_IRQHandler
                0x08009588                USB_HP_CAN_TX_IRQHandler
                0x08009588                EXTI0_IRQHandler
                0x08009588                TIM1_UP_TIM16_IRQHandler
                0x08009588                UsageFault_Handler
                0x08009588                ADC1_2_IRQHandler
                0x08009588                SPI1_IRQHandler
                0x08009588                CAN_SCE_IRQHandler
                0x08009588                DMA1_CH7_IRQHandler
                0x08009588                TIM8_UP_IRQHandler
                0x08009588                DMA1_CH6_IRQHandler
                0x08009588                ADC3_IRQHandler
                0x08009588                TIM4_IRQHandler
                0x08009588                CAN_RX1_IRQHandler
                0x08009588                DMA2_CH5_IRQHandler
                0x08009588                I2C1_EV_EXTI23_IRQHandler
                0x08009588                DMA1_CH3_IRQHandler
                0x08009588                TIM3_IRQHandler
                0x08009588                RCC_IRQHandler
                0x08009588                Default_Handler
                0x08009588                EXTI15_10_IRQHandler
                0x08009588                USART2_EXTI26_IRQHandler
                0x08009588                USART3_EXTI28_IRQHandler
                0x08009588                TIM7_IRQHandler
                0x08009588                EXTI9_5_IRQHandler
                0x08009588                DMA1_CH2_IRQHandler
                0x08009588                RTC_WKUP_IRQHandler
                0x08009588                SPI2_IRQHandler
                0x08009588                DMA1_CH1_IRQHandler
                0x08009588                USB_LP_CAN_RX0_IRQHandler
                0x08009588                MemManage_Handler
                0x08009588                SVC_Handler
                0x08009588                USB_LP_IRQHandler
                0x08009588                EXTI4_IRQHandler
                0x08009588                TIM1_TRG_COM_TIM17_IRQHandler
                0x08009588                ADC4_IRQHandler
                0x08009588                WWDG_IRQHandler
                0x08009588                EXTI1_IRQHandler
                0x08009588                RTCAlarm_IRQHandler
                0x08009588                UART5_EXTI35_IRQHandler
                0x08009588                I2C2_ER_IRQHandler
                0x08009588                TIM8_BRK_IRQHandler
                0x08009588                FLASH_IRQHandler
                0x08009588                BusFault_Handler
                0x08009588                SPI3_IRQHandler
                0x08009588                DMA2_CH3_IRQHandler
                0x08009588                I2C1_ER_IRQHandler
                0x08009588                FMC_IRQHandler
                0x08009588                DMA1_CH5_IRQHandler
                0x08009588                DMA2_CH4_IRQHandler
                0x08009588                USB_WKUP_IRQHandler
                0x08009588                EXTI2_TSC_IRQHandler
                0x08009588                TIM1_BRK_TIM15_IRQHandler
 .text.memset   0x0800958a       0x10 C:/ST/STM32CubeIDE_1.10.1/STM32CubeIDE/plugins/com.st.stm32cube.ide.mcu.externaltools.gnu-tools-for-stm32.12.3.rel1.win32_1.0.100.202403111256/tools/bin/../lib/gcc/arm-none-eabi/12.3.1/../../../../arm-none-eabi/lib/thumb/v7e-m+fp/hard\libc_nano.a(libc_a-memset.o)
                0x0800958a                memset
 .text.strcat   0x0800959a       0x1e C:/ST/STM32CubeIDE_1.10.1/STM32CubeIDE/plugins/com.st.stm32cube.ide.mcu.externaltools.gnu-tools-for-stm32.12.3.rel1.win32_1.0.100.202403111256/tools/bin/../lib/gcc/arm-none-eabi/12.3.1/../../../../arm-none-eabi/lib/thumb/v7e-m+fp/hard\libc_nano.a(libc_a-strcat.o)
                0x0800959a                strcat
 .text.strchr   0x080095b8       0x1a C:/ST/STM32CubeIDE_1.10.1/STM32CubeIDE/plugins/com.st.stm32cube.ide.mcu.externaltools.gnu-tools-for-stm32.12.3.rel1.win32_1.0.100.202403111256/tools/bin/../lib/gcc/arm-none-eabi/12.3.1/../../../../arm-none-eabi/lib/thumb/v7e-m+fp/hard\libc_nano.a(libc_a-strchr.o)
                0x080095b8                strchr
 .text.strncmp  0x080095d2       0x24 C:/ST/STM32CubeIDE_1.10.1/STM32CubeIDE/plugins/com.st.stm32cube.ide.mcu.externaltools.gnu-tools-for-stm32.12.3.rel1.win32_1.0.100.202403111256/tools/bin/../lib/gcc/arm-none-eabi/12.3.1/../../../../arm-none-eabi/lib/thumb/v7e-m+fp/hard\libc_nano.a(libc_a-strncmp.o)
                0x080095d2                strncmp
 .text.strncpy  0x080095f6       0x26 C:/ST/STM32CubeIDE_1.10.1/STM32CubeIDE/plugins/com.st.stm32cube.ide.mcu.externaltools.gnu-tools-for-stm32.12.3.rel1.win32_1.0.100.202403111256/tools/bin/../lib/gcc/arm-none-eabi/12.3.1/../../../../arm-none-eabi/lib/thumb/v7e-m+fp/hard\libc_nano.a(libc_a-strncpy.o)
                0x080095f6                strncpy
 .text.__libc_init_array
                0x0800961c       0x48 C:/ST/STM32CubeIDE_1.10.1/STM32CubeIDE/plugins/com.st.stm32cube.ide.mcu.externaltools.gnu-tools-for-stm32.12.3.rel1.win32_1.0.100.202403111256/tools/bin/../lib/gcc/arm-none-eabi/12.3.1/../../../../arm-none-eabi/lib/thumb/v7e-m+fp/hard\libc_nano.a(libc_a-init.o)
                0x0800961c                __libc_init_array
 .text.strcpy   0x08009664       0x10 C:/ST/STM32CubeIDE_1.10.1/STM32CubeIDE/plugins/com.st.stm32cube.ide.mcu.externaltools.gnu-tools-for-stm32.12.3.rel1.win32_1.0.100.202403111256/tools/bin/../lib/gcc/arm-none-eabi/12.3.1/../../../../arm-none-eabi/lib/thumb/v7e-m+fp/hard\libc_nano.a(libc_a-strcpy.o)
                0x08009664                strcpy
 .text.memcpy   0x08009674       0x1c C:/ST/STM32CubeIDE_1.10.1/STM32CubeIDE/plugins/com.st.stm32cube.ide.mcu.externaltools.gnu-tools-for-stm32.12.3.rel1.win32_1.0.100.202403111256/tools/bin/../lib/gcc/arm-none-eabi/12.3.1/../../../../arm-none-eabi/lib/thumb/v7e-m+fp/hard\libc_nano.a(libc_a-memcpy-stub.o)
                0x08009674                memcpy
 *(.glue_7)
 .glue_7        0x08009690        0x0 linker stubs
 *(.glue_7t)
 .glue_7t       0x08009690        0x0 linker stubs
 *(.eh_frame)
 .eh_frame      0x08009690        0x0 C:/ST/STM32CubeIDE_1.10.1/STM32CubeIDE/plugins/com.st.stm32cube.ide.mcu.externaltools.gnu-tools-for-stm32.12.3.rel1.win32_1.0.100.202403111256/tools/bin/../lib/gcc/arm-none-eabi/12.3.1/thumb/v7e-m+fp/hard/crtbegin.o
 *(.init)
 .init          0x08009690        0x4 C:/ST/STM32CubeIDE_1.10.1/STM32CubeIDE/plugins/com.st.stm32cube.ide.mcu.externaltools.gnu-tools-for-stm32.12.3.rel1.win32_1.0.100.202403111256/tools/bin/../lib/gcc/arm-none-eabi/12.3.1/thumb/v7e-m+fp/hard/crti.o
                0x08009690                _init
 .init          0x08009694        0x8 C:/ST/STM32CubeIDE_1.10.1/STM32CubeIDE/plugins/com.st.stm32cube.ide.mcu.externaltools.gnu-tools-for-stm32.12.3.rel1.win32_1.0.100.202403111256/tools/bin/../lib/gcc/arm-none-eabi/12.3.1/thumb/v7e-m+fp/hard/crtn.o
 *(.fini)
 .fini          0x0800969c        0x4 C:/ST/STM32CubeIDE_1.10.1/STM32CubeIDE/plugins/com.st.stm32cube.ide.mcu.externaltools.gnu-tools-for-stm32.12.3.rel1.win32_1.0.100.202403111256/tools/bin/../lib/gcc/arm-none-eabi/12.3.1/thumb/v7e-m+fp/hard/crti.o
                0x0800969c                _fini
 .fini          0x080096a0        0x8 C:/ST/STM32CubeIDE_1.10.1/STM32CubeIDE/plugins/com.st.stm32cube.ide.mcu.externaltools.gnu-tools-for-stm32.12.3.rel1.win32_1.0.100.202403111256/tools/bin/../lib/gcc/arm-none-eabi/12.3.1/thumb/v7e-m+fp/hard/crtn.o
                0x080096a8                        . = ALIGN (0x4)
                0x080096a8                        _etext = .

.vfp11_veneer   0x080096a8        0x0
 .vfp11_veneer  0x080096a8        0x0 linker stubs

.v4_bx          0x080096a8        0x0
 .v4_bx         0x080096a8        0x0 linker stubs

.iplt           0x080096a8        0x0
 .iplt          0x080096a8        0x0 C:/ST/STM32CubeIDE_1.10.1/STM32CubeIDE/plugins/com.st.stm32cube.ide.mcu.externaltools.gnu-tools-for-stm32.12.3.rel1.win32_1.0.100.202403111256/tools/bin/../lib/gcc/arm-none-eabi/12.3.1/thumb/v7e-m+fp/hard/crtbegin.o

.rodata         0x080096a8     0x2584
                0x080096a8                        . = ALIGN (0x4)
 *(.rodata)
 .rodata        0x080096a8      0x2d4 ./Src/A7672/ATCMD_A7672_Callbacks.o
 .rodata        0x0800997c     0x1dc0 ./Src/A7672/ATCMD_A7672_Commands.o
 .rodata        0x0800b73c      0x129 ./Src/JSON/JSONWriter.o
 *fill*         0x0800b865        0x3 
 .rodata        0x0800b868       0x30 ./Src/System/common.o
 .rodata        0x0800b898      0x195 ./Src/app.o
 *(.rodata*)
 *fill*         0x0800ba2d        0x3 
 .rodata.pow10  0x0800ba30       0x50 ./Src/JSON/JSONWriter.o
 .rodata.deviceProvisioningURL
                0x0800ba80       0x53 ./Src/app.o
                0x0800ba80                deviceProvisioningURL
 *fill*         0x0800bad3        0x1 
 .rodata.RootCAURL
                0x0800bad4       0x50 ./Src/app.o
                0x0800bad4                RootCAURL
 .rodata.clientCertURL
                0x0800bb24       0x51 ./Src/app.o
                0x0800bb24                clientCertURL
 *fill*         0x0800bb75        0x3 
 .rodata.privateKeyURL
                0x0800bb78       0x50 ./Src/app.o
                0x0800bb78                privateKeyURL
 .rodata.mqttEpURL
                0x0800bbc8       0x39 ./Src/app.o
                0x0800bbc8                mqttEpURL
 *fill*         0x0800bc01        0x3 
 .rodata.firmwareVersion
                0x0800bc04       0x13 ./Src/app.o
                0x0800bc04                firmwareVersion
 *fill*         0x0800bc17        0x1 
 .rodata.hardwareVersion
                0x0800bc18       0x14 ./Src/app.o
                0x0800bc18                hardwareVersion
                0x0800bc2c                        . = ALIGN (0x4)

.ARM.extab      0x0800bc2c        0x0
                0x0800bc2c                        . = ALIGN (0x4)
 *(.ARM.extab* .gnu.linkonce.armextab.*)
                0x0800bc2c                        . = ALIGN (0x4)

.ARM            0x0800bc2c        0x8
                0x0800bc2c                        . = ALIGN (0x4)
                0x0800bc2c                        __exidx_start = .
 *(.ARM.exidx*)
 .ARM.exidx     0x0800bc2c        0x8 C:/ST/STM32CubeIDE_1.10.1/STM32CubeIDE/plugins/com.st.stm32cube.ide.mcu.externaltools.gnu-tools-for-stm32.12.3.rel1.win32_1.0.100.202403111256/tools/bin/../lib/gcc/arm-none-eabi/12.3.1/../../../../arm-none-eabi/lib/thumb/v7e-m+fp/hard\libc_nano.a(libc_a-strcmp.o)
 .ARM.exidx     0x0800bc34        0x0 C:/ST/STM32CubeIDE_1.10.1/STM32CubeIDE/plugins/com.st.stm32cube.ide.mcu.externaltools.gnu-tools-for-stm32.12.3.rel1.win32_1.0.100.202403111256/tools/bin/../lib/gcc/arm-none-eabi/12.3.1/../../../../arm-none-eabi/lib/thumb/v7e-m+fp/hard\libc_nano.a(libc_a-strlen.o)
                                  0x8 (size before relaxing)
                0x0800bc34                        __exidx_end = .
                0x0800bc34                        . = ALIGN (0x4)

.preinit_array  0x0800bc34        0x0
                0x0800bc34                        . = ALIGN (0x4)
                0x0800bc34                        PROVIDE (__preinit_array_start = .)
 *(.preinit_array*)
                0x0800bc34                        PROVIDE (__preinit_array_end = .)
                0x0800bc34                        . = ALIGN (0x4)

.init_array     0x0800bc34        0x4
                0x0800bc34                        . = ALIGN (0x4)
                0x0800bc34                        PROVIDE (__init_array_start = .)
 *(SORT_BY_NAME(.init_array.*))
 *(.init_array*)
 .init_array    0x0800bc34        0x4 C:/ST/STM32CubeIDE_1.10.1/STM32CubeIDE/plugins/com.st.stm32cube.ide.mcu.externaltools.gnu-tools-for-stm32.12.3.rel1.win32_1.0.100.202403111256/tools/bin/../lib/gcc/arm-none-eabi/12.3.1/thumb/v7e-m+fp/hard/crtbegin.o
                0x0800bc38                        PROVIDE (__init_array_end = .)
                0x0800bc38                        . = ALIGN (0x4)

.fini_array     0x0800bc38        0x4
                0x0800bc38                        . = ALIGN (0x4)
                [!provide]                        PROVIDE (__fini_array_start = .)
 *(SORT_BY_NAME(.fini_array.*))
 *(.fini_array*)
 .fini_array    0x0800bc38        0x4 C:/ST/STM32CubeIDE_1.10.1/STM32CubeIDE/plugins/com.st.stm32cube.ide.mcu.externaltools.gnu-tools-for-stm32.12.3.rel1.win32_1.0.100.202403111256/tools/bin/../lib/gcc/arm-none-eabi/12.3.1/thumb/v7e-m+fp/hard/crtbegin.o
                [!provide]                        PROVIDE (__fini_array_end = .)
                0x0800bc3c                        . = ALIGN (0x4)
                0x0800bc3c                        _sidata = LOADADDR (.data)

.rel.dyn        0x0800bc3c        0x0
 .rel.iplt      0x0800bc3c        0x0 C:/ST/STM32CubeIDE_1.10.1/STM32CubeIDE/plugins/com.st.stm32cube.ide.mcu.externaltools.gnu-tools-for-stm32.12.3.rel1.win32_1.0.100.202403111256/tools/bin/../lib/gcc/arm-none-eabi/12.3.1/thumb/v7e-m+fp/hard/crtbegin.o

.data           0x20000000       0xdc load address 0x0800bc3c
                0x20000000                        . = ALIGN (0x4)
                0x20000000                        _sdata = .
 *(.data)
 *(.data*)
 .data.s_modemStatus
                0x20000000        0x1 ./Src/A7672/ATCMD_Core.o
 *fill*         0x20000001        0x3 
 .data.mqttTrackingSubTopic
                0x20000004       0x1e ./Src/app.o
                0x20000004                mqttTrackingSubTopic
 *fill*         0x20000022        0x2 
 .data.mqttChannelChangeSubTopic
                0x20000024       0x23 ./Src/app.o
                0x20000024                mqttChannelChangeSubTopic
 *fill*         0x20000047        0x1 
 .data.mqttChannelChangePubTopic
                0x20000048       0x23 ./Src/app.o
                0x20000048                mqttChannelChangePubTopic
 *fill*         0x2000006b        0x1 
 .data.mqttOnlinePubTopic
                0x2000006c       0x1e ./Src/app.o
                0x2000006c                mqttOnlinePubTopic
 *fill*         0x2000008a        0x2 
 .data.mqttStatusPubTopic
                0x2000008c       0x1e ./Src/app.o
                0x2000008c                mqttStatusPubTopic
 *fill*         0x200000aa        0x2 
 .data.mqttResponsePubTopic
                0x200000ac       0x1e ./Src/app.o
                0x200000ac                mqttResponsePubTopic
 *fill*         0x200000ca        0x2 
 .data.g_channelToSwitch
                0x200000cc        0xa ./Src/app.o
                0x200000cc                g_channelToSwitch
 *fill*         0x200000d6        0x2 
 .data.s_tailThreadPt
                0x200000d8        0x4 ./Src/osKernel/osKernel.o
 *(.RamFunc)
 *(.RamFunc*)
                0x200000dc                        . = ALIGN (0x4)
                0x200000dc                        _edata = .
                0x0800bd18                        _siccmram = LOADADDR (.ccmram)

.igot.plt       0x200000dc        0x0 load address 0x0800bd18
 .igot.plt      0x200000dc        0x0 C:/ST/STM32CubeIDE_1.10.1/STM32CubeIDE/plugins/com.st.stm32cube.ide.mcu.externaltools.gnu-tools-for-stm32.12.3.rel1.win32_1.0.100.202403111256/tools/bin/../lib/gcc/arm-none-eabi/12.3.1/thumb/v7e-m+fp/hard/crtbegin.o

.ccmram         0x10000000        0x0 load address 0x0800bd18
                0x10000000                        . = ALIGN (0x4)
                0x10000000                        _sccmram = .
 *(.ccmram)
 *(.ccmram*)
                0x10000000                        . = ALIGN (0x4)
                0x10000000                        _eccmram = .
                0x10000000                        . = ALIGN (0x4)

.bss            0x200000dc     0x4f40
                0x200000dc                        _sbss = .
                0x200000dc                        __bss_start__ = _sbss
 *(.bss)
 .bss           0x200000dc       0x1c C:/ST/STM32CubeIDE_1.10.1/STM32CubeIDE/plugins/com.st.stm32cube.ide.mcu.externaltools.gnu-tools-for-stm32.12.3.rel1.win32_1.0.100.202403111256/tools/bin/../lib/gcc/arm-none-eabi/12.3.1/thumb/v7e-m+fp/hard/crtbegin.o
 *(.bss*)
 .bss.g_httpResponse
                0x200000f8       0x10 ./Src/A7672/ATCMD_A7672_Callbacks.o
                0x200000f8                g_httpResponse
 .bss.g_moduleStatus
                0x20000108       0x49 ./Src/A7672/ATCMD_A7672_Callbacks.o
                0x20000108                g_moduleStatus
 *fill*         0x20000151        0x3 
 .bss.g_certificates
                0x20000154       0x65 ./Src/A7672/ATCMD_A7672_Callbacks.o
                0x20000154                g_certificates
 .bss.g_errorCount
                0x200001b9        0x1 ./Src/A7672/ATCMD_A7672_Callbacks.o
                0x200001b9                g_errorCount
 .bss.g_pbDone  0x200001ba        0x1 ./Src/A7672/ATCMD_A7672_Callbacks.o
                0x200001ba                g_pbDone
 .bss.g_simPresent
                0x200001bb        0x1 ./Src/A7672/ATCMD_A7672_Callbacks.o
                0x200001bb                g_simPresent
 .bss.g_mqtt_result
                0x200001bc        0x2 ./Src/A7672/ATCMD_A7672_Callbacks.o
                0x200001bc                g_mqtt_result
 *fill*         0x200001be        0x2 
 .bss.s_tmpStr  0x200001c0        0x4 ./Src/A7672/ATCMD_A7672_Callbacks.o
 .bss.s_txBuf   0x200001c4        0x4 ./Src/A7672/ATCMD_A7672_Callbacks.o
 .bss.s_tempBuff
                0x200001c8       0x32 ./Src/A7672/ATCMD_A7672_Callbacks.o
 .bss.s_bytesToRead
                0x200001fa        0x2 ./Src/A7672/ATCMD_A7672_Callbacks.o
 .bss.s_byteCount
                0x200001fc        0x2 ./Src/A7672/ATCMD_A7672_Callbacks.o
 *fill*         0x200001fe        0x2 
 .bss.s_pubBuff
                0x20000200      0x1f4 ./Src/A7672/ATCMD_A7672_Callbacks.o
 .bss.mqtt_result.2
                0x200003f4        0x2 ./Src/A7672/ATCMD_A7672_Callbacks.o
 .bss.count.1   0x200003f6        0x1 ./Src/A7672/ATCMD_A7672_Callbacks.o
 .bss.s_gprsConnectStatus.0
                0x200003f7        0x1 ./Src/A7672/ATCMD_A7672_Callbacks.o
 .bss.s_httpCredentials
                0x200003f8      0x205 ./Src/A7672/ATCMD_A7672_Commands.o
 *fill*         0x200005fd        0x3 
 .bss.s_tempStr
                0x20000600        0x6 ./Src/A7672/ATCMD_A7672_Commands.o
 *fill*         0x20000606        0x2 
 .bss.s_tempPtr
                0x20000608        0x4 ./Src/A7672/ATCMD_A7672_Commands.o
 .bss.s_mqttCredentials
                0x2000060c      0x148 ./Src/A7672/ATCMD_A7672_Commands.o
                0x2000060c                s_mqttCredentials
 .bss.g_pingTimeout
                0x20000754        0x4 ./Src/A7672/ATCMD_A7672_Commands.o
                0x20000754                g_pingTimeout
 .bss.ntpHostName
                0x20000758       0x14 ./Src/A7672/ATCMD_A7672_Commands.o
                0x20000758                ntpHostName
 .bss.dateTime  0x2000076c       0x16 ./Src/A7672/ATCMD_A7672_Commands.o
                0x2000076c                dateTime
 *fill*         0x20000782        0x2 
 .bss.g_modemErrorStatus
                0x20000784        0x8 ./Src/A7672/ATCMD_A7672_Commands.o
                0x20000784                g_modemErrorStatus
 .bss.g_timeOutFlag
                0x2000078c        0x1 ./Src/A7672/ATCMD_Core.o
                0x2000078c                g_timeOutFlag
 .bss.g_delayTimerStart
                0x2000078d        0x1 ./Src/A7672/ATCMD_Core.o
                0x2000078d                g_delayTimerStart
 *fill*         0x2000078e        0x2 
 .bss.g_responseTimeOut
                0x20000790        0x4 ./Src/A7672/ATCMD_Core.o
                0x20000790                g_responseTimeOut
 .bss.g_recvdBytes
                0x20000794        0x4 ./Src/A7672/ATCMD_Core.o
                0x20000794                g_recvdBytes
 .bss.g_rcvPtr  0x20000798        0x4 ./Src/A7672/ATCMD_Core.o
                0x20000798                g_rcvPtr
 .bss.s_atExecute
                0x2000079c        0x1 ./Src/A7672/ATCMD_Core.o
 .bss.s_modemRspWait
                0x2000079d        0x1 ./Src/A7672/ATCMD_Core.o
 .bss.s_processingResponse
                0x2000079e        0x1 ./Src/A7672/ATCMD_Core.o
 .bss.s_noResponseCount
                0x2000079f        0x1 ./Src/A7672/ATCMD_Core.o
 .bss.s_responseRecvd
                0x200007a0        0x1 ./Src/A7672/ATCMD_Core.o
 .bss.g_resetModuleFlag
                0x200007a1        0x1 ./Src/A7672/ATCMD_Core.o
 .bss.ret.0     0x200007a2        0x1 ./Src/A7672/ATCMD_Core.o
 *fill*         0x200007a3        0x1 
 .bss.g_cmdQueue
                0x200007a4      0x548 ./Src/A7672/ATCMD_Queue_Mgmt.o
                0x200007a4                g_cmdQueue
 .bss.g_urcEntityQueue
                0x20000cec      0x220 ./Src/A7672/ATCMD_Queue_Mgmt.o
                0x20000cec                g_urcEntityQueue
 .bss.i.2       0x20000f0c        0x1 ./Src/A7672/ATCMD_Queue_Mgmt.o
 .bss.i.1       0x20000f0d        0x1 ./Src/A7672/ATCMD_Queue_Mgmt.o
 .bss.i.0       0x20000f0e        0x2 ./Src/A7672/ATCMD_Queue_Mgmt.o
 .bss.timeOut.0
                0x20000f10        0x4 ./Src/Misc/Sensor.o
 .bss.adc_value
                0x20000f14        0x4 ./Src/System/adc.o
                0x20000f14                adc_value
 .bss.adc_read_battery_val1
                0x20000f18        0x4 ./Src/System/adc.o
                0x20000f18                adc_read_battery_val1
 .bss.adc_read_battery_val2
                0x20000f1c        0x4 ./Src/System/adc.o
                0x20000f1c                adc_read_battery_val2
 .bss.g_timeDelay
                0x20000f20        0x4 ./Src/System/common.o
                0x20000f20                g_timeDelay
 .bss.dec.5     0x20000f24        0x4 ./Src/System/common.o
 .bss.len.4     0x20000f28        0x1 ./Src/System/common.o
 *fill*         0x20000f29        0x3 
 .bss.i.3       0x20000f2c        0x4 ./Src/System/common.o
 .bss.dec.2     0x20000f30        0x4 ./Src/System/common.o
 .bss.len.1     0x20000f34        0x1 ./Src/System/common.o
 *fill*         0x20000f35        0x3 
 .bss.i.0       0x20000f38        0x4 ./Src/System/common.o
 .bss.s_byteCount
                0x20000f3c        0x4 ./Src/System/uart.o
 .bss.s_bufferCount
                0x20000f40        0x1 ./Src/System/uart.o
 *fill*         0x20000f41        0x3 
 .bss.s_uartBuffer
                0x20000f44     0x1000 ./Src/System/uart.o
 .bss.s_uartBuffer_Transmit
                0x20001f44      0x800 ./Src/System/uart.o
 .bss.g_uartRxDataStart
                0x20002744        0x1 ./Src/System/uart.o
                0x20002744                g_uartRxDataStart
 .bss.g_uartRxDataEnd
                0x20002745        0x1 ./Src/System/uart.o
                0x20002745                g_uartRxDataEnd
 .bss.g_interByteTimer
                0x20002746        0x1 ./Src/System/uart.o
                0x20002746                g_interByteTimer
 .bss.g_interByteDelay
                0x20002747        0x1 ./Src/System/uart.o
                0x20002747                g_interByteDelay
 .bss.ret.0     0x20002748        0x4 ./Src/System/uart.o
 .bss.activeTopic
                0x2000274c       0x23 ./Src/app.o
                0x2000274c                activeTopic
 *fill*         0x2000276f        0x1 
 .bss.jsonBuffer
                0x20002770        0x4 ./Src/app.o
                0x20002770                jsonBuffer
 .bss.jPacket   0x20002774       0x64 ./Src/app.o
                0x20002774                jPacket
 .bss.jreadPacket
                0x200027d8     0x14bc ./Src/app.o
                0x200027d8                jreadPacket
 .bss.jPacketToken
                0x20003c94        0x4 ./Src/app.o
                0x20003c94                jPacketToken
 .bss.g_sysHealth
                0x20003c98       0x14 ./Src/app.o
                0x20003c98                g_sysHealth
 .bss.g_dispenseRequest
                0x20003cac        0xc ./Src/app.o
                0x20003cac                g_dispenseRequest
 .bss.g_lastDispenseRequest
                0x20003cb8        0xc ./Src/app.o
                0x20003cb8                g_lastDispenseRequest
 .bss.mqttPacketPara
                0x20003cc4       0x2c ./Src/app.o
                0x20003cc4                mqttPacketPara
 .bss.measurementMatrix
                0x20003cf0       0x1c ./Src/app.o
                0x20003cf0                measurementMatrix
 .bss.InstalledCerts
                0x20003d0c        0x4 ./Src/app.o
                0x20003d0c                InstalledCerts
 .bss.g_sysState
                0x20003d10        0x1 ./Src/app.o
                0x20003d10                g_sysState
 .bss.Modem_State
                0x20003d11        0x1 ./Src/app.o
                0x20003d11                Modem_State
 .bss.g_requestType
                0x20003d12        0x1 ./Src/app.o
                0x20003d12                g_requestType
 .bss.g_packetReceived
                0x20003d13        0x1 ./Src/app.o
                0x20003d13                g_packetReceived
 .bss.g_testDispenseCount
                0x20003d14        0x1 ./Src/app.o
                0x20003d14                g_testDispenseCount
 *fill*         0x20003d15        0x3 
 .bss.g_requestedFWVersion
                0x20003d18       0x19 ./Src/app.o
                0x20003d18                g_requestedFWVersion
 .bss.counter   0x20003d31        0x1 ./Src/app.o
                0x20003d31                counter
 .bss.checkNwStatus
                0x20003d32        0x1 ./Src/app.o
                0x20003d32                checkNwStatus
 *fill*         0x20003d33        0x1 
 .bss.s_MILLIS_PRESCALER
                0x20003d34        0x4 ./Src/osKernel/osKernel.o
 .bss.s_TCB_STACK
                0x20003d38     0x12c0 ./Src/osKernel/osKernel.o
 .bss.s_threadCount
                0x20004ff8        0x1 ./Src/osKernel/osKernel.o
 *fill*         0x20004ff9        0x3 
 .bss.s_switchWeight
                0x20004ffc        0x4 ./Src/osKernel/osKernel.o
 .bss.s_tcbs    0x20005000       0x18 ./Src/osKernel/osKernel.o
 .bss.s_currentPt
                0x20005018        0x4 ./Src/osKernel/osKernel.o
 *(COMMON)
                0x2000501c                        . = ALIGN (0x4)
                0x2000501c                        _ebss = .
                0x2000501c                        __bss_end__ = _ebss

._user_heap_stack
                0x2000501c      0x604
                0x20005020                        . = ALIGN (0x8)
 *fill*         0x2000501c        0x4 
                [!provide]                        PROVIDE (end = .)
                0x20005020                        PROVIDE (_end = .)
                0x20005220                        . = (. + _Min_Heap_Size)
 *fill*         0x20005020      0x200 
                0x20005620                        . = (. + _Min_Stack_Size)
 *fill*         0x20005220      0x400 
                0x20005620                        . = ALIGN (0x8)

/DISCARD/
 libc.a(*)
 libm.a(*)
 libgcc.a(*)

.ARM.attributes
                0x00000000       0x30
 *(.ARM.attributes)
 .ARM.attributes
                0x00000000       0x22 C:/ST/STM32CubeIDE_1.10.1/STM32CubeIDE/plugins/com.st.stm32cube.ide.mcu.externaltools.gnu-tools-for-stm32.12.3.rel1.win32_1.0.100.202403111256/tools/bin/../lib/gcc/arm-none-eabi/12.3.1/thumb/v7e-m+fp/hard/crti.o
 .ARM.attributes
                0x00000022       0x34 C:/ST/STM32CubeIDE_1.10.1/STM32CubeIDE/plugins/com.st.stm32cube.ide.mcu.externaltools.gnu-tools-for-stm32.12.3.rel1.win32_1.0.100.202403111256/tools/bin/../lib/gcc/arm-none-eabi/12.3.1/thumb/v7e-m+fp/hard/crtbegin.o
 .ARM.attributes
                0x00000056       0x34 ./Src/A7672/ATCMD_A7672_Callbacks.o
 .ARM.attributes
                0x0000008a       0x34 ./Src/A7672/ATCMD_A7672_Commands.o
 .ARM.attributes
                0x000000be       0x34 ./Src/A7672/ATCMD_Core.o
 .ARM.attributes
                0x000000f2       0x34 ./Src/A7672/ATCMD_Queue_Mgmt.o
 .ARM.attributes
                0x00000126       0x34 ./Src/JSON/JSONParser.o
 .ARM.attributes
                0x0000015a       0x34 ./Src/JSON/JSONWriter.o
 .ARM.attributes
                0x0000018e       0x34 ./Src/Misc/Sensor.o
 .ARM.attributes
                0x000001c2       0x34 ./Src/Misc/led.o
 .ARM.attributes
                0x000001f6       0x34 ./Src/System/adc.o
 .ARM.attributes
                0x0000022a       0x34 ./Src/System/common.o
 .ARM.attributes
                0x0000025e       0x34 ./Src/System/gpio.o
 .ARM.attributes
                0x00000292       0x34 ./Src/System/spi.o
 .ARM.attributes
                0x000002c6       0x34 ./Src/System/sys_peri_clock.o
 .ARM.attributes
                0x000002fa       0x34 ./Src/System/timer.o
 .ARM.attributes
                0x0000032e       0x34 ./Src/System/uart.o
 .ARM.attributes
                0x00000362       0x34 ./Src/app.o
 .ARM.attributes
                0x00000396       0x34 ./Src/main.o
 .ARM.attributes
                0x000003ca       0x34 ./Src/osKernel/osKernel.o
 .ARM.attributes
                0x000003fe       0x21 ./Startup/startup_stm32f302rbtx.o
 .ARM.attributes
                0x0000041f       0x34 C:/ST/STM32CubeIDE_1.10.1/STM32CubeIDE/plugins/com.st.stm32cube.ide.mcu.externaltools.gnu-tools-for-stm32.12.3.rel1.win32_1.0.100.202403111256/tools/bin/../lib/gcc/arm-none-eabi/12.3.1/../../../../arm-none-eabi/lib/thumb/v7e-m+fp/hard\libc_nano.a(libc_a-memset.o)
 .ARM.attributes
                0x00000453       0x34 C:/ST/STM32CubeIDE_1.10.1/STM32CubeIDE/plugins/com.st.stm32cube.ide.mcu.externaltools.gnu-tools-for-stm32.12.3.rel1.win32_1.0.100.202403111256/tools/bin/../lib/gcc/arm-none-eabi/12.3.1/../../../../arm-none-eabi/lib/thumb/v7e-m+fp/hard\libc_nano.a(libc_a-strcat.o)
 .ARM.attributes
                0x00000487       0x34 C:/ST/STM32CubeIDE_1.10.1/STM32CubeIDE/plugins/com.st.stm32cube.ide.mcu.externaltools.gnu-tools-for-stm32.12.3.rel1.win32_1.0.100.202403111256/tools/bin/../lib/gcc/arm-none-eabi/12.3.1/../../../../arm-none-eabi/lib/thumb/v7e-m+fp/hard\libc_nano.a(libc_a-strchr.o)
 .ARM.attributes
                0x000004bb       0x34 C:/ST/STM32CubeIDE_1.10.1/STM32CubeIDE/plugins/com.st.stm32cube.ide.mcu.externaltools.gnu-tools-for-stm32.12.3.rel1.win32_1.0.100.202403111256/tools/bin/../lib/gcc/arm-none-eabi/12.3.1/../../../../arm-none-eabi/lib/thumb/v7e-m+fp/hard\libc_nano.a(libc_a-strncmp.o)
 .ARM.attributes
                0x000004ef       0x34 C:/ST/STM32CubeIDE_1.10.1/STM32CubeIDE/plugins/com.st.stm32cube.ide.mcu.externaltools.gnu-tools-for-stm32.12.3.rel1.win32_1.0.100.202403111256/tools/bin/../lib/gcc/arm-none-eabi/12.3.1/../../../../arm-none-eabi/lib/thumb/v7e-m+fp/hard\libc_nano.a(libc_a-strncpy.o)
 .ARM.attributes
                0x00000523       0x34 C:/ST/STM32CubeIDE_1.10.1/STM32CubeIDE/plugins/com.st.stm32cube.ide.mcu.externaltools.gnu-tools-for-stm32.12.3.rel1.win32_1.0.100.202403111256/tools/bin/../lib/gcc/arm-none-eabi/12.3.1/../../../../arm-none-eabi/lib/thumb/v7e-m+fp/hard\libc_nano.a(libc_a-init.o)
 .ARM.attributes
                0x00000557       0x20 C:/ST/STM32CubeIDE_1.10.1/STM32CubeIDE/plugins/com.st.stm32cube.ide.mcu.externaltools.gnu-tools-for-stm32.12.3.rel1.win32_1.0.100.202403111256/tools/bin/../lib/gcc/arm-none-eabi/12.3.1/../../../../arm-none-eabi/lib/thumb/v7e-m+fp/hard\libc_nano.a(libc_a-strcmp.o)
 .ARM.attributes
                0x00000577       0x34 C:/ST/STM32CubeIDE_1.10.1/STM32CubeIDE/plugins/com.st.stm32cube.ide.mcu.externaltools.gnu-tools-for-stm32.12.3.rel1.win32_1.0.100.202403111256/tools/bin/../lib/gcc/arm-none-eabi/12.3.1/../../../../arm-none-eabi/lib/thumb/v7e-m+fp/hard\libc_nano.a(libc_a-strcpy.o)
 .ARM.attributes
                0x000005ab       0x34 C:/ST/STM32CubeIDE_1.10.1/STM32CubeIDE/plugins/com.st.stm32cube.ide.mcu.externaltools.gnu-tools-for-stm32.12.3.rel1.win32_1.0.100.202403111256/tools/bin/../lib/gcc/arm-none-eabi/12.3.1/../../../../arm-none-eabi/lib/thumb/v7e-m+fp/hard\libc_nano.a(libc_a-memcpy-stub.o)
 .ARM.attributes
                0x000005df       0x17 C:/ST/STM32CubeIDE_1.10.1/STM32CubeIDE/plugins/com.st.stm32cube.ide.mcu.externaltools.gnu-tools-for-stm32.12.3.rel1.win32_1.0.100.202403111256/tools/bin/../lib/gcc/arm-none-eabi/12.3.1/../../../../arm-none-eabi/lib/thumb/v7e-m+fp/hard\libc_nano.a(libc_a-strlen.o)
 .ARM.attributes
                0x000005f6       0x22 C:/ST/STM32CubeIDE_1.10.1/STM32CubeIDE/plugins/com.st.stm32cube.ide.mcu.externaltools.gnu-tools-for-stm32.12.3.rel1.win32_1.0.100.202403111256/tools/bin/../lib/gcc/arm-none-eabi/12.3.1/thumb/v7e-m+fp/hard\libgcc.a(_arm_addsubdf3.o)
 .ARM.attributes
                0x00000618       0x22 C:/ST/STM32CubeIDE_1.10.1/STM32CubeIDE/plugins/com.st.stm32cube.ide.mcu.externaltools.gnu-tools-for-stm32.12.3.rel1.win32_1.0.100.202403111256/tools/bin/../lib/gcc/arm-none-eabi/12.3.1/thumb/v7e-m+fp/hard\libgcc.a(_arm_muldivdf3.o)
 .ARM.attributes
                0x0000063a       0x22 C:/ST/STM32CubeIDE_1.10.1/STM32CubeIDE/plugins/com.st.stm32cube.ide.mcu.externaltools.gnu-tools-for-stm32.12.3.rel1.win32_1.0.100.202403111256/tools/bin/../lib/gcc/arm-none-eabi/12.3.1/thumb/v7e-m+fp/hard\libgcc.a(_arm_cmpdf2.o)
 .ARM.attributes
                0x0000065c       0x22 C:/ST/STM32CubeIDE_1.10.1/STM32CubeIDE/plugins/com.st.stm32cube.ide.mcu.externaltools.gnu-tools-for-stm32.12.3.rel1.win32_1.0.100.202403111256/tools/bin/../lib/gcc/arm-none-eabi/12.3.1/thumb/v7e-m+fp/hard\libgcc.a(_arm_fixdfsi.o)
 .ARM.attributes
                0x0000067e       0x22 C:/ST/STM32CubeIDE_1.10.1/STM32CubeIDE/plugins/com.st.stm32cube.ide.mcu.externaltools.gnu-tools-for-stm32.12.3.rel1.win32_1.0.100.202403111256/tools/bin/../lib/gcc/arm-none-eabi/12.3.1/thumb/v7e-m+fp/hard\libgcc.a(_arm_fixunsdfsi.o)
 .ARM.attributes
                0x000006a0       0x22 C:/ST/STM32CubeIDE_1.10.1/STM32CubeIDE/plugins/com.st.stm32cube.ide.mcu.externaltools.gnu-tools-for-stm32.12.3.rel1.win32_1.0.100.202403111256/tools/bin/../lib/gcc/arm-none-eabi/12.3.1/thumb/v7e-m+fp/hard\libgcc.a(_arm_truncdfsf2.o)
 .ARM.attributes
                0x000006c2       0x22 C:/ST/STM32CubeIDE_1.10.1/STM32CubeIDE/plugins/com.st.stm32cube.ide.mcu.externaltools.gnu-tools-for-stm32.12.3.rel1.win32_1.0.100.202403111256/tools/bin/../lib/gcc/arm-none-eabi/12.3.1/thumb/v7e-m+fp/hard/crtn.o
OUTPUT(Vending_Machine_v2.elf elf32-littlearm)
LOAD linker stubs
LOAD C:/ST/STM32CubeIDE_1.10.1/STM32CubeIDE/plugins/com.st.stm32cube.ide.mcu.externaltools.gnu-tools-for-stm32.12.3.rel1.win32_1.0.100.202403111256/tools/bin/../lib/gcc/arm-none-eabi/12.3.1/../../../../arm-none-eabi/lib/thumb/v7e-m+fp/hard\libc.a
LOAD C:/ST/STM32CubeIDE_1.10.1/STM32CubeIDE/plugins/com.st.stm32cube.ide.mcu.externaltools.gnu-tools-for-stm32.12.3.rel1.win32_1.0.100.202403111256/tools/bin/../lib/gcc/arm-none-eabi/12.3.1/../../../../arm-none-eabi/lib/thumb/v7e-m+fp/hard\libm.a
LOAD C:/ST/STM32CubeIDE_1.10.1/STM32CubeIDE/plugins/com.st.stm32cube.ide.mcu.externaltools.gnu-tools-for-stm32.12.3.rel1.win32_1.0.100.202403111256/tools/bin/../lib/gcc/arm-none-eabi/12.3.1/thumb/v7e-m+fp/hard\libgcc.a

.debug_info     0x00000000     0x8706
 .debug_info    0x00000000     0x110b ./Src/A7672/ATCMD_A7672_Callbacks.o
 .debug_info    0x0000110b     0x18db ./Src/A7672/ATCMD_A7672_Commands.o
 .debug_info    0x000029e6      0x68b ./Src/A7672/ATCMD_Core.o
 .debug_info    0x00003071      0x5aa ./Src/A7672/ATCMD_Queue_Mgmt.o
 .debug_info    0x0000361b      0x412 ./Src/JSON/JSONParser.o
 .debug_info    0x00003a2d      0x92a ./Src/JSON/JSONWriter.o
 .debug_info    0x00004357      0x235 ./Src/Misc/Sensor.o
 .debug_info    0x0000458c      0x205 ./Src/Misc/led.o
 .debug_info    0x00004791      0x3ae ./Src/System/adc.o
 .debug_info    0x00004b3f      0x4c0 ./Src/System/common.o
 .debug_info    0x00004fff      0x242 ./Src/System/gpio.o
 .debug_info    0x00005241      0x55e ./Src/System/spi.o
 .debug_info    0x0000579f      0x161 ./Src/System/sys_peri_clock.o
 .debug_info    0x00005900      0x894 ./Src/System/timer.o
 .debug_info    0x00006194      0x739 ./Src/System/uart.o
 .debug_info    0x000068cd     0x14b8 ./Src/app.o
 .debug_info    0x00007d85      0x153 ./Src/main.o
 .debug_info    0x00007ed8      0x7fe ./Src/osKernel/osKernel.o
 .debug_info    0x000086d6       0x30 ./Startup/startup_stm32f302rbtx.o

.debug_abbrev   0x00000000     0x2139
 .debug_abbrev  0x00000000      0x230 ./Src/A7672/ATCMD_A7672_Callbacks.o
 .debug_abbrev  0x00000230      0x2c7 ./Src/A7672/ATCMD_A7672_Commands.o
 .debug_abbrev  0x000004f7      0x259 ./Src/A7672/ATCMD_Core.o
 .debug_abbrev  0x00000750      0x230 ./Src/A7672/ATCMD_Queue_Mgmt.o
 .debug_abbrev  0x00000980      0x1cf ./Src/JSON/JSONParser.o
 .debug_abbrev  0x00000b4f      0x24f ./Src/JSON/JSONWriter.o
 .debug_abbrev  0x00000d9e      0x14b ./Src/Misc/Sensor.o
 .debug_abbrev  0x00000ee9      0x107 ./Src/Misc/led.o
 .debug_abbrev  0x00000ff0      0x133 ./Src/System/adc.o
 .debug_abbrev  0x00001123      0x1c6 ./Src/System/common.o
 .debug_abbrev  0x000012e9      0x155 ./Src/System/gpio.o
 .debug_abbrev  0x0000143e      0x196 ./Src/System/spi.o
 .debug_abbrev  0x000015d4       0x9f ./Src/System/sys_peri_clock.o
 .debug_abbrev  0x00001673      0x1f0 ./Src/System/timer.o
 .debug_abbrev  0x00001863      0x26e ./Src/System/uart.o
 .debug_abbrev  0x00001ad1      0x2e7 ./Src/app.o
 .debug_abbrev  0x00001db8       0xdb ./Src/main.o
 .debug_abbrev  0x00001e93      0x282 ./Src/osKernel/osKernel.o
 .debug_abbrev  0x00002115       0x24 ./Startup/startup_stm32f302rbtx.o

.debug_aranges  0x00000000      0x888
 .debug_aranges
                0x00000000       0xd8 ./Src/A7672/ATCMD_A7672_Callbacks.o
 .debug_aranges
                0x000000d8      0x200 ./Src/A7672/ATCMD_A7672_Commands.o
 .debug_aranges
                0x000002d8       0x48 ./Src/A7672/ATCMD_Core.o
 .debug_aranges
                0x00000320       0x68 ./Src/A7672/ATCMD_Queue_Mgmt.o
 .debug_aranges
                0x00000388       0x40 ./Src/JSON/JSONParser.o
 .debug_aranges
                0x000003c8      0x118 ./Src/JSON/JSONWriter.o
 .debug_aranges
                0x000004e0       0x30 ./Src/Misc/Sensor.o
 .debug_aranges
                0x00000510       0x30 ./Src/Misc/led.o
 .debug_aranges
                0x00000540       0x28 ./Src/System/adc.o
 .debug_aranges
                0x00000568       0x58 ./Src/System/common.o
 .debug_aranges
                0x000005c0       0x40 ./Src/System/gpio.o
 .debug_aranges
                0x00000600       0x48 ./Src/System/spi.o
 .debug_aranges
                0x00000648       0x20 ./Src/System/sys_peri_clock.o
 .debug_aranges
                0x00000668       0x38 ./Src/System/timer.o
 .debug_aranges
                0x000006a0       0x68 ./Src/System/uart.o
 .debug_aranges
                0x00000708       0xd0 ./Src/app.o
 .debug_aranges
                0x000007d8       0x28 ./Src/main.o
 .debug_aranges
                0x00000800       0x60 ./Src/osKernel/osKernel.o
 .debug_aranges
                0x00000860       0x28 ./Startup/startup_stm32f302rbtx.o

.debug_rnglists
                0x00000000      0x661
 .debug_rnglists
                0x00000000       0xb3 ./Src/A7672/ATCMD_A7672_Callbacks.o
 .debug_rnglists
                0x000000b3      0x197 ./Src/A7672/ATCMD_A7672_Commands.o
 .debug_rnglists
                0x0000024a       0x33 ./Src/A7672/ATCMD_Core.o
 .debug_rnglists
                0x0000027d       0x4e ./Src/A7672/ATCMD_Queue_Mgmt.o
 .debug_rnglists
                0x000002cb       0x2f ./Src/JSON/JSONParser.o
 .debug_rnglists
                0x000002fa       0xd0 ./Src/JSON/JSONWriter.o
 .debug_rnglists
                0x000003ca       0x1f ./Src/Misc/Sensor.o
 .debug_rnglists
                0x000003e9       0x1f ./Src/Misc/led.o
 .debug_rnglists
                0x00000408       0x1b ./Src/System/adc.o
 .debug_rnglists
                0x00000423       0x40 ./Src/System/common.o
 .debug_rnglists
                0x00000463       0x2c ./Src/System/gpio.o
 .debug_rnglists
                0x0000048f       0x32 ./Src/System/spi.o
 .debug_rnglists
                0x000004c1       0x13 ./Src/System/sys_peri_clock.o
 .debug_rnglists
                0x000004d4       0x26 ./Src/System/timer.o
 .debug_rnglists
                0x000004fa       0x4a ./Src/System/uart.o
 .debug_rnglists
                0x00000544       0xa4 ./Src/app.o
 .debug_rnglists
                0x000005e8       0x19 ./Src/main.o
 .debug_rnglists
                0x00000601       0x47 ./Src/osKernel/osKernel.o
 .debug_rnglists
                0x00000648       0x19 ./Startup/startup_stm32f302rbtx.o

.debug_macro    0x00000000    0x16fb5
 .debug_macro   0x00000000      0x1e0 ./Src/A7672/ATCMD_A7672_Callbacks.o
 .debug_macro   0x000001e0      0xaa8 ./Src/A7672/ATCMD_A7672_Callbacks.o
 .debug_macro   0x00000c88       0x28 ./Src/A7672/ATCMD_A7672_Callbacks.o
 .debug_macro   0x00000cb0       0x22 ./Src/A7672/ATCMD_A7672_Callbacks.o
 .debug_macro   0x00000cd2       0x8e ./Src/A7672/ATCMD_A7672_Callbacks.o
 .debug_macro   0x00000d60       0x51 ./Src/A7672/ATCMD_A7672_Callbacks.o
 .debug_macro   0x00000db1      0x103 ./Src/A7672/ATCMD_A7672_Callbacks.o
 .debug_macro   0x00000eb4       0x6a ./Src/A7672/ATCMD_A7672_Callbacks.o
 .debug_macro   0x00000f1e      0x1df ./Src/A7672/ATCMD_A7672_Callbacks.o
 .debug_macro   0x000010fd       0x1c ./Src/A7672/ATCMD_A7672_Callbacks.o
 .debug_macro   0x00001119       0x22 ./Src/A7672/ATCMD_A7672_Callbacks.o
 .debug_macro   0x0000113b       0xd9 ./Src/A7672/ATCMD_A7672_Callbacks.o
 .debug_macro   0x00001214     0x102d ./Src/A7672/ATCMD_A7672_Callbacks.o
 .debug_macro   0x00002241      0x11f ./Src/A7672/ATCMD_A7672_Callbacks.o
 .debug_macro   0x00002360    0x1184a ./Src/A7672/ATCMD_A7672_Callbacks.o
 .debug_macro   0x00013baa       0x61 ./Src/A7672/ATCMD_A7672_Callbacks.o
 .debug_macro   0x00013c0b       0x2a ./Src/A7672/ATCMD_A7672_Callbacks.o
 .debug_macro   0x00013c35       0x43 ./Src/A7672/ATCMD_A7672_Callbacks.o
 .debug_macro   0x00013c78       0x34 ./Src/A7672/ATCMD_A7672_Callbacks.o
 .debug_macro   0x00013cac      0x189 ./Src/A7672/ATCMD_A7672_Callbacks.o
 .debug_macro   0x00013e35       0x16 ./Src/A7672/ATCMD_A7672_Callbacks.o
 .debug_macro   0x00013e4b       0x43 ./Src/A7672/ATCMD_A7672_Callbacks.o
 .debug_macro   0x00013e8e       0x34 ./Src/A7672/ATCMD_A7672_Callbacks.o
 .debug_macro   0x00013ec2       0x10 ./Src/A7672/ATCMD_A7672_Callbacks.o
 .debug_macro   0x00013ed2       0x58 ./Src/A7672/ATCMD_A7672_Callbacks.o
 .debug_macro   0x00013f2a       0x8e ./Src/A7672/ATCMD_A7672_Callbacks.o
 .debug_macro   0x00013fb8       0x1c ./Src/A7672/ATCMD_A7672_Callbacks.o
 .debug_macro   0x00013fd4      0x177 ./Src/A7672/ATCMD_A7672_Callbacks.o
 .debug_macro   0x0001414b      0x369 ./Src/A7672/ATCMD_A7672_Callbacks.o
 .debug_macro   0x000144b4       0x10 ./Src/A7672/ATCMD_A7672_Callbacks.o
 .debug_macro   0x000144c4       0x35 ./Src/A7672/ATCMD_A7672_Callbacks.o
 .debug_macro   0x000144f9       0x20 ./Src/A7672/ATCMD_A7672_Callbacks.o
 .debug_macro   0x00014519       0x22 ./Src/A7672/ATCMD_A7672_Callbacks.o
 .debug_macro   0x0001453b       0x2e ./Src/A7672/ATCMD_A7672_Callbacks.o
 .debug_macro   0x00014569       0x1c ./Src/A7672/ATCMD_A7672_Callbacks.o
 .debug_macro   0x00014585       0x5a ./Src/A7672/ATCMD_A7672_Callbacks.o
 .debug_macro   0x000145df      0x1f3 ./Src/A7672/ATCMD_A7672_Commands.o
 .debug_macro   0x000147d2      0x155 ./Src/A7672/ATCMD_A7672_Commands.o
 .debug_macro   0x00014927      0x1f3 ./Src/A7672/ATCMD_Core.o
 .debug_macro   0x00014b1a       0x1c ./Src/A7672/ATCMD_Core.o
 .debug_macro   0x00014b36      0x1b0 ./Src/A7672/ATCMD_Queue_Mgmt.o
 .debug_macro   0x00014ce6      0x14c ./Src/JSON/JSONParser.o
 .debug_macro   0x00014e32       0x5b ./Src/JSON/JSONParser.o
 .debug_macro   0x00014e8d       0x94 ./Src/JSON/JSONParser.o
 .debug_macro   0x00014f21       0x16 ./Src/JSON/JSONParser.o
 .debug_macro   0x00014f37       0x57 ./Src/JSON/JSONParser.o
 .debug_macro   0x00014f8e       0x10 ./Src/JSON/JSONParser.o
 .debug_macro   0x00014f9e       0x16 ./Src/JSON/JSONParser.o
 .debug_macro   0x00014fb4       0x16 ./Src/JSON/JSONParser.o
 .debug_macro   0x00014fca      0x146 ./Src/JSON/JSONParser.o
 .debug_macro   0x00015110       0x16 ./Src/JSON/JSONParser.o
 .debug_macro   0x00015126       0x3a ./Src/JSON/JSONParser.o
 .debug_macro   0x00015160      0x16a ./Src/JSON/JSONWriter.o
 .debug_macro   0x000152ca       0x46 ./Src/JSON/JSONWriter.o
 .debug_macro   0x00015310      0x20b ./Src/Misc/Sensor.o
 .debug_macro   0x0001551b      0x14f ./Src/Misc/Sensor.o
 .debug_macro   0x0001566a       0x1c ./Src/Misc/Sensor.o
 .debug_macro   0x00015686       0x28 ./Src/Misc/Sensor.o
 .debug_macro   0x000156ae       0x43 ./Src/Misc/Sensor.o
 .debug_macro   0x000156f1      0x1cd ./Src/Misc/led.o
 .debug_macro   0x000158be       0x22 ./Src/Misc/led.o
 .debug_macro   0x000158e0      0x1d1 ./Src/System/adc.o
 .debug_macro   0x00015ab1       0x1c ./Src/System/adc.o
 .debug_macro   0x00015acd      0x1a7 ./Src/System/common.o
 .debug_macro   0x00015c74      0x1ba ./Src/System/gpio.o
 .debug_macro   0x00015e2e      0x1d2 ./Src/System/spi.o
 .debug_macro   0x00016000       0x52 ./Src/System/spi.o
 .debug_macro   0x00016052       0x2e ./Src/System/spi.o
 .debug_macro   0x00016080      0x1b0 ./Src/System/sys_peri_clock.o
 .debug_macro   0x00016230       0x40 ./Src/System/sys_peri_clock.o
 .debug_macro   0x00016270      0x1cd ./Src/System/timer.o
 .debug_macro   0x0001643d       0x2e ./Src/System/timer.o
 .debug_macro   0x0001646b       0x16 ./Src/System/timer.o
 .debug_macro   0x00016481      0x1ba ./Src/System/uart.o
 .debug_macro   0x0001663b      0x28a ./Src/app.o
 .debug_macro   0x000168c5       0x16 ./Src/app.o
 .debug_macro   0x000168db       0x60 ./Src/app.o
 .debug_macro   0x0001693b       0x34 ./Src/app.o
 .debug_macro   0x0001696f       0x52 ./Src/app.o
 .debug_macro   0x000169c1       0x22 ./Src/app.o
 .debug_macro   0x000169e3       0x1c ./Src/app.o
 .debug_macro   0x000169ff       0x22 ./Src/app.o
 .debug_macro   0x00016a21      0x225 ./Src/main.o
 .debug_macro   0x00016c46       0x9e ./Src/main.o
 .debug_macro   0x00016ce4      0x10b ./Src/main.o
 .debug_macro   0x00016def      0x1c6 ./Src/osKernel/osKernel.o

.debug_line     0x00000000     0xc941
 .debug_line    0x00000000     0x16d0 ./Src/A7672/ATCMD_A7672_Callbacks.o
 .debug_line    0x000016d0     0x15ef ./Src/A7672/ATCMD_A7672_Commands.o
 .debug_line    0x00002cbf      0xaff ./Src/A7672/ATCMD_Core.o
 .debug_line    0x000037be      0xaf5 ./Src/A7672/ATCMD_Queue_Mgmt.o
 .debug_line    0x000042b3      0xa3a ./Src/JSON/JSONParser.o
 .debug_line    0x00004ced      0xc3e ./Src/JSON/JSONWriter.o
 .debug_line    0x0000592b      0x8a8 ./Src/Misc/Sensor.o
 .debug_line    0x000061d3      0x78b ./Src/Misc/led.o
 .debug_line    0x0000695e      0x7b4 ./Src/System/adc.o
 .debug_line    0x00007112      0xaf8 ./Src/System/common.o
 .debug_line    0x00007c0a      0x88f ./Src/System/gpio.o
 .debug_line    0x00008499      0x89c ./Src/System/spi.o
 .debug_line    0x00008d35      0x733 ./Src/System/sys_peri_clock.o
 .debug_line    0x00009468      0x86d ./Src/System/timer.o
 .debug_line    0x00009cd5      0x925 ./Src/System/uart.o
 .debug_line    0x0000a5fa     0x10ba ./Src/app.o
 .debug_line    0x0000b6b4      0x86d ./Src/main.o
 .debug_line    0x0000bf21      0x9a5 ./Src/osKernel/osKernel.o
 .debug_line    0x0000c8c6       0x7b ./Startup/startup_stm32f302rbtx.o

.debug_str      0x00000000    0x724dc
 .debug_str     0x00000000    0x6e7c9 ./Src/A7672/ATCMD_A7672_Callbacks.o
                              0x6e9f3 (size before relaxing)
 .debug_str     0x0006e7c9     0x1114 ./Src/A7672/ATCMD_A7672_Commands.o
                              0x6fa0e (size before relaxing)
 .debug_str     0x0006f8dd      0x280 ./Src/A7672/ATCMD_Core.o
                              0x6e869 (size before relaxing)
 .debug_str     0x0006fb5d       0xb7 ./Src/A7672/ATCMD_Queue_Mgmt.o
                              0x6e474 (size before relaxing)
 .debug_str     0x0006fc14      0x859 ./Src/JSON/JSONParser.o
                               0x6ee2 (size before relaxing)
 .debug_str     0x0007046d      0x38b ./Src/JSON/JSONWriter.o
                               0x706d (size before relaxing)
 .debug_str     0x000707f8      0x22e ./Src/Misc/Sensor.o
                              0x6e8f0 (size before relaxing)
 .debug_str     0x00070a26       0x40 ./Src/Misc/led.o
                              0x6e685 (size before relaxing)
 .debug_str     0x00070a66      0x2c1 ./Src/System/adc.o
                              0x6e88a (size before relaxing)
 .debug_str     0x00070d27      0x134 ./Src/System/common.o
                              0x6e18a (size before relaxing)
 .debug_str     0x00070e5b       0x24 ./Src/System/gpio.o
                              0x6e621 (size before relaxing)
 .debug_str     0x00070e7f      0x6b7 ./Src/System/spi.o
                              0x6edfc (size before relaxing)
 .debug_str     0x00071536      0x15d ./Src/System/sys_peri_clock.o
                              0x6e104 (size before relaxing)
 .debug_str     0x00071693      0x1f9 ./Src/System/timer.o
                              0x6e7cb (size before relaxing)
 .debug_str     0x0007188c       0xe1 ./Src/System/uart.o
                              0x6e7f4 (size before relaxing)
 .debug_str     0x0007196d      0x966 ./Src/app.o
                              0x7043a (size before relaxing)
 .debug_str     0x000722d3       0x47 ./Src/main.o
                              0x6e8a5 (size before relaxing)
 .debug_str     0x0007231a      0x183 ./Src/osKernel/osKernel.o
                              0x6e6f6 (size before relaxing)
 .debug_str     0x0007249d       0x3f ./Startup/startup_stm32f302rbtx.o
                                 0x78 (size before relaxing)

.comment        0x00000000       0x43
 .comment       0x00000000       0x43 ./Src/A7672/ATCMD_A7672_Callbacks.o
                                 0x44 (size before relaxing)
 .comment       0x00000043       0x44 ./Src/A7672/ATCMD_A7672_Commands.o
 .comment       0x00000043       0x44 ./Src/A7672/ATCMD_Core.o
 .comment       0x00000043       0x44 ./Src/A7672/ATCMD_Queue_Mgmt.o
 .comment       0x00000043       0x44 ./Src/JSON/JSONParser.o
 .comment       0x00000043       0x44 ./Src/JSON/JSONWriter.o
 .comment       0x00000043       0x44 ./Src/Misc/Sensor.o
 .comment       0x00000043       0x44 ./Src/Misc/led.o
 .comment       0x00000043       0x44 ./Src/System/adc.o
 .comment       0x00000043       0x44 ./Src/System/common.o
 .comment       0x00000043       0x44 ./Src/System/gpio.o
 .comment       0x00000043       0x44 ./Src/System/spi.o
 .comment       0x00000043       0x44 ./Src/System/sys_peri_clock.o
 .comment       0x00000043       0x44 ./Src/System/timer.o
 .comment       0x00000043       0x44 ./Src/System/uart.o
 .comment       0x00000043       0x44 ./Src/app.o
 .comment       0x00000043       0x44 ./Src/main.o
 .comment       0x00000043       0x44 ./Src/osKernel/osKernel.o

.debug_frame    0x00000000     0x22e4
 .debug_frame   0x00000000      0x3cc ./Src/A7672/ATCMD_A7672_Callbacks.o
 .debug_frame   0x000003cc      0x8e4 ./Src/A7672/ATCMD_A7672_Commands.o
 .debug_frame   0x00000cb0       0xd8 ./Src/A7672/ATCMD_Core.o
 .debug_frame   0x00000d88      0x15c ./Src/A7672/ATCMD_Queue_Mgmt.o
 .debug_frame   0x00000ee4       0xd4 ./Src/JSON/JSONParser.o
 .debug_frame   0x00000fb8      0x4b4 ./Src/JSON/JSONWriter.o
 .debug_frame   0x0000146c       0x6c ./Src/Misc/Sensor.o
 .debug_frame   0x000014d8       0x7c ./Src/Misc/led.o
 .debug_frame   0x00001554       0x4c ./Src/System/adc.o
 .debug_frame   0x000015a0      0x14c ./Src/System/common.o
 .debug_frame   0x000016ec       0xcc ./Src/System/gpio.o
 .debug_frame   0x000017b8       0xe4 ./Src/System/spi.o
 .debug_frame   0x0000189c       0x30 ./Src/System/sys_peri_clock.o
 .debug_frame   0x000018cc       0x98 ./Src/System/timer.o
 .debug_frame   0x00001964      0x174 ./Src/System/uart.o
 .debug_frame   0x00001ad8      0x310 ./Src/app.o
 .debug_frame   0x00001de8       0x4c ./Src/main.o
 .debug_frame   0x00001e34      0x138 ./Src/osKernel/osKernel.o
 .debug_frame   0x00001f6c       0x20 C:/ST/STM32CubeIDE_1.10.1/STM32CubeIDE/plugins/com.st.stm32cube.ide.mcu.externaltools.gnu-tools-for-stm32.12.3.rel1.win32_1.0.100.202403111256/tools/bin/../lib/gcc/arm-none-eabi/12.3.1/../../../../arm-none-eabi/lib/thumb/v7e-m+fp/hard\libc_nano.a(libc_a-memset.o)
 .debug_frame   0x00001f8c       0x28 C:/ST/STM32CubeIDE_1.10.1/STM32CubeIDE/plugins/com.st.stm32cube.ide.mcu.externaltools.gnu-tools-for-stm32.12.3.rel1.win32_1.0.100.202403111256/tools/bin/../lib/gcc/arm-none-eabi/12.3.1/../../../../arm-none-eabi/lib/thumb/v7e-m+fp/hard\libc_nano.a(libc_a-strcat.o)
 .debug_frame   0x00001fb4       0x20 C:/ST/STM32CubeIDE_1.10.1/STM32CubeIDE/plugins/com.st.stm32cube.ide.mcu.externaltools.gnu-tools-for-stm32.12.3.rel1.win32_1.0.100.202403111256/tools/bin/../lib/gcc/arm-none-eabi/12.3.1/../../../../arm-none-eabi/lib/thumb/v7e-m+fp/hard\libc_nano.a(libc_a-strchr.o)
 .debug_frame   0x00001fd4       0x28 C:/ST/STM32CubeIDE_1.10.1/STM32CubeIDE/plugins/com.st.stm32cube.ide.mcu.externaltools.gnu-tools-for-stm32.12.3.rel1.win32_1.0.100.202403111256/tools/bin/../lib/gcc/arm-none-eabi/12.3.1/../../../../arm-none-eabi/lib/thumb/v7e-m+fp/hard\libc_nano.a(libc_a-strncmp.o)
 .debug_frame   0x00001ffc       0x28 C:/ST/STM32CubeIDE_1.10.1/STM32CubeIDE/plugins/com.st.stm32cube.ide.mcu.externaltools.gnu-tools-for-stm32.12.3.rel1.win32_1.0.100.202403111256/tools/bin/../lib/gcc/arm-none-eabi/12.3.1/../../../../arm-none-eabi/lib/thumb/v7e-m+fp/hard\libc_nano.a(libc_a-strncpy.o)
 .debug_frame   0x00002024       0x2c C:/ST/STM32CubeIDE_1.10.1/STM32CubeIDE/plugins/com.st.stm32cube.ide.mcu.externaltools.gnu-tools-for-stm32.12.3.rel1.win32_1.0.100.202403111256/tools/bin/../lib/gcc/arm-none-eabi/12.3.1/../../../../arm-none-eabi/lib/thumb/v7e-m+fp/hard\libc_nano.a(libc_a-init.o)
 .debug_frame   0x00002050       0x20 C:/ST/STM32CubeIDE_1.10.1/STM32CubeIDE/plugins/com.st.stm32cube.ide.mcu.externaltools.gnu-tools-for-stm32.12.3.rel1.win32_1.0.100.202403111256/tools/bin/../lib/gcc/arm-none-eabi/12.3.1/../../../../arm-none-eabi/lib/thumb/v7e-m+fp/hard\libc_nano.a(libc_a-strcmp.o)
 .debug_frame   0x00002070       0x20 C:/ST/STM32CubeIDE_1.10.1/STM32CubeIDE/plugins/com.st.stm32cube.ide.mcu.externaltools.gnu-tools-for-stm32.12.3.rel1.win32_1.0.100.202403111256/tools/bin/../lib/gcc/arm-none-eabi/12.3.1/../../../../arm-none-eabi/lib/thumb/v7e-m+fp/hard\libc_nano.a(libc_a-strcpy.o)
 .debug_frame   0x00002090       0x28 C:/ST/STM32CubeIDE_1.10.1/STM32CubeIDE/plugins/com.st.stm32cube.ide.mcu.externaltools.gnu-tools-for-stm32.12.3.rel1.win32_1.0.100.202403111256/tools/bin/../lib/gcc/arm-none-eabi/12.3.1/../../../../arm-none-eabi/lib/thumb/v7e-m+fp/hard\libc_nano.a(libc_a-memcpy-stub.o)
 .debug_frame   0x000020b8       0xac C:/ST/STM32CubeIDE_1.10.1/STM32CubeIDE/plugins/com.st.stm32cube.ide.mcu.externaltools.gnu-tools-for-stm32.12.3.rel1.win32_1.0.100.202403111256/tools/bin/../lib/gcc/arm-none-eabi/12.3.1/thumb/v7e-m+fp/hard\libgcc.a(_arm_addsubdf3.o)
 .debug_frame   0x00002164       0x50 C:/ST/STM32CubeIDE_1.10.1/STM32CubeIDE/plugins/com.st.stm32cube.ide.mcu.externaltools.gnu-tools-for-stm32.12.3.rel1.win32_1.0.100.202403111256/tools/bin/../lib/gcc/arm-none-eabi/12.3.1/thumb/v7e-m+fp/hard\libgcc.a(_arm_muldivdf3.o)
 .debug_frame   0x000021b4       0xc4 C:/ST/STM32CubeIDE_1.10.1/STM32CubeIDE/plugins/com.st.stm32cube.ide.mcu.externaltools.gnu-tools-for-stm32.12.3.rel1.win32_1.0.100.202403111256/tools/bin/../lib/gcc/arm-none-eabi/12.3.1/thumb/v7e-m+fp/hard\libgcc.a(_arm_cmpdf2.o)
 .debug_frame   0x00002278       0x24 C:/ST/STM32CubeIDE_1.10.1/STM32CubeIDE/plugins/com.st.stm32cube.ide.mcu.externaltools.gnu-tools-for-stm32.12.3.rel1.win32_1.0.100.202403111256/tools/bin/../lib/gcc/arm-none-eabi/12.3.1/thumb/v7e-m+fp/hard\libgcc.a(_arm_fixdfsi.o)
 .debug_frame   0x0000229c       0x24 C:/ST/STM32CubeIDE_1.10.1/STM32CubeIDE/plugins/com.st.stm32cube.ide.mcu.externaltools.gnu-tools-for-stm32.12.3.rel1.win32_1.0.100.202403111256/tools/bin/../lib/gcc/arm-none-eabi/12.3.1/thumb/v7e-m+fp/hard\libgcc.a(_arm_fixunsdfsi.o)
 .debug_frame   0x000022c0       0x24 C:/ST/STM32CubeIDE_1.10.1/STM32CubeIDE/plugins/com.st.stm32cube.ide.mcu.externaltools.gnu-tools-for-stm32.12.3.rel1.win32_1.0.100.202403111256/tools/bin/../lib/gcc/arm-none-eabi/12.3.1/thumb/v7e-m+fp/hard\libgcc.a(_arm_truncdfsf2.o)

.debug_line_str
                0x00000000       0x5c
 .debug_line_str
                0x00000000       0x5c ./Startup/startup_stm32f302rbtx.o