13:01:10 **** Build of configuration Debug for project Vending_Machine_v2 ****
make -j8 all 
arm-none-eabi-gcc -mcpu=cortex-m4 -g3 -DDEBUG -c -x assembler-with-cpp -MMD -MP -MF"Startup/startup_stm32f302rbtx.d" -MT"Startup/startup_stm32f302rbtx.o" --specs=nano.specs -mfpu=fpv4-sp-d16 -mfloat-abi=hard -mthumb -o "Startup/startup_stm32f302rbtx.o" "../Startup/startup_stm32f302rbtx.s"
arm-none-eabi-gcc "../Src/osKernel/osKernel.c" -mcpu=cortex-m4 -std=gnu11 -g3 -DSTM32F302xC -c -I../Inc -I"D:/GIT_WORKSPACE/VendingMachine/Vending_Machine_v2/chip_headers/CMSIS/Device/ST/STM32F3xx/Include" -I"D:/GIT_WORKSPACE/VendingMachine/Vending_Machine_v2/chip_headers/CMSIS/Include" -I"D:/GIT_WORKSPACE/VendingMachine/Vending_Machine_v2/Inc/A7672" -I"D:/GIT_WORKSPACE/VendingMachine/Vending_Machine_v2/Inc/ExtFlashMem" -I"D:/GIT_WORKSPACE/VendingMachine/Vending_Machine_v2/Inc/JSON" -I"D:/GIT_WORKSPACE/VendingMachine/Vending_Machine_v2/Inc/osKernel" -I"D:/GIT_WORKSPACE/VendingMachine/Vending_Machine_v2/Inc/System" -I"D:/GIT_WORKSPACE/VendingMachine/Vending_Machine_v2/Inc/Misc" -O0 -ffunction-sections -fdata-sections -Wall -fstack-usage -fcyclomatic-complexity -MMD -MP -MF"Src/osKernel/osKernel.d" -MT"Src/osKernel/osKernel.o" --specs=nano.specs -mfpu=fpv4-sp-d16 -mfloat-abi=hard -mthumb -o "Src/osKernel/osKernel.o"
arm-none-eabi-gcc "../Src/System/adc.c" -mcpu=cortex-m4 -std=gnu11 -g3 -DSTM32F302xC -c -I../Inc -I"D:/GIT_WORKSPACE/VendingMachine/Vending_Machine_v2/chip_headers/CMSIS/Device/ST/STM32F3xx/Include" -I"D:/GIT_WORKSPACE/VendingMachine/Vending_Machine_v2/chip_headers/CMSIS/Include" -I"D:/GIT_WORKSPACE/VendingMachine/Vending_Machine_v2/Inc/A7672" -I"D:/GIT_WORKSPACE/VendingMachine/Vending_Machine_v2/Inc/ExtFlashMem" -I"D:/GIT_WORKSPACE/VendingMachine/Vending_Machine_v2/Inc/JSON" -I"D:/GIT_WORKSPACE/VendingMachine/Vending_Machine_v2/Inc/osKernel" -I"D:/GIT_WORKSPACE/VendingMachine/Vending_Machine_v2/Inc/System" -I"D:/GIT_WORKSPACE/VendingMachine/Vending_Machine_v2/Inc/Misc" -O0 -ffunction-sections -fdata-sections -Wall -fstack-usage -fcyclomatic-complexity -MMD -MP -MF"Src/System/adc.d" -MT"Src/System/adc.o" --specs=nano.specs -mfpu=fpv4-sp-d16 -mfloat-abi=hard -mthumb -o "Src/System/adc.o"
arm-none-eabi-gcc "../Src/System/common.c" -mcpu=cortex-m4 -std=gnu11 -g3 -DSTM32F302xC -c -I../Inc -I"D:/GIT_WORKSPACE/VendingMachine/Vending_Machine_v2/chip_headers/CMSIS/Device/ST/STM32F3xx/Include" -I"D:/GIT_WORKSPACE/VendingMachine/Vending_Machine_v2/chip_headers/CMSIS/Include" -I"D:/GIT_WORKSPACE/VendingMachine/Vending_Machine_v2/Inc/A7672" -I"D:/GIT_WORKSPACE/VendingMachine/Vending_Machine_v2/Inc/ExtFlashMem" -I"D:/GIT_WORKSPACE/VendingMachine/Vending_Machine_v2/Inc/JSON" -I"D:/GIT_WORKSPACE/VendingMachine/Vending_Machine_v2/Inc/osKernel" -I"D:/GIT_WORKSPACE/VendingMachine/Vending_Machine_v2/Inc/System" -I"D:/GIT_WORKSPACE/VendingMachine/Vending_Machine_v2/Inc/Misc" -O0 -ffunction-sections -fdata-sections -Wall -fstack-usage -fcyclomatic-complexity -MMD -MP -MF"Src/System/common.d" -MT"Src/System/common.o" --specs=nano.specs -mfpu=fpv4-sp-d16 -mfloat-abi=hard -mthumb -o "Src/System/common.o"
arm-none-eabi-gcc "../Src/System/gpio.c" -mcpu=cortex-m4 -std=gnu11 -g3 -DSTM32F302xC -c -I../Inc -I"D:/GIT_WORKSPACE/VendingMachine/Vending_Machine_v2/chip_headers/CMSIS/Device/ST/STM32F3xx/Include" -I"D:/GIT_WORKSPACE/VendingMachine/Vending_Machine_v2/chip_headers/CMSIS/Include" -I"D:/GIT_WORKSPACE/VendingMachine/Vending_Machine_v2/Inc/A7672" -I"D:/GIT_WORKSPACE/VendingMachine/Vending_Machine_v2/Inc/ExtFlashMem" -I"D:/GIT_WORKSPACE/VendingMachine/Vending_Machine_v2/Inc/JSON" -I"D:/GIT_WORKSPACE/VendingMachine/Vending_Machine_v2/Inc/osKernel" -I"D:/GIT_WORKSPACE/VendingMachine/Vending_Machine_v2/Inc/System" -I"D:/GIT_WORKSPACE/VendingMachine/Vending_Machine_v2/Inc/Misc" -O0 -ffunction-sections -fdata-sections -Wall -fstack-usage -fcyclomatic-complexity -MMD -MP -MF"Src/System/gpio.d" -MT"Src/System/gpio.o" --specs=nano.specs -mfpu=fpv4-sp-d16 -mfloat-abi=hard -mthumb -o "Src/System/gpio.o"
arm-none-eabi-gcc "../Src/System/spi.c" -mcpu=cortex-m4 -std=gnu11 -g3 -DSTM32F302xC -c -I../Inc -I"D:/GIT_WORKSPACE/VendingMachine/Vending_Machine_v2/chip_headers/CMSIS/Device/ST/STM32F3xx/Include" -I"D:/GIT_WORKSPACE/VendingMachine/Vending_Machine_v2/chip_headers/CMSIS/Include" -I"D:/GIT_WORKSPACE/VendingMachine/Vending_Machine_v2/Inc/A7672" -I"D:/GIT_WORKSPACE/VendingMachine/Vending_Machine_v2/Inc/ExtFlashMem" -I"D:/GIT_WORKSPACE/VendingMachine/Vending_Machine_v2/Inc/JSON" -I"D:/GIT_WORKSPACE/VendingMachine/Vending_Machine_v2/Inc/osKernel" -I"D:/GIT_WORKSPACE/VendingMachine/Vending_Machine_v2/Inc/System" -I"D:/GIT_WORKSPACE/VendingMachine/Vending_Machine_v2/Inc/Misc" -O0 -ffunction-sections -fdata-sections -Wall -fstack-usage -fcyclomatic-complexity -MMD -MP -MF"Src/System/spi.d" -MT"Src/System/spi.o" --specs=nano.specs -mfpu=fpv4-sp-d16 -mfloat-abi=hard -mthumb -o "Src/System/spi.o"
arm-none-eabi-gcc "../Src/System/sys_peri_clock.c" -mcpu=cortex-m4 -std=gnu11 -g3 -DSTM32F302xC -c -I../Inc -I"D:/GIT_WORKSPACE/VendingMachine/Vending_Machine_v2/chip_headers/CMSIS/Device/ST/STM32F3xx/Include" -I"D:/GIT_WORKSPACE/VendingMachine/Vending_Machine_v2/chip_headers/CMSIS/Include" -I"D:/GIT_WORKSPACE/VendingMachine/Vending_Machine_v2/Inc/A7672" -I"D:/GIT_WORKSPACE/VendingMachine/Vending_Machine_v2/Inc/ExtFlashMem" -I"D:/GIT_WORKSPACE/VendingMachine/Vending_Machine_v2/Inc/JSON" -I"D:/GIT_WORKSPACE/VendingMachine/Vending_Machine_v2/Inc/osKernel" -I"D:/GIT_WORKSPACE/VendingMachine/Vending_Machine_v2/Inc/System" -I"D:/GIT_WORKSPACE/VendingMachine/Vending_Machine_v2/Inc/Misc" -O0 -ffunction-sections -fdata-sections -Wall -fstack-usage -fcyclomatic-complexity -MMD -MP -MF"Src/System/sys_peri_clock.d" -MT"Src/System/sys_peri_clock.o" --specs=nano.specs -mfpu=fpv4-sp-d16 -mfloat-abi=hard -mthumb -o "Src/System/sys_peri_clock.o"
arm-none-eabi-gcc "../Src/System/timer.c" -mcpu=cortex-m4 -std=gnu11 -g3 -DSTM32F302xC -c -I../Inc -I"D:/GIT_WORKSPACE/VendingMachine/Vending_Machine_v2/chip_headers/CMSIS/Device/ST/STM32F3xx/Include" -I"D:/GIT_WORKSPACE/VendingMachine/Vending_Machine_v2/chip_headers/CMSIS/Include" -I"D:/GIT_WORKSPACE/VendingMachine/Vending_Machine_v2/Inc/A7672" -I"D:/GIT_WORKSPACE/VendingMachine/Vending_Machine_v2/Inc/ExtFlashMem" -I"D:/GIT_WORKSPACE/VendingMachine/Vending_Machine_v2/Inc/JSON" -I"D:/GIT_WORKSPACE/VendingMachine/Vending_Machine_v2/Inc/osKernel" -I"D:/GIT_WORKSPACE/VendingMachine/Vending_Machine_v2/Inc/System" -I"D:/GIT_WORKSPACE/VendingMachine/Vending_Machine_v2/Inc/Misc" -O0 -ffunction-sections -fdata-sections -Wall -fstack-usage -fcyclomatic-complexity -MMD -MP -MF"Src/System/timer.d" -MT"Src/System/timer.o" --specs=nano.specs -mfpu=fpv4-sp-d16 -mfloat-abi=hard -mthumb -o "Src/System/timer.o"
arm-none-eabi-gcc "../Src/System/uart.c" -mcpu=cortex-m4 -std=gnu11 -g3 -DSTM32F302xC -c -I../Inc -I"D:/GIT_WORKSPACE/VendingMachine/Vending_Machine_v2/chip_headers/CMSIS/Device/ST/STM32F3xx/Include" -I"D:/GIT_WORKSPACE/VendingMachine/Vending_Machine_v2/chip_headers/CMSIS/Include" -I"D:/GIT_WORKSPACE/VendingMachine/Vending_Machine_v2/Inc/A7672" -I"D:/GIT_WORKSPACE/VendingMachine/Vending_Machine_v2/Inc/ExtFlashMem" -I"D:/GIT_WORKSPACE/VendingMachine/Vending_Machine_v2/Inc/JSON" -I"D:/GIT_WORKSPACE/VendingMachine/Vending_Machine_v2/Inc/osKernel" -I"D:/GIT_WORKSPACE/VendingMachine/Vending_Machine_v2/Inc/System" -I"D:/GIT_WORKSPACE/VendingMachine/Vending_Machine_v2/Inc/Misc" -O0 -ffunction-sections -fdata-sections -Wall -fstack-usage -fcyclomatic-complexity -MMD -MP -MF"Src/System/uart.d" -MT"Src/System/uart.o" --specs=nano.specs -mfpu=fpv4-sp-d16 -mfloat-abi=hard -mthumb -o "Src/System/uart.o"
../Src/System/common.c: In function 'convert_to_epoch':
../Src/System/common.c:395:10: warning: assignment to 'uint8_t' {aka 'unsigned char'} from 'char *' makes integer from pointer without a cast [-Wint-conversion]
  395 |     sign = date_time++;
      |          ^
arm-none-eabi-gcc "../Src/Misc/Motor.c" -mcpu=cortex-m4 -std=gnu11 -g3 -DSTM32F302xC -c -I../Inc -I"D:/GIT_WORKSPACE/VendingMachine/Vending_Machine_v2/chip_headers/CMSIS/Device/ST/STM32F3xx/Include" -I"D:/GIT_WORKSPACE/VendingMachine/Vending_Machine_v2/chip_headers/CMSIS/Include" -I"D:/GIT_WORKSPACE/VendingMachine/Vending_Machine_v2/Inc/A7672" -I"D:/GIT_WORKSPACE/VendingMachine/Vending_Machine_v2/Inc/ExtFlashMem" -I"D:/GIT_WORKSPACE/VendingMachine/Vending_Machine_v2/Inc/JSON" -I"D:/GIT_WORKSPACE/VendingMachine/Vending_Machine_v2/Inc/osKernel" -I"D:/GIT_WORKSPACE/VendingMachine/Vending_Machine_v2/Inc/System" -I"D:/GIT_WORKSPACE/VendingMachine/Vending_Machine_v2/Inc/Misc" -O0 -ffunction-sections -fdata-sections -Wall -fstack-usage -fcyclomatic-complexity -MMD -MP -MF"Src/Misc/Motor.d" -MT"Src/Misc/Motor.o" --specs=nano.specs -mfpu=fpv4-sp-d16 -mfloat-abi=hard -mthumb -o "Src/Misc/Motor.o"
arm-none-eabi-gcc "../Src/Misc/Sensor.c" -mcpu=cortex-m4 -std=gnu11 -g3 -DSTM32F302xC -c -I../Inc -I"D:/GIT_WORKSPACE/VendingMachine/Vending_Machine_v2/chip_headers/CMSIS/Device/ST/STM32F3xx/Include" -I"D:/GIT_WORKSPACE/VendingMachine/Vending_Machine_v2/chip_headers/CMSIS/Include" -I"D:/GIT_WORKSPACE/VendingMachine/Vending_Machine_v2/Inc/A7672" -I"D:/GIT_WORKSPACE/VendingMachine/Vending_Machine_v2/Inc/ExtFlashMem" -I"D:/GIT_WORKSPACE/VendingMachine/Vending_Machine_v2/Inc/JSON" -I"D:/GIT_WORKSPACE/VendingMachine/Vending_Machine_v2/Inc/osKernel" -I"D:/GIT_WORKSPACE/VendingMachine/Vending_Machine_v2/Inc/System" -I"D:/GIT_WORKSPACE/VendingMachine/Vending_Machine_v2/Inc/Misc" -O0 -ffunction-sections -fdata-sections -Wall -fstack-usage -fcyclomatic-complexity -MMD -MP -MF"Src/Misc/Sensor.d" -MT"Src/Misc/Sensor.o" --specs=nano.specs -mfpu=fpv4-sp-d16 -mfloat-abi=hard -mthumb -o "Src/Misc/Sensor.o"
arm-none-eabi-gcc "../Src/Misc/led.c" -mcpu=cortex-m4 -std=gnu11 -g3 -DSTM32F302xC -c -I../Inc -I"D:/GIT_WORKSPACE/VendingMachine/Vending_Machine_v2/chip_headers/CMSIS/Device/ST/STM32F3xx/Include" -I"D:/GIT_WORKSPACE/VendingMachine/Vending_Machine_v2/chip_headers/CMSIS/Include" -I"D:/GIT_WORKSPACE/VendingMachine/Vending_Machine_v2/Inc/A7672" -I"D:/GIT_WORKSPACE/VendingMachine/Vending_Machine_v2/Inc/ExtFlashMem" -I"D:/GIT_WORKSPACE/VendingMachine/Vending_Machine_v2/Inc/JSON" -I"D:/GIT_WORKSPACE/VendingMachine/Vending_Machine_v2/Inc/osKernel" -I"D:/GIT_WORKSPACE/VendingMachine/Vending_Machine_v2/Inc/System" -I"D:/GIT_WORKSPACE/VendingMachine/Vending_Machine_v2/Inc/Misc" -O0 -ffunction-sections -fdata-sections -Wall -fstack-usage -fcyclomatic-complexity -MMD -MP -MF"Src/Misc/led.d" -MT"Src/Misc/led.o" --specs=nano.specs -mfpu=fpv4-sp-d16 -mfloat-abi=hard -mthumb -o "Src/Misc/led.o"
arm-none-eabi-gcc "../Src/JSON/JSONParser.c" -mcpu=cortex-m4 -std=gnu11 -g3 -DSTM32F302xC -c -I../Inc -I"D:/GIT_WORKSPACE/VendingMachine/Vending_Machine_v2/chip_headers/CMSIS/Device/ST/STM32F3xx/Include" -I"D:/GIT_WORKSPACE/VendingMachine/Vending_Machine_v2/chip_headers/CMSIS/Include" -I"D:/GIT_WORKSPACE/VendingMachine/Vending_Machine_v2/Inc/A7672" -I"D:/GIT_WORKSPACE/VendingMachine/Vending_Machine_v2/Inc/ExtFlashMem" -I"D:/GIT_WORKSPACE/VendingMachine/Vending_Machine_v2/Inc/JSON" -I"D:/GIT_WORKSPACE/VendingMachine/Vending_Machine_v2/Inc/osKernel" -I"D:/GIT_WORKSPACE/VendingMachine/Vending_Machine_v2/Inc/System" -I"D:/GIT_WORKSPACE/VendingMachine/Vending_Machine_v2/Inc/Misc" -O0 -ffunction-sections -fdata-sections -Wall -fstack-usage -fcyclomatic-complexity -MMD -MP -MF"Src/JSON/JSONParser.d" -MT"Src/JSON/JSONParser.o" --specs=nano.specs -mfpu=fpv4-sp-d16 -mfloat-abi=hard -mthumb -o "Src/JSON/JSONParser.o"
arm-none-eabi-gcc "../Src/JSON/JSONWriter.c" -mcpu=cortex-m4 -std=gnu11 -g3 -DSTM32F302xC -c -I../Inc -I"D:/GIT_WORKSPACE/VendingMachine/Vending_Machine_v2/chip_headers/CMSIS/Device/ST/STM32F3xx/Include" -I"D:/GIT_WORKSPACE/VendingMachine/Vending_Machine_v2/chip_headers/CMSIS/Include" -I"D:/GIT_WORKSPACE/VendingMachine/Vending_Machine_v2/Inc/A7672" -I"D:/GIT_WORKSPACE/VendingMachine/Vending_Machine_v2/Inc/ExtFlashMem" -I"D:/GIT_WORKSPACE/VendingMachine/Vending_Machine_v2/Inc/JSON" -I"D:/GIT_WORKSPACE/VendingMachine/Vending_Machine_v2/Inc/osKernel" -I"D:/GIT_WORKSPACE/VendingMachine/Vending_Machine_v2/Inc/System" -I"D:/GIT_WORKSPACE/VendingMachine/Vending_Machine_v2/Inc/Misc" -O0 -ffunction-sections -fdata-sections -Wall -fstack-usage -fcyclomatic-complexity -MMD -MP -MF"Src/JSON/JSONWriter.d" -MT"Src/JSON/JSONWriter.o" --specs=nano.specs -mfpu=fpv4-sp-d16 -mfloat-abi=hard -mthumb -o "Src/JSON/JSONWriter.o"
arm-none-eabi-gcc "../Src/A7672/ATCMD_A7672_Callbacks.c" -mcpu=cortex-m4 -std=gnu11 -g3 -DSTM32F302xC -c -I../Inc -I"D:/GIT_WORKSPACE/VendingMachine/Vending_Machine_v2/chip_headers/CMSIS/Device/ST/STM32F3xx/Include" -I"D:/GIT_WORKSPACE/VendingMachine/Vending_Machine_v2/chip_headers/CMSIS/Include" -I"D:/GIT_WORKSPACE/VendingMachine/Vending_Machine_v2/Inc/A7672" -I"D:/GIT_WORKSPACE/VendingMachine/Vending_Machine_v2/Inc/ExtFlashMem" -I"D:/GIT_WORKSPACE/VendingMachine/Vending_Machine_v2/Inc/JSON" -I"D:/GIT_WORKSPACE/VendingMachine/Vending_Machine_v2/Inc/osKernel" -I"D:/GIT_WORKSPACE/VendingMachine/Vending_Machine_v2/Inc/System" -I"D:/GIT_WORKSPACE/VendingMachine/Vending_Machine_v2/Inc/Misc" -O0 -ffunction-sections -fdata-sections -Wall -fstack-usage -fcyclomatic-complexity -MMD -MP -MF"Src/A7672/ATCMD_A7672_Callbacks.d" -MT"Src/A7672/ATCMD_A7672_Callbacks.o" --specs=nano.specs -mfpu=fpv4-sp-d16 -mfloat-abi=hard -mthumb -o "Src/A7672/ATCMD_A7672_Callbacks.o"
arm-none-eabi-gcc "../Src/A7672/ATCMD_A7672_Commands.c" -mcpu=cortex-m4 -std=gnu11 -g3 -DSTM32F302xC -c -I../Inc -I"D:/GIT_WORKSPACE/VendingMachine/Vending_Machine_v2/chip_headers/CMSIS/Device/ST/STM32F3xx/Include" -I"D:/GIT_WORKSPACE/VendingMachine/Vending_Machine_v2/chip_headers/CMSIS/Include" -I"D:/GIT_WORKSPACE/VendingMachine/Vending_Machine_v2/Inc/A7672" -I"D:/GIT_WORKSPACE/VendingMachine/Vending_Machine_v2/Inc/ExtFlashMem" -I"D:/GIT_WORKSPACE/VendingMachine/Vending_Machine_v2/Inc/JSON" -I"D:/GIT_WORKSPACE/VendingMachine/Vending_Machine_v2/Inc/osKernel" -I"D:/GIT_WORKSPACE/VendingMachine/Vending_Machine_v2/Inc/System" -I"D:/GIT_WORKSPACE/VendingMachine/Vending_Machine_v2/Inc/Misc" -O0 -ffunction-sections -fdata-sections -Wall -fstack-usage -fcyclomatic-complexity -MMD -MP -MF"Src/A7672/ATCMD_A7672_Commands.d" -MT"Src/A7672/ATCMD_A7672_Commands.o" --specs=nano.specs -mfpu=fpv4-sp-d16 -mfloat-abi=hard -mthumb -o "Src/A7672/ATCMD_A7672_Commands.o"
../Src/JSON/JSONParser.c: In function 'HashCal':
../Src/JSON/JSONParser.c:18:11: warning: suggest parentheses around assignment used as truth value [-Wparentheses]
   18 |     while(c = *str++)
      |           ^
arm-none-eabi-gcc "../Src/A7672/ATCMD_Core.c" -mcpu=cortex-m4 -std=gnu11 -g3 -DSTM32F302xC -c -I../Inc -I"D:/GIT_WORKSPACE/VendingMachine/Vending_Machine_v2/chip_headers/CMSIS/Device/ST/STM32F3xx/Include" -I"D:/GIT_WORKSPACE/VendingMachine/Vending_Machine_v2/chip_headers/CMSIS/Include" -I"D:/GIT_WORKSPACE/VendingMachine/Vending_Machine_v2/Inc/A7672" -I"D:/GIT_WORKSPACE/VendingMachine/Vending_Machine_v2/Inc/ExtFlashMem" -I"D:/GIT_WORKSPACE/VendingMachine/Vending_Machine_v2/Inc/JSON" -I"D:/GIT_WORKSPACE/VendingMachine/Vending_Machine_v2/Inc/osKernel" -I"D:/GIT_WORKSPACE/VendingMachine/Vending_Machine_v2/Inc/System" -I"D:/GIT_WORKSPACE/VendingMachine/Vending_Machine_v2/Inc/Misc" -O0 -ffunction-sections -fdata-sections -Wall -fstack-usage -fcyclomatic-complexity -MMD -MP -MF"Src/A7672/ATCMD_Core.d" -MT"Src/A7672/ATCMD_Core.o" --specs=nano.specs -mfpu=fpv4-sp-d16 -mfloat-abi=hard -mthumb -o "Src/A7672/ATCMD_Core.o"
arm-none-eabi-gcc "../Src/A7672/ATCMD_Queue_Mgmt.c" -mcpu=cortex-m4 -std=gnu11 -g3 -DSTM32F302xC -c -I../Inc -I"D:/GIT_WORKSPACE/VendingMachine/Vending_Machine_v2/chip_headers/CMSIS/Device/ST/STM32F3xx/Include" -I"D:/GIT_WORKSPACE/VendingMachine/Vending_Machine_v2/chip_headers/CMSIS/Include" -I"D:/GIT_WORKSPACE/VendingMachine/Vending_Machine_v2/Inc/A7672" -I"D:/GIT_WORKSPACE/VendingMachine/Vending_Machine_v2/Inc/ExtFlashMem" -I"D:/GIT_WORKSPACE/VendingMachine/Vending_Machine_v2/Inc/JSON" -I"D:/GIT_WORKSPACE/VendingMachine/Vending_Machine_v2/Inc/osKernel" -I"D:/GIT_WORKSPACE/VendingMachine/Vending_Machine_v2/Inc/System" -I"D:/GIT_WORKSPACE/VendingMachine/Vending_Machine_v2/Inc/Misc" -O0 -ffunction-sections -fdata-sections -Wall -fstack-usage -fcyclomatic-complexity -MMD -MP -MF"Src/A7672/ATCMD_Queue_Mgmt.d" -MT"Src/A7672/ATCMD_Queue_Mgmt.o" --specs=nano.specs -mfpu=fpv4-sp-d16 -mfloat-abi=hard -mthumb -o "Src/A7672/ATCMD_Queue_Mgmt.o"
arm-none-eabi-gcc "../Src/app.c" -mcpu=cortex-m4 -std=gnu11 -g3 -DSTM32F302xC -c -I../Inc -I"D:/GIT_WORKSPACE/VendingMachine/Vending_Machine_v2/chip_headers/CMSIS/Device/ST/STM32F3xx/Include" -I"D:/GIT_WORKSPACE/VendingMachine/Vending_Machine_v2/chip_headers/CMSIS/Include" -I"D:/GIT_WORKSPACE/VendingMachine/Vending_Machine_v2/Inc/A7672" -I"D:/GIT_WORKSPACE/VendingMachine/Vending_Machine_v2/Inc/ExtFlashMem" -I"D:/GIT_WORKSPACE/VendingMachine/Vending_Machine_v2/Inc/JSON" -I"D:/GIT_WORKSPACE/VendingMachine/Vending_Machine_v2/Inc/osKernel" -I"D:/GIT_WORKSPACE/VendingMachine/Vending_Machine_v2/Inc/System" -I"D:/GIT_WORKSPACE/VendingMachine/Vending_Machine_v2/Inc/Misc" -O0 -ffunction-sections -fdata-sections -Wall -fstack-usage -fcyclomatic-complexity -MMD -MP -MF"Src/app.d" -MT"Src/app.o" --specs=nano.specs -mfpu=fpv4-sp-d16 -mfloat-abi=hard -mthumb -o "Src/app.o"
arm-none-eabi-gcc "../Src/main.c" -mcpu=cortex-m4 -std=gnu11 -g3 -DSTM32F302xC -c -I../Inc -I"D:/GIT_WORKSPACE/VendingMachine/Vending_Machine_v2/chip_headers/CMSIS/Device/ST/STM32F3xx/Include" -I"D:/GIT_WORKSPACE/VendingMachine/Vending_Machine_v2/chip_headers/CMSIS/Include" -I"D:/GIT_WORKSPACE/VendingMachine/Vending_Machine_v2/Inc/A7672" -I"D:/GIT_WORKSPACE/VendingMachine/Vending_Machine_v2/Inc/ExtFlashMem" -I"D:/GIT_WORKSPACE/VendingMachine/Vending_Machine_v2/Inc/JSON" -I"D:/GIT_WORKSPACE/VendingMachine/Vending_Machine_v2/Inc/osKernel" -I"D:/GIT_WORKSPACE/VendingMachine/Vending_Machine_v2/Inc/System" -I"D:/GIT_WORKSPACE/VendingMachine/Vending_Machine_v2/Inc/Misc" -O0 -ffunction-sections -fdata-sections -Wall -fstack-usage -fcyclomatic-complexity -MMD -MP -MF"Src/main.d" -MT"Src/main.o" --specs=nano.specs -mfpu=fpv4-sp-d16 -mfloat-abi=hard -mthumb -o "Src/main.o"
arm-none-eabi-gcc "../Src/syscalls.c" -mcpu=cortex-m4 -std=gnu11 -g3 -DSTM32F302xC -c -I../Inc -I"D:/GIT_WORKSPACE/VendingMachine/Vending_Machine_v2/chip_headers/CMSIS/Device/ST/STM32F3xx/Include" -I"D:/GIT_WORKSPACE/VendingMachine/Vending_Machine_v2/chip_headers/CMSIS/Include" -I"D:/GIT_WORKSPACE/VendingMachine/Vending_Machine_v2/Inc/A7672" -I"D:/GIT_WORKSPACE/VendingMachine/Vending_Machine_v2/Inc/ExtFlashMem" -I"D:/GIT_WORKSPACE/VendingMachine/Vending_Machine_v2/Inc/JSON" -I"D:/GIT_WORKSPACE/VendingMachine/Vending_Machine_v2/Inc/osKernel" -I"D:/GIT_WORKSPACE/VendingMachine/Vending_Machine_v2/Inc/System" -I"D:/GIT_WORKSPACE/VendingMachine/Vending_Machine_v2/Inc/Misc" -O0 -ffunction-sections -fdata-sections -Wall -fstack-usage -fcyclomatic-complexity -MMD -MP -MF"Src/syscalls.d" -MT"Src/syscalls.o" --specs=nano.specs -mfpu=fpv4-sp-d16 -mfloat-abi=hard -mthumb -o "Src/syscalls.o"
arm-none-eabi-gcc "../Src/sysmem.c" -mcpu=cortex-m4 -std=gnu11 -g3 -DSTM32F302xC -c -I../Inc -I"D:/GIT_WORKSPACE/VendingMachine/Vending_Machine_v2/chip_headers/CMSIS/Device/ST/STM32F3xx/Include" -I"D:/GIT_WORKSPACE/VendingMachine/Vending_Machine_v2/chip_headers/CMSIS/Include" -I"D:/GIT_WORKSPACE/VendingMachine/Vending_Machine_v2/Inc/A7672" -I"D:/GIT_WORKSPACE/VendingMachine/Vending_Machine_v2/Inc/ExtFlashMem" -I"D:/GIT_WORKSPACE/VendingMachine/Vending_Machine_v2/Inc/JSON" -I"D:/GIT_WORKSPACE/VendingMachine/Vending_Machine_v2/Inc/osKernel" -I"D:/GIT_WORKSPACE/VendingMachine/Vending_Machine_v2/Inc/System" -I"D:/GIT_WORKSPACE/VendingMachine/Vending_Machine_v2/Inc/Misc" -O0 -ffunction-sections -fdata-sections -Wall -fstack-usage -fcyclomatic-complexity -MMD -MP -MF"Src/sysmem.d" -MT"Src/sysmem.o" --specs=nano.specs -mfpu=fpv4-sp-d16 -mfloat-abi=hard -mthumb -o "Src/sysmem.o"
arm-none-eabi-gcc -o "Vending_Machine_v2.elf" @"objects.list"   -mcpu=cortex-m4 -T"D:\GIT_WORKSPACE\VendingMachine\Vending_Machine_v2\STM32F302RBTX_FLASH.ld" --specs=nosys.specs -Wl,-Map="Vending_Machine_v2.map" -Wl,--gc-sections -static --specs=nano.specs -mfpu=fpv4-sp-d16 -mfloat-abi=hard -mthumb -Wl,--start-group -lc -lm -Wl,--end-group
Finished building target: Vending_Machine_v2.elf
 
arm-none-eabi-size  Vending_Machine_v2.elf 
arm-none-eabi-objdump -h -S Vending_Machine_v2.elf  > "Vending_Machine_v2.list"
arm-none-eabi-objcopy  -O ihex Vending_Machine_v2.elf  "Vending_Machine_v2.hex"
   text	   data	    bss	    dec	    hex	filename
  46216	    220	  21812	  68248	  10a98	Vending_Machine_v2.elf
Finished building: default.size.stdout
 
Finished building: Vending_Machine_v2.hex
 
Finished building: Vending_Machine_v2.list
 
13:12:57 **** Incremental Build of configuration Debug for project Vending_Machine_v2 ****
make -j8 all 
arm-none-eabi-size  Vending_Machine_v2.elf 
   text	   data	    bss	    dec	    hex	filename
  46216	    220	  21812	  68248	  10a98	Vending_Machine_v2.elf
Finished building: default.size.stdout
 
13:13:17 **** Incremental Build of configuration Debug for project Vending_Machine_v2 ****
make -j8 all 
arm-none-eabi-size  Vending_Machine_v2.elf 
   text	   data	    bss	    dec	    hex	filename
  46216	    220	  21812	  68248	  10a98	Vending_Machine_v2.elf
Finished building: default.size.stdout
 
13:14:52 **** Incremental Build of configuration Debug for project Vending_Machine_v2 ****
make -j8 all 
arm-none-eabi-size  Vending_Machine_v2.elf 
   text	   data	    bss	    dec	    hex	filename
  46216	    220	  21812	  68248	  10a98	Vending_Machine_v2.elf
Finished building: default.size.stdout
 
13:20:11 **** Incremental Build of configuration Debug for project Vending_Machine_v2 ****
make -j8 all 
arm-none-eabi-size  Vending_Machine_v2.elf 
   text	   data	    bss	    dec	    hex	filename
  46216	    220	  21812	  68248	  10a98	Vending_Machine_v2.elf
Finished building: default.size.stdout
 
13:47:52 **** Incremental Build of configuration Debug for project Vending_Machine_v2 ****
make -j8 all 
arm-none-eabi-gcc "../Src/app.c" -mcpu=cortex-m4 -std=gnu11 -g3 -DSTM32F302xC -c -I../Inc -I"D:/GIT_WORKSPACE/VendingMachine/Vending_Machine_v2/chip_headers/CMSIS/Device/ST/STM32F3xx/Include" -I"D:/GIT_WORKSPACE/VendingMachine/Vending_Machine_v2/chip_headers/CMSIS/Include" -I"D:/GIT_WORKSPACE/VendingMachine/Vending_Machine_v2/Inc/A7672" -I"D:/GIT_WORKSPACE/VendingMachine/Vending_Machine_v2/Inc/ExtFlashMem" -I"D:/GIT_WORKSPACE/VendingMachine/Vending_Machine_v2/Inc/JSON" -I"D:/GIT_WORKSPACE/VendingMachine/Vending_Machine_v2/Inc/osKernel" -I"D:/GIT_WORKSPACE/VendingMachine/Vending_Machine_v2/Inc/System" -I"D:/GIT_WORKSPACE/VendingMachine/Vending_Machine_v2/Inc/Misc" -O0 -ffunction-sections -fdata-sections -Wall -fstack-usage -fcyclomatic-complexity -MMD -MP -MF"Src/app.d" -MT"Src/app.o" --specs=nano.specs -mfpu=fpv4-sp-d16 -mfloat-abi=hard -mthumb -o "Src/app.o"
arm-none-eabi-gcc -o "Vending_Machine_v2.elf" @"objects.list"   -mcpu=cortex-m4 -T"D:\GIT_WORKSPACE\VendingMachine\Vending_Machine_v2\STM32F302RBTX_FLASH.ld" --specs=nosys.specs -Wl,-Map="Vending_Machine_v2.map" -Wl,--gc-sections -static --specs=nano.specs -mfpu=fpv4-sp-d16 -mfloat-abi=hard -mthumb -Wl,--start-group -lc -lm -Wl,--end-group
Finished building target: Vending_Machine_v2.elf
 
arm-none-eabi-size  Vending_Machine_v2.elf 
arm-none-eabi-objdump -h -S Vending_Machine_v2.elf  > "Vending_Machine_v2.list"
arm-none-eabi-objcopy  -O ihex Vending_Machine_v2.elf  "Vending_Machine_v2.hex"
   text	   data	    bss	    dec	    hex	filename
  46220	    220	  21812	  68252	  10a9c	Vending_Machine_v2.elf
Finished building: default.size.stdout
 
Finished building: Vending_Machine_v2.hex
 
Finished building: Vending_Machine_v2.list
 
13:59:33 **** Incremental Build of configuration Debug for project Vending_Machine_v2 ****
make -j8 all 
arm-none-eabi-gcc "../Src/A7672/ATCMD_A7672_Commands.c" -mcpu=cortex-m4 -std=gnu11 -g3 -DSTM32F302xC -c -I../Inc -I"D:/GIT_WORKSPACE/VendingMachine/Vending_Machine_v2/chip_headers/CMSIS/Device/ST/STM32F3xx/Include" -I"D:/GIT_WORKSPACE/VendingMachine/Vending_Machine_v2/chip_headers/CMSIS/Include" -I"D:/GIT_WORKSPACE/VendingMachine/Vending_Machine_v2/Inc/A7672" -I"D:/GIT_WORKSPACE/VendingMachine/Vending_Machine_v2/Inc/ExtFlashMem" -I"D:/GIT_WORKSPACE/VendingMachine/Vending_Machine_v2/Inc/JSON" -I"D:/GIT_WORKSPACE/VendingMachine/Vending_Machine_v2/Inc/osKernel" -I"D:/GIT_WORKSPACE/VendingMachine/Vending_Machine_v2/Inc/System" -I"D:/GIT_WORKSPACE/VendingMachine/Vending_Machine_v2/Inc/Misc" -O0 -ffunction-sections -fdata-sections -Wall -fstack-usage -fcyclomatic-complexity -MMD -MP -MF"Src/A7672/ATCMD_A7672_Commands.d" -MT"Src/A7672/ATCMD_A7672_Commands.o" --specs=nano.specs -mfpu=fpv4-sp-d16 -mfloat-abi=hard -mthumb -o "Src/A7672/ATCMD_A7672_Commands.o"
arm-none-eabi-gcc -o "Vending_Machine_v2.elf" @"objects.list"   -mcpu=cortex-m4 -T"D:\GIT_WORKSPACE\VendingMachine\Vending_Machine_v2\STM32F302RBTX_FLASH.ld" --specs=nosys.specs -Wl,-Map="Vending_Machine_v2.map" -Wl,--gc-sections -static --specs=nano.specs -mfpu=fpv4-sp-d16 -mfloat-abi=hard -mthumb -Wl,--start-group -lc -lm -Wl,--end-group
Finished building target: Vending_Machine_v2.elf
 
arm-none-eabi-size  Vending_Machine_v2.elf 
arm-none-eabi-objdump -h -S Vending_Machine_v2.elf  > "Vending_Machine_v2.list"
arm-none-eabi-objcopy  -O ihex Vending_Machine_v2.elf  "Vending_Machine_v2.hex"
   text	   data	    bss	    dec	    hex	filename
  46220	    220	  21812	  68252	  10a9c	Vending_Machine_v2.elf
Finished building: default.size.stdout
 
Finished building: Vending_Machine_v2.hex
 
Finished building: Vending_Machine_v2.list
 
14:02:59 **** Incremental Build of configuration Debug for project Vending_Machine_v2 ****
make -j8 all 
arm-none-eabi-gcc "../Src/A7672/ATCMD_A7672_Commands.c" -mcpu=cortex-m4 -std=gnu11 -g3 -DSTM32F302xC -c -I../Inc -I"D:/GIT_WORKSPACE/VendingMachine/Vending_Machine_v2/chip_headers/CMSIS/Device/ST/STM32F3xx/Include" -I"D:/GIT_WORKSPACE/VendingMachine/Vending_Machine_v2/chip_headers/CMSIS/Include" -I"D:/GIT_WORKSPACE/VendingMachine/Vending_Machine_v2/Inc/A7672" -I"D:/GIT_WORKSPACE/VendingMachine/Vending_Machine_v2/Inc/ExtFlashMem" -I"D:/GIT_WORKSPACE/VendingMachine/Vending_Machine_v2/Inc/JSON" -I"D:/GIT_WORKSPACE/VendingMachine/Vending_Machine_v2/Inc/osKernel" -I"D:/GIT_WORKSPACE/VendingMachine/Vending_Machine_v2/Inc/System" -I"D:/GIT_WORKSPACE/VendingMachine/Vending_Machine_v2/Inc/Misc" -O0 -ffunction-sections -fdata-sections -Wall -fstack-usage -fcyclomatic-complexity -MMD -MP -MF"Src/A7672/ATCMD_A7672_Commands.d" -MT"Src/A7672/ATCMD_A7672_Commands.o" --specs=nano.specs -mfpu=fpv4-sp-d16 -mfloat-abi=hard -mthumb -o "Src/A7672/ATCMD_A7672_Commands.o"
arm-none-eabi-gcc -o "Vending_Machine_v2.elf" @"objects.list"   -mcpu=cortex-m4 -T"D:\GIT_WORKSPACE\VendingMachine\Vending_Machine_v2\STM32F302RBTX_FLASH.ld" --specs=nosys.specs -Wl,-Map="Vending_Machine_v2.map" -Wl,--gc-sections -static --specs=nano.specs -mfpu=fpv4-sp-d16 -mfloat-abi=hard -mthumb -Wl,--start-group -lc -lm -Wl,--end-group
Finished building target: Vending_Machine_v2.elf
 
arm-none-eabi-size  Vending_Machine_v2.elf 
arm-none-eabi-objdump -h -S Vending_Machine_v2.elf  > "Vending_Machine_v2.list"
arm-none-eabi-objcopy  -O ihex Vending_Machine_v2.elf  "Vending_Machine_v2.hex"
   text	   data	    bss	    dec	    hex	filename
  46220	    220	  21812	  68252	  10a9c	Vending_Machine_v2.elf
Finished building: default.size.stdout
 
Finished building: Vending_Machine_v2.hex
 
Finished building: Vending_Machine_v2.list
 
14:06:10 **** Incremental Build of configuration Debug for project Vending_Machine_v2 ****
make -j8 all 
arm-none-eabi-size  Vending_Machine_v2.elf 
   text	   data	    bss	    dec	    hex	filename
  46220	    220	  21812	  68252	  10a9c	Vending_Machine_v2.elf
Finished building: default.size.stdout
 
14:10:47 **** Incremental Build of configuration Debug for project Vending_Machine_v2 ****
make -j8 all 
arm-none-eabi-gcc "../Src/A7672/ATCMD_A7672_Callbacks.c" -mcpu=cortex-m4 -std=gnu11 -g3 -DSTM32F302xC -c -I../Inc -I"D:/GIT_WORKSPACE/VendingMachine/Vending_Machine_v2/chip_headers/CMSIS/Device/ST/STM32F3xx/Include" -I"D:/GIT_WORKSPACE/VendingMachine/Vending_Machine_v2/chip_headers/CMSIS/Include" -I"D:/GIT_WORKSPACE/VendingMachine/Vending_Machine_v2/Inc/A7672" -I"D:/GIT_WORKSPACE/VendingMachine/Vending_Machine_v2/Inc/ExtFlashMem" -I"D:/GIT_WORKSPACE/VendingMachine/Vending_Machine_v2/Inc/JSON" -I"D:/GIT_WORKSPACE/VendingMachine/Vending_Machine_v2/Inc/osKernel" -I"D:/GIT_WORKSPACE/VendingMachine/Vending_Machine_v2/Inc/System" -I"D:/GIT_WORKSPACE/VendingMachine/Vending_Machine_v2/Inc/Misc" -O0 -ffunction-sections -fdata-sections -Wall -fstack-usage -fcyclomatic-complexity -MMD -MP -MF"Src/A7672/ATCMD_A7672_Callbacks.d" -MT"Src/A7672/ATCMD_A7672_Callbacks.o" --specs=nano.specs -mfpu=fpv4-sp-d16 -mfloat-abi=hard -mthumb -o "Src/A7672/ATCMD_A7672_Callbacks.o"
arm-none-eabi-gcc -o "Vending_Machine_v2.elf" @"objects.list"   -mcpu=cortex-m4 -T"D:\GIT_WORKSPACE\VendingMachine\Vending_Machine_v2\STM32F302RBTX_FLASH.ld" --specs=nosys.specs -Wl,-Map="Vending_Machine_v2.map" -Wl,--gc-sections -static --specs=nano.specs -mfpu=fpv4-sp-d16 -mfloat-abi=hard -mthumb -Wl,--start-group -lc -lm -Wl,--end-group
Finished building target: Vending_Machine_v2.elf
 
arm-none-eabi-size  Vending_Machine_v2.elf 
arm-none-eabi-objdump -h -S Vending_Machine_v2.elf  > "Vending_Machine_v2.list"
arm-none-eabi-objcopy  -O ihex Vending_Machine_v2.elf  "Vending_Machine_v2.hex"
   text	   data	    bss	    dec	    hex	filename
  46220	    220	  21812	  68252	  10a9c	Vending_Machine_v2.elf
Finished building: default.size.stdout
 
Finished building: Vending_Machine_v2.hex
 
Finished building: Vending_Machine_v2.list
 
14:11:32 **** Incremental Build of configuration Debug for project Vending_Machine_v2 ****
make -j8 all 
arm-none-eabi-size  Vending_Machine_v2.elf 
   text	   data	    bss	    dec	    hex	filename
  46220	    220	  21812	  68252	  10a9c	Vending_Machine_v2.elf
Finished building: default.size.stdout
 
14:14:57 **** Incremental Build of configuration Debug for project Vending_Machine_v2 ****
make -j8 all 
arm-none-eabi-size  Vending_Machine_v2.elf 
   text	   data	    bss	    dec	    hex	filename
  46220	    220	  21812	  68252	  10a9c	Vending_Machine_v2.elf
Finished building: default.size.stdout
 
15:51:27 **** Incremental Build of configuration Debug for project Vending_Machine_v2 ****
make -j8 all 
arm-none-eabi-gcc "../Src/osKernel/osKernel.c" -mcpu=cortex-m4 -std=gnu11 -g3 -DSTM32F302xC -c -I../Inc -I"D:/GIT_WORKSPACE/VendingMachine/Vending_Machine_v2/chip_headers/CMSIS/Device/ST/STM32F3xx/Include" -I"D:/GIT_WORKSPACE/VendingMachine/Vending_Machine_v2/chip_headers/CMSIS/Include" -I"D:/GIT_WORKSPACE/VendingMachine/Vending_Machine_v2/Inc/A7672" -I"D:/GIT_WORKSPACE/VendingMachine/Vending_Machine_v2/Inc/ExtFlashMem" -I"D:/GIT_WORKSPACE/VendingMachine/Vending_Machine_v2/Inc/JSON" -I"D:/GIT_WORKSPACE/VendingMachine/Vending_Machine_v2/Inc/osKernel" -I"D:/GIT_WORKSPACE/VendingMachine/Vending_Machine_v2/Inc/System" -I"D:/GIT_WORKSPACE/VendingMachine/Vending_Machine_v2/Inc/Misc" -O0 -ffunction-sections -fdata-sections -Wall -fstack-usage -fcyclomatic-complexity -MMD -MP -MF"Src/osKernel/osKernel.d" -MT"Src/osKernel/osKernel.o" --specs=nano.specs -mfpu=fpv4-sp-d16 -mfloat-abi=hard -mthumb -o "Src/osKernel/osKernel.o"
arm-none-eabi-gcc "../Src/System/adc.c" -mcpu=cortex-m4 -std=gnu11 -g3 -DSTM32F302xC -c -I../Inc -I"D:/GIT_WORKSPACE/VendingMachine/Vending_Machine_v2/chip_headers/CMSIS/Device/ST/STM32F3xx/Include" -I"D:/GIT_WORKSPACE/VendingMachine/Vending_Machine_v2/chip_headers/CMSIS/Include" -I"D:/GIT_WORKSPACE/VendingMachine/Vending_Machine_v2/Inc/A7672" -I"D:/GIT_WORKSPACE/VendingMachine/Vending_Machine_v2/Inc/ExtFlashMem" -I"D:/GIT_WORKSPACE/VendingMachine/Vending_Machine_v2/Inc/JSON" -I"D:/GIT_WORKSPACE/VendingMachine/Vending_Machine_v2/Inc/osKernel" -I"D:/GIT_WORKSPACE/VendingMachine/Vending_Machine_v2/Inc/System" -I"D:/GIT_WORKSPACE/VendingMachine/Vending_Machine_v2/Inc/Misc" -O0 -ffunction-sections -fdata-sections -Wall -fstack-usage -fcyclomatic-complexity -MMD -MP -MF"Src/System/adc.d" -MT"Src/System/adc.o" --specs=nano.specs -mfpu=fpv4-sp-d16 -mfloat-abi=hard -mthumb -o "Src/System/adc.o"
arm-none-eabi-gcc "../Src/System/common.c" -mcpu=cortex-m4 -std=gnu11 -g3 -DSTM32F302xC -c -I../Inc -I"D:/GIT_WORKSPACE/VendingMachine/Vending_Machine_v2/chip_headers/CMSIS/Device/ST/STM32F3xx/Include" -I"D:/GIT_WORKSPACE/VendingMachine/Vending_Machine_v2/chip_headers/CMSIS/Include" -I"D:/GIT_WORKSPACE/VendingMachine/Vending_Machine_v2/Inc/A7672" -I"D:/GIT_WORKSPACE/VendingMachine/Vending_Machine_v2/Inc/ExtFlashMem" -I"D:/GIT_WORKSPACE/VendingMachine/Vending_Machine_v2/Inc/JSON" -I"D:/GIT_WORKSPACE/VendingMachine/Vending_Machine_v2/Inc/osKernel" -I"D:/GIT_WORKSPACE/VendingMachine/Vending_Machine_v2/Inc/System" -I"D:/GIT_WORKSPACE/VendingMachine/Vending_Machine_v2/Inc/Misc" -O0 -ffunction-sections -fdata-sections -Wall -fstack-usage -fcyclomatic-complexity -MMD -MP -MF"Src/System/common.d" -MT"Src/System/common.o" --specs=nano.specs -mfpu=fpv4-sp-d16 -mfloat-abi=hard -mthumb -o "Src/System/common.o"
arm-none-eabi-gcc "../Src/System/gpio.c" -mcpu=cortex-m4 -std=gnu11 -g3 -DSTM32F302xC -c -I../Inc -I"D:/GIT_WORKSPACE/VendingMachine/Vending_Machine_v2/chip_headers/CMSIS/Device/ST/STM32F3xx/Include" -I"D:/GIT_WORKSPACE/VendingMachine/Vending_Machine_v2/chip_headers/CMSIS/Include" -I"D:/GIT_WORKSPACE/VendingMachine/Vending_Machine_v2/Inc/A7672" -I"D:/GIT_WORKSPACE/VendingMachine/Vending_Machine_v2/Inc/ExtFlashMem" -I"D:/GIT_WORKSPACE/VendingMachine/Vending_Machine_v2/Inc/JSON" -I"D:/GIT_WORKSPACE/VendingMachine/Vending_Machine_v2/Inc/osKernel" -I"D:/GIT_WORKSPACE/VendingMachine/Vending_Machine_v2/Inc/System" -I"D:/GIT_WORKSPACE/VendingMachine/Vending_Machine_v2/Inc/Misc" -O0 -ffunction-sections -fdata-sections -Wall -fstack-usage -fcyclomatic-complexity -MMD -MP -MF"Src/System/gpio.d" -MT"Src/System/gpio.o" --specs=nano.specs -mfpu=fpv4-sp-d16 -mfloat-abi=hard -mthumb -o "Src/System/gpio.o"
arm-none-eabi-gcc "../Src/System/spi.c" -mcpu=cortex-m4 -std=gnu11 -g3 -DSTM32F302xC -c -I../Inc -I"D:/GIT_WORKSPACE/VendingMachine/Vending_Machine_v2/chip_headers/CMSIS/Device/ST/STM32F3xx/Include" -I"D:/GIT_WORKSPACE/VendingMachine/Vending_Machine_v2/chip_headers/CMSIS/Include" -I"D:/GIT_WORKSPACE/VendingMachine/Vending_Machine_v2/Inc/A7672" -I"D:/GIT_WORKSPACE/VendingMachine/Vending_Machine_v2/Inc/ExtFlashMem" -I"D:/GIT_WORKSPACE/VendingMachine/Vending_Machine_v2/Inc/JSON" -I"D:/GIT_WORKSPACE/VendingMachine/Vending_Machine_v2/Inc/osKernel" -I"D:/GIT_WORKSPACE/VendingMachine/Vending_Machine_v2/Inc/System" -I"D:/GIT_WORKSPACE/VendingMachine/Vending_Machine_v2/Inc/Misc" -O0 -ffunction-sections -fdata-sections -Wall -fstack-usage -fcyclomatic-complexity -MMD -MP -MF"Src/System/spi.d" -MT"Src/System/spi.o" --specs=nano.specs -mfpu=fpv4-sp-d16 -mfloat-abi=hard -mthumb -o "Src/System/spi.o"
arm-none-eabi-gcc "../Src/System/sys_peri_clock.c" -mcpu=cortex-m4 -std=gnu11 -g3 -DSTM32F302xC -c -I../Inc -I"D:/GIT_WORKSPACE/VendingMachine/Vending_Machine_v2/chip_headers/CMSIS/Device/ST/STM32F3xx/Include" -I"D:/GIT_WORKSPACE/VendingMachine/Vending_Machine_v2/chip_headers/CMSIS/Include" -I"D:/GIT_WORKSPACE/VendingMachine/Vending_Machine_v2/Inc/A7672" -I"D:/GIT_WORKSPACE/VendingMachine/Vending_Machine_v2/Inc/ExtFlashMem" -I"D:/GIT_WORKSPACE/VendingMachine/Vending_Machine_v2/Inc/JSON" -I"D:/GIT_WORKSPACE/VendingMachine/Vending_Machine_v2/Inc/osKernel" -I"D:/GIT_WORKSPACE/VendingMachine/Vending_Machine_v2/Inc/System" -I"D:/GIT_WORKSPACE/VendingMachine/Vending_Machine_v2/Inc/Misc" -O0 -ffunction-sections -fdata-sections -Wall -fstack-usage -fcyclomatic-complexity -MMD -MP -MF"Src/System/sys_peri_clock.d" -MT"Src/System/sys_peri_clock.o" --specs=nano.specs -mfpu=fpv4-sp-d16 -mfloat-abi=hard -mthumb -o "Src/System/sys_peri_clock.o"
arm-none-eabi-gcc "../Src/System/timer.c" -mcpu=cortex-m4 -std=gnu11 -g3 -DSTM32F302xC -c -I../Inc -I"D:/GIT_WORKSPACE/VendingMachine/Vending_Machine_v2/chip_headers/CMSIS/Device/ST/STM32F3xx/Include" -I"D:/GIT_WORKSPACE/VendingMachine/Vending_Machine_v2/chip_headers/CMSIS/Include" -I"D:/GIT_WORKSPACE/VendingMachine/Vending_Machine_v2/Inc/A7672" -I"D:/GIT_WORKSPACE/VendingMachine/Vending_Machine_v2/Inc/ExtFlashMem" -I"D:/GIT_WORKSPACE/VendingMachine/Vending_Machine_v2/Inc/JSON" -I"D:/GIT_WORKSPACE/VendingMachine/Vending_Machine_v2/Inc/osKernel" -I"D:/GIT_WORKSPACE/VendingMachine/Vending_Machine_v2/Inc/System" -I"D:/GIT_WORKSPACE/VendingMachine/Vending_Machine_v2/Inc/Misc" -O0 -ffunction-sections -fdata-sections -Wall -fstack-usage -fcyclomatic-complexity -MMD -MP -MF"Src/System/timer.d" -MT"Src/System/timer.o" --specs=nano.specs -mfpu=fpv4-sp-d16 -mfloat-abi=hard -mthumb -o "Src/System/timer.o"
arm-none-eabi-gcc "../Src/System/uart.c" -mcpu=cortex-m4 -std=gnu11 -g3 -DSTM32F302xC -c -I../Inc -I"D:/GIT_WORKSPACE/VendingMachine/Vending_Machine_v2/chip_headers/CMSIS/Device/ST/STM32F3xx/Include" -I"D:/GIT_WORKSPACE/VendingMachine/Vending_Machine_v2/chip_headers/CMSIS/Include" -I"D:/GIT_WORKSPACE/VendingMachine/Vending_Machine_v2/Inc/A7672" -I"D:/GIT_WORKSPACE/VendingMachine/Vending_Machine_v2/Inc/ExtFlashMem" -I"D:/GIT_WORKSPACE/VendingMachine/Vending_Machine_v2/Inc/JSON" -I"D:/GIT_WORKSPACE/VendingMachine/Vending_Machine_v2/Inc/osKernel" -I"D:/GIT_WORKSPACE/VendingMachine/Vending_Machine_v2/Inc/System" -I"D:/GIT_WORKSPACE/VendingMachine/Vending_Machine_v2/Inc/Misc" -O0 -ffunction-sections -fdata-sections -Wall -fstack-usage -fcyclomatic-complexity -MMD -MP -MF"Src/System/uart.d" -MT"Src/System/uart.o" --specs=nano.specs -mfpu=fpv4-sp-d16 -mfloat-abi=hard -mthumb -o "Src/System/uart.o"
../Src/System/common.c: In function 'convert_to_epoch':
../Src/System/common.c:395:10: warning: assignment to 'uint8_t' {aka 'unsigned char'} from 'char *' makes integer from pointer without a cast [-Wint-conversion]
  395 |     sign = date_time++;
      |          ^
arm-none-eabi-gcc "../Src/Misc/Motor.c" -mcpu=cortex-m4 -std=gnu11 -g3 -DSTM32F302xC -c -I../Inc -I"D:/GIT_WORKSPACE/VendingMachine/Vending_Machine_v2/chip_headers/CMSIS/Device/ST/STM32F3xx/Include" -I"D:/GIT_WORKSPACE/VendingMachine/Vending_Machine_v2/chip_headers/CMSIS/Include" -I"D:/GIT_WORKSPACE/VendingMachine/Vending_Machine_v2/Inc/A7672" -I"D:/GIT_WORKSPACE/VendingMachine/Vending_Machine_v2/Inc/ExtFlashMem" -I"D:/GIT_WORKSPACE/VendingMachine/Vending_Machine_v2/Inc/JSON" -I"D:/GIT_WORKSPACE/VendingMachine/Vending_Machine_v2/Inc/osKernel" -I"D:/GIT_WORKSPACE/VendingMachine/Vending_Machine_v2/Inc/System" -I"D:/GIT_WORKSPACE/VendingMachine/Vending_Machine_v2/Inc/Misc" -O0 -ffunction-sections -fdata-sections -Wall -fstack-usage -fcyclomatic-complexity -MMD -MP -MF"Src/Misc/Motor.d" -MT"Src/Misc/Motor.o" --specs=nano.specs -mfpu=fpv4-sp-d16 -mfloat-abi=hard -mthumb -o "Src/Misc/Motor.o"
arm-none-eabi-gcc "../Src/Misc/Sensor.c" -mcpu=cortex-m4 -std=gnu11 -g3 -DSTM32F302xC -c -I../Inc -I"D:/GIT_WORKSPACE/VendingMachine/Vending_Machine_v2/chip_headers/CMSIS/Device/ST/STM32F3xx/Include" -I"D:/GIT_WORKSPACE/VendingMachine/Vending_Machine_v2/chip_headers/CMSIS/Include" -I"D:/GIT_WORKSPACE/VendingMachine/Vending_Machine_v2/Inc/A7672" -I"D:/GIT_WORKSPACE/VendingMachine/Vending_Machine_v2/Inc/ExtFlashMem" -I"D:/GIT_WORKSPACE/VendingMachine/Vending_Machine_v2/Inc/JSON" -I"D:/GIT_WORKSPACE/VendingMachine/Vending_Machine_v2/Inc/osKernel" -I"D:/GIT_WORKSPACE/VendingMachine/Vending_Machine_v2/Inc/System" -I"D:/GIT_WORKSPACE/VendingMachine/Vending_Machine_v2/Inc/Misc" -O0 -ffunction-sections -fdata-sections -Wall -fstack-usage -fcyclomatic-complexity -MMD -MP -MF"Src/Misc/Sensor.d" -MT"Src/Misc/Sensor.o" --specs=nano.specs -mfpu=fpv4-sp-d16 -mfloat-abi=hard -mthumb -o "Src/Misc/Sensor.o"
arm-none-eabi-gcc "../Src/Misc/led.c" -mcpu=cortex-m4 -std=gnu11 -g3 -DSTM32F302xC -c -I../Inc -I"D:/GIT_WORKSPACE/VendingMachine/Vending_Machine_v2/chip_headers/CMSIS/Device/ST/STM32F3xx/Include" -I"D:/GIT_WORKSPACE/VendingMachine/Vending_Machine_v2/chip_headers/CMSIS/Include" -I"D:/GIT_WORKSPACE/VendingMachine/Vending_Machine_v2/Inc/A7672" -I"D:/GIT_WORKSPACE/VendingMachine/Vending_Machine_v2/Inc/ExtFlashMem" -I"D:/GIT_WORKSPACE/VendingMachine/Vending_Machine_v2/Inc/JSON" -I"D:/GIT_WORKSPACE/VendingMachine/Vending_Machine_v2/Inc/osKernel" -I"D:/GIT_WORKSPACE/VendingMachine/Vending_Machine_v2/Inc/System" -I"D:/GIT_WORKSPACE/VendingMachine/Vending_Machine_v2/Inc/Misc" -O0 -ffunction-sections -fdata-sections -Wall -fstack-usage -fcyclomatic-complexity -MMD -MP -MF"Src/Misc/led.d" -MT"Src/Misc/led.o" --specs=nano.specs -mfpu=fpv4-sp-d16 -mfloat-abi=hard -mthumb -o "Src/Misc/led.o"
arm-none-eabi-gcc "../Src/JSON/JSONParser.c" -mcpu=cortex-m4 -std=gnu11 -g3 -DSTM32F302xC -c -I../Inc -I"D:/GIT_WORKSPACE/VendingMachine/Vending_Machine_v2/chip_headers/CMSIS/Device/ST/STM32F3xx/Include" -I"D:/GIT_WORKSPACE/VendingMachine/Vending_Machine_v2/chip_headers/CMSIS/Include" -I"D:/GIT_WORKSPACE/VendingMachine/Vending_Machine_v2/Inc/A7672" -I"D:/GIT_WORKSPACE/VendingMachine/Vending_Machine_v2/Inc/ExtFlashMem" -I"D:/GIT_WORKSPACE/VendingMachine/Vending_Machine_v2/Inc/JSON" -I"D:/GIT_WORKSPACE/VendingMachine/Vending_Machine_v2/Inc/osKernel" -I"D:/GIT_WORKSPACE/VendingMachine/Vending_Machine_v2/Inc/System" -I"D:/GIT_WORKSPACE/VendingMachine/Vending_Machine_v2/Inc/Misc" -O0 -ffunction-sections -fdata-sections -Wall -fstack-usage -fcyclomatic-complexity -MMD -MP -MF"Src/JSON/JSONParser.d" -MT"Src/JSON/JSONParser.o" --specs=nano.specs -mfpu=fpv4-sp-d16 -mfloat-abi=hard -mthumb -o "Src/JSON/JSONParser.o"
arm-none-eabi-gcc "../Src/JSON/JSONWriter.c" -mcpu=cortex-m4 -std=gnu11 -g3 -DSTM32F302xC -c -I../Inc -I"D:/GIT_WORKSPACE/VendingMachine/Vending_Machine_v2/chip_headers/CMSIS/Device/ST/STM32F3xx/Include" -I"D:/GIT_WORKSPACE/VendingMachine/Vending_Machine_v2/chip_headers/CMSIS/Include" -I"D:/GIT_WORKSPACE/VendingMachine/Vending_Machine_v2/Inc/A7672" -I"D:/GIT_WORKSPACE/VendingMachine/Vending_Machine_v2/Inc/ExtFlashMem" -I"D:/GIT_WORKSPACE/VendingMachine/Vending_Machine_v2/Inc/JSON" -I"D:/GIT_WORKSPACE/VendingMachine/Vending_Machine_v2/Inc/osKernel" -I"D:/GIT_WORKSPACE/VendingMachine/Vending_Machine_v2/Inc/System" -I"D:/GIT_WORKSPACE/VendingMachine/Vending_Machine_v2/Inc/Misc" -O0 -ffunction-sections -fdata-sections -Wall -fstack-usage -fcyclomatic-complexity -MMD -MP -MF"Src/JSON/JSONWriter.d" -MT"Src/JSON/JSONWriter.o" --specs=nano.specs -mfpu=fpv4-sp-d16 -mfloat-abi=hard -mthumb -o "Src/JSON/JSONWriter.o"
arm-none-eabi-gcc "../Src/A7672/ATCMD_A7672_Callbacks.c" -mcpu=cortex-m4 -std=gnu11 -g3 -DSTM32F302xC -c -I../Inc -I"D:/GIT_WORKSPACE/VendingMachine/Vending_Machine_v2/chip_headers/CMSIS/Device/ST/STM32F3xx/Include" -I"D:/GIT_WORKSPACE/VendingMachine/Vending_Machine_v2/chip_headers/CMSIS/Include" -I"D:/GIT_WORKSPACE/VendingMachine/Vending_Machine_v2/Inc/A7672" -I"D:/GIT_WORKSPACE/VendingMachine/Vending_Machine_v2/Inc/ExtFlashMem" -I"D:/GIT_WORKSPACE/VendingMachine/Vending_Machine_v2/Inc/JSON" -I"D:/GIT_WORKSPACE/VendingMachine/Vending_Machine_v2/Inc/osKernel" -I"D:/GIT_WORKSPACE/VendingMachine/Vending_Machine_v2/Inc/System" -I"D:/GIT_WORKSPACE/VendingMachine/Vending_Machine_v2/Inc/Misc" -O0 -ffunction-sections -fdata-sections -Wall -fstack-usage -fcyclomatic-complexity -MMD -MP -MF"Src/A7672/ATCMD_A7672_Callbacks.d" -MT"Src/A7672/ATCMD_A7672_Callbacks.o" --specs=nano.specs -mfpu=fpv4-sp-d16 -mfloat-abi=hard -mthumb -o "Src/A7672/ATCMD_A7672_Callbacks.o"
arm-none-eabi-gcc "../Src/A7672/ATCMD_A7672_Commands.c" -mcpu=cortex-m4 -std=gnu11 -g3 -DSTM32F302xC -c -I../Inc -I"D:/GIT_WORKSPACE/VendingMachine/Vending_Machine_v2/chip_headers/CMSIS/Device/ST/STM32F3xx/Include" -I"D:/GIT_WORKSPACE/VendingMachine/Vending_Machine_v2/chip_headers/CMSIS/Include" -I"D:/GIT_WORKSPACE/VendingMachine/Vending_Machine_v2/Inc/A7672" -I"D:/GIT_WORKSPACE/VendingMachine/Vending_Machine_v2/Inc/ExtFlashMem" -I"D:/GIT_WORKSPACE/VendingMachine/Vending_Machine_v2/Inc/JSON" -I"D:/GIT_WORKSPACE/VendingMachine/Vending_Machine_v2/Inc/osKernel" -I"D:/GIT_WORKSPACE/VendingMachine/Vending_Machine_v2/Inc/System" -I"D:/GIT_WORKSPACE/VendingMachine/Vending_Machine_v2/Inc/Misc" -O0 -ffunction-sections -fdata-sections -Wall -fstack-usage -fcyclomatic-complexity -MMD -MP -MF"Src/A7672/ATCMD_A7672_Commands.d" -MT"Src/A7672/ATCMD_A7672_Commands.o" --specs=nano.specs -mfpu=fpv4-sp-d16 -mfloat-abi=hard -mthumb -o "Src/A7672/ATCMD_A7672_Commands.o"
arm-none-eabi-gcc "../Src/A7672/ATCMD_Core.c" -mcpu=cortex-m4 -std=gnu11 -g3 -DSTM32F302xC -c -I../Inc -I"D:/GIT_WORKSPACE/VendingMachine/Vending_Machine_v2/chip_headers/CMSIS/Device/ST/STM32F3xx/Include" -I"D:/GIT_WORKSPACE/VendingMachine/Vending_Machine_v2/chip_headers/CMSIS/Include" -I"D:/GIT_WORKSPACE/VendingMachine/Vending_Machine_v2/Inc/A7672" -I"D:/GIT_WORKSPACE/VendingMachine/Vending_Machine_v2/Inc/ExtFlashMem" -I"D:/GIT_WORKSPACE/VendingMachine/Vending_Machine_v2/Inc/JSON" -I"D:/GIT_WORKSPACE/VendingMachine/Vending_Machine_v2/Inc/osKernel" -I"D:/GIT_WORKSPACE/VendingMachine/Vending_Machine_v2/Inc/System" -I"D:/GIT_WORKSPACE/VendingMachine/Vending_Machine_v2/Inc/Misc" -O0 -ffunction-sections -fdata-sections -Wall -fstack-usage -fcyclomatic-complexity -MMD -MP -MF"Src/A7672/ATCMD_Core.d" -MT"Src/A7672/ATCMD_Core.o" --specs=nano.specs -mfpu=fpv4-sp-d16 -mfloat-abi=hard -mthumb -o "Src/A7672/ATCMD_Core.o"
arm-none-eabi-gcc "../Src/A7672/ATCMD_Queue_Mgmt.c" -mcpu=cortex-m4 -std=gnu11 -g3 -DSTM32F302xC -c -I../Inc -I"D:/GIT_WORKSPACE/VendingMachine/Vending_Machine_v2/chip_headers/CMSIS/Device/ST/STM32F3xx/Include" -I"D:/GIT_WORKSPACE/VendingMachine/Vending_Machine_v2/chip_headers/CMSIS/Include" -I"D:/GIT_WORKSPACE/VendingMachine/Vending_Machine_v2/Inc/A7672" -I"D:/GIT_WORKSPACE/VendingMachine/Vending_Machine_v2/Inc/ExtFlashMem" -I"D:/GIT_WORKSPACE/VendingMachine/Vending_Machine_v2/Inc/JSON" -I"D:/GIT_WORKSPACE/VendingMachine/Vending_Machine_v2/Inc/osKernel" -I"D:/GIT_WORKSPACE/VendingMachine/Vending_Machine_v2/Inc/System" -I"D:/GIT_WORKSPACE/VendingMachine/Vending_Machine_v2/Inc/Misc" -O0 -ffunction-sections -fdata-sections -Wall -fstack-usage -fcyclomatic-complexity -MMD -MP -MF"Src/A7672/ATCMD_Queue_Mgmt.d" -MT"Src/A7672/ATCMD_Queue_Mgmt.o" --specs=nano.specs -mfpu=fpv4-sp-d16 -mfloat-abi=hard -mthumb -o "Src/A7672/ATCMD_Queue_Mgmt.o"
../Src/JSON/JSONParser.c: In function 'HashCal':
../Src/JSON/JSONParser.c:18:11: warning: suggest parentheses around assignment used as truth value [-Wparentheses]
   18 |     while(c = *str++)
      |           ^
arm-none-eabi-gcc "../Src/app.c" -mcpu=cortex-m4 -std=gnu11 -g3 -DSTM32F302xC -c -I../Inc -I"D:/GIT_WORKSPACE/VendingMachine/Vending_Machine_v2/chip_headers/CMSIS/Device/ST/STM32F3xx/Include" -I"D:/GIT_WORKSPACE/VendingMachine/Vending_Machine_v2/chip_headers/CMSIS/Include" -I"D:/GIT_WORKSPACE/VendingMachine/Vending_Machine_v2/Inc/A7672" -I"D:/GIT_WORKSPACE/VendingMachine/Vending_Machine_v2/Inc/ExtFlashMem" -I"D:/GIT_WORKSPACE/VendingMachine/Vending_Machine_v2/Inc/JSON" -I"D:/GIT_WORKSPACE/VendingMachine/Vending_Machine_v2/Inc/osKernel" -I"D:/GIT_WORKSPACE/VendingMachine/Vending_Machine_v2/Inc/System" -I"D:/GIT_WORKSPACE/VendingMachine/Vending_Machine_v2/Inc/Misc" -O0 -ffunction-sections -fdata-sections -Wall -fstack-usage -fcyclomatic-complexity -MMD -MP -MF"Src/app.d" -MT"Src/app.o" --specs=nano.specs -mfpu=fpv4-sp-d16 -mfloat-abi=hard -mthumb -o "Src/app.o"
arm-none-eabi-gcc "../Src/main.c" -mcpu=cortex-m4 -std=gnu11 -g3 -DSTM32F302xC -c -I../Inc -I"D:/GIT_WORKSPACE/VendingMachine/Vending_Machine_v2/chip_headers/CMSIS/Device/ST/STM32F3xx/Include" -I"D:/GIT_WORKSPACE/VendingMachine/Vending_Machine_v2/chip_headers/CMSIS/Include" -I"D:/GIT_WORKSPACE/VendingMachine/Vending_Machine_v2/Inc/A7672" -I"D:/GIT_WORKSPACE/VendingMachine/Vending_Machine_v2/Inc/ExtFlashMem" -I"D:/GIT_WORKSPACE/VendingMachine/Vending_Machine_v2/Inc/JSON" -I"D:/GIT_WORKSPACE/VendingMachine/Vending_Machine_v2/Inc/osKernel" -I"D:/GIT_WORKSPACE/VendingMachine/Vending_Machine_v2/Inc/System" -I"D:/GIT_WORKSPACE/VendingMachine/Vending_Machine_v2/Inc/Misc" -O0 -ffunction-sections -fdata-sections -Wall -fstack-usage -fcyclomatic-complexity -MMD -MP -MF"Src/main.d" -MT"Src/main.o" --specs=nano.specs -mfpu=fpv4-sp-d16 -mfloat-abi=hard -mthumb -o "Src/main.o"
arm-none-eabi-gcc "../Src/syscalls.c" -mcpu=cortex-m4 -std=gnu11 -g3 -DSTM32F302xC -c -I../Inc -I"D:/GIT_WORKSPACE/VendingMachine/Vending_Machine_v2/chip_headers/CMSIS/Device/ST/STM32F3xx/Include" -I"D:/GIT_WORKSPACE/VendingMachine/Vending_Machine_v2/chip_headers/CMSIS/Include" -I"D:/GIT_WORKSPACE/VendingMachine/Vending_Machine_v2/Inc/A7672" -I"D:/GIT_WORKSPACE/VendingMachine/Vending_Machine_v2/Inc/ExtFlashMem" -I"D:/GIT_WORKSPACE/VendingMachine/Vending_Machine_v2/Inc/JSON" -I"D:/GIT_WORKSPACE/VendingMachine/Vending_Machine_v2/Inc/osKernel" -I"D:/GIT_WORKSPACE/VendingMachine/Vending_Machine_v2/Inc/System" -I"D:/GIT_WORKSPACE/VendingMachine/Vending_Machine_v2/Inc/Misc" -O0 -ffunction-sections -fdata-sections -Wall -fstack-usage -fcyclomatic-complexity -MMD -MP -MF"Src/syscalls.d" -MT"Src/syscalls.o" --specs=nano.specs -mfpu=fpv4-sp-d16 -mfloat-abi=hard -mthumb -o "Src/syscalls.o"
arm-none-eabi-gcc "../Src/sysmem.c" -mcpu=cortex-m4 -std=gnu11 -g3 -DSTM32F302xC -c -I../Inc -I"D:/GIT_WORKSPACE/VendingMachine/Vending_Machine_v2/chip_headers/CMSIS/Device/ST/STM32F3xx/Include" -I"D:/GIT_WORKSPACE/VendingMachine/Vending_Machine_v2/chip_headers/CMSIS/Include" -I"D:/GIT_WORKSPACE/VendingMachine/Vending_Machine_v2/Inc/A7672" -I"D:/GIT_WORKSPACE/VendingMachine/Vending_Machine_v2/Inc/ExtFlashMem" -I"D:/GIT_WORKSPACE/VendingMachine/Vending_Machine_v2/Inc/JSON" -I"D:/GIT_WORKSPACE/VendingMachine/Vending_Machine_v2/Inc/osKernel" -I"D:/GIT_WORKSPACE/VendingMachine/Vending_Machine_v2/Inc/System" -I"D:/GIT_WORKSPACE/VendingMachine/Vending_Machine_v2/Inc/Misc" -O0 -ffunction-sections -fdata-sections -Wall -fstack-usage -fcyclomatic-complexity -MMD -MP -MF"Src/sysmem.d" -MT"Src/sysmem.o" --specs=nano.specs -mfpu=fpv4-sp-d16 -mfloat-abi=hard -mthumb -o "Src/sysmem.o"
../Src/app.c: In function 'Vending_Machine_ModemHandler':
../Src/app.c:198:25: warning: implicit declaration of function 'ATCMD_A7672_MQTT_Set_Connection_Status'; did you mean 'ATCMD_A7672_MQTT_Get_Connection_Status'? [-Wimplicit-function-declaration]
  198 |                         ATCMD_A7672_MQTT_Set_Connection_Status(MQTT_NOT_CONNECTED);
      |                         ^~~~~~~~~~~~~~~~~~~~~~~~~~~~~~~~~~~~~~
      |                         ATCMD_A7672_MQTT_Get_Connection_Status
../Src/app.c: In function 'Vending_Machine_ConnectToMqttServer':
../Src/app.c:916:9: error: unknown type name 'unit16_t'; did you mean 'uint16_t'?
  916 |         unit16_t tempConnResult;
      |         ^~~~~~~~
      |         uint16_t
../Src/app.c: In function 'vending_Machine_ErrorHandlerCallback':
../Src/app.c:1072:9: error: 'g_' undeclared (first use in this function)
 1072 |         g_
      |         ^~
../Src/app.c:1072:9: note: each undeclared identifier is reported only once for each function it appears in
../Src/app.c:1072:11: error: expected ';' before '}' token
 1072 |         g_
      |           ^
      |           ;
 1073 | }
      | ~          
make: *** [Src/subdir.mk:28: Src/app.o] Error 1
make: *** Waiting for unfinished jobs....
"make -j8 all" terminated with exit code 2. Build might be incomplete.
15:55:11 **** Incremental Build of configuration Debug for project Vending_Machine_v2 ****
make -j8 all 
arm-none-eabi-gcc "../Src/app.c" -mcpu=cortex-m4 -std=gnu11 -g3 -DSTM32F302xC -c -I../Inc -I"D:/GIT_WORKSPACE/VendingMachine/Vending_Machine_v2/chip_headers/CMSIS/Device/ST/STM32F3xx/Include" -I"D:/GIT_WORKSPACE/VendingMachine/Vending_Machine_v2/chip_headers/CMSIS/Include" -I"D:/GIT_WORKSPACE/VendingMachine/Vending_Machine_v2/Inc/A7672" -I"D:/GIT_WORKSPACE/VendingMachine/Vending_Machine_v2/Inc/ExtFlashMem" -I"D:/GIT_WORKSPACE/VendingMachine/Vending_Machine_v2/Inc/JSON" -I"D:/GIT_WORKSPACE/VendingMachine/Vending_Machine_v2/Inc/osKernel" -I"D:/GIT_WORKSPACE/VendingMachine/Vending_Machine_v2/Inc/System" -I"D:/GIT_WORKSPACE/VendingMachine/Vending_Machine_v2/Inc/Misc" -O0 -ffunction-sections -fdata-sections -Wall -fstack-usage -fcyclomatic-complexity -MMD -MP -MF"Src/app.d" -MT"Src/app.o" --specs=nano.specs -mfpu=fpv4-sp-d16 -mfloat-abi=hard -mthumb -o "Src/app.o"
../Src/app.c: In function 'Vending_Machine_ModemHandler':
../Src/app.c:198:25: warning: implicit declaration of function 'ATCMD_A7672_MQTT_Set_Connection_Status'; did you mean 'ATCMD_A7672_MQTT_Get_Connection_Status'? [-Wimplicit-function-declaration]
  198 |                         ATCMD_A7672_MQTT_Set_Connection_Status(MQTT_NOT_CONNECTED);
      |                         ^~~~~~~~~~~~~~~~~~~~~~~~~~~~~~~~~~~~~~
      |                         ATCMD_A7672_MQTT_Get_Connection_Status
arm-none-eabi-gcc -o "Vending_Machine_v2.elf" @"objects.list"   -mcpu=cortex-m4 -T"D:\GIT_WORKSPACE\VendingMachine\Vending_Machine_v2\STM32F302RBTX_FLASH.ld" --specs=nosys.specs -Wl,-Map="Vending_Machine_v2.map" -Wl,--gc-sections -static --specs=nano.specs -mfpu=fpv4-sp-d16 -mfloat-abi=hard -mthumb -Wl,--start-group -lc -lm -Wl,--end-group
Finished building target: Vending_Machine_v2.elf
 
arm-none-eabi-size  Vending_Machine_v2.elf 
arm-none-eabi-objdump -h -S Vending_Machine_v2.elf  > "Vending_Machine_v2.list"
arm-none-eabi-objcopy  -O ihex Vending_Machine_v2.elf  "Vending_Machine_v2.hex"
   text	   data	    bss	    dec	    hex	filename
  47064	    220	  21828	  69112	  10df8	Vending_Machine_v2.elf
Finished building: default.size.stdout
 
Finished building: Vending_Machine_v2.hex
 
Finished building: Vending_Machine_v2.list
 
16:10:44 **** Incremental Build of configuration Debug for project Vending_Machine_v2 ****
make -j8 all 
arm-none-eabi-gcc "../Src/System/timer.c" -mcpu=cortex-m4 -std=gnu11 -g3 -DSTM32F302xC -c -I../Inc -I"D:/GIT_WORKSPACE/VendingMachine/Vending_Machine_v2/chip_headers/CMSIS/Device/ST/STM32F3xx/Include" -I"D:/GIT_WORKSPACE/VendingMachine/Vending_Machine_v2/chip_headers/CMSIS/Include" -I"D:/GIT_WORKSPACE/VendingMachine/Vending_Machine_v2/Inc/A7672" -I"D:/GIT_WORKSPACE/VendingMachine/Vending_Machine_v2/Inc/ExtFlashMem" -I"D:/GIT_WORKSPACE/VendingMachine/Vending_Machine_v2/Inc/JSON" -I"D:/GIT_WORKSPACE/VendingMachine/Vending_Machine_v2/Inc/osKernel" -I"D:/GIT_WORKSPACE/VendingMachine/Vending_Machine_v2/Inc/System" -I"D:/GIT_WORKSPACE/VendingMachine/Vending_Machine_v2/Inc/Misc" -O0 -ffunction-sections -fdata-sections -Wall -fstack-usage -fcyclomatic-complexity -MMD -MP -MF"Src/System/timer.d" -MT"Src/System/timer.o" --specs=nano.specs -mfpu=fpv4-sp-d16 -mfloat-abi=hard -mthumb -o "Src/System/timer.o"
arm-none-eabi-gcc "../Src/Misc/Sensor.c" -mcpu=cortex-m4 -std=gnu11 -g3 -DSTM32F302xC -c -I../Inc -I"D:/GIT_WORKSPACE/VendingMachine/Vending_Machine_v2/chip_headers/CMSIS/Device/ST/STM32F3xx/Include" -I"D:/GIT_WORKSPACE/VendingMachine/Vending_Machine_v2/chip_headers/CMSIS/Include" -I"D:/GIT_WORKSPACE/VendingMachine/Vending_Machine_v2/Inc/A7672" -I"D:/GIT_WORKSPACE/VendingMachine/Vending_Machine_v2/Inc/ExtFlashMem" -I"D:/GIT_WORKSPACE/VendingMachine/Vending_Machine_v2/Inc/JSON" -I"D:/GIT_WORKSPACE/VendingMachine/Vending_Machine_v2/Inc/osKernel" -I"D:/GIT_WORKSPACE/VendingMachine/Vending_Machine_v2/Inc/System" -I"D:/GIT_WORKSPACE/VendingMachine/Vending_Machine_v2/Inc/Misc" -O0 -ffunction-sections -fdata-sections -Wall -fstack-usage -fcyclomatic-complexity -MMD -MP -MF"Src/Misc/Sensor.d" -MT"Src/Misc/Sensor.o" --specs=nano.specs -mfpu=fpv4-sp-d16 -mfloat-abi=hard -mthumb -o "Src/Misc/Sensor.o"
arm-none-eabi-gcc "../Src/A7672/ATCMD_A7672_Callbacks.c" -mcpu=cortex-m4 -std=gnu11 -g3 -DSTM32F302xC -c -I../Inc -I"D:/GIT_WORKSPACE/VendingMachine/Vending_Machine_v2/chip_headers/CMSIS/Device/ST/STM32F3xx/Include" -I"D:/GIT_WORKSPACE/VendingMachine/Vending_Machine_v2/chip_headers/CMSIS/Include" -I"D:/GIT_WORKSPACE/VendingMachine/Vending_Machine_v2/Inc/A7672" -I"D:/GIT_WORKSPACE/VendingMachine/Vending_Machine_v2/Inc/ExtFlashMem" -I"D:/GIT_WORKSPACE/VendingMachine/Vending_Machine_v2/Inc/JSON" -I"D:/GIT_WORKSPACE/VendingMachine/Vending_Machine_v2/Inc/osKernel" -I"D:/GIT_WORKSPACE/VendingMachine/Vending_Machine_v2/Inc/System" -I"D:/GIT_WORKSPACE/VendingMachine/Vending_Machine_v2/Inc/Misc" -O0 -ffunction-sections -fdata-sections -Wall -fstack-usage -fcyclomatic-complexity -MMD -MP -MF"Src/A7672/ATCMD_A7672_Callbacks.d" -MT"Src/A7672/ATCMD_A7672_Callbacks.o" --specs=nano.specs -mfpu=fpv4-sp-d16 -mfloat-abi=hard -mthumb -o "Src/A7672/ATCMD_A7672_Callbacks.o"
arm-none-eabi-gcc "../Src/A7672/ATCMD_A7672_Commands.c" -mcpu=cortex-m4 -std=gnu11 -g3 -DSTM32F302xC -c -I../Inc -I"D:/GIT_WORKSPACE/VendingMachine/Vending_Machine_v2/chip_headers/CMSIS/Device/ST/STM32F3xx/Include" -I"D:/GIT_WORKSPACE/VendingMachine/Vending_Machine_v2/chip_headers/CMSIS/Include" -I"D:/GIT_WORKSPACE/VendingMachine/Vending_Machine_v2/Inc/A7672" -I"D:/GIT_WORKSPACE/VendingMachine/Vending_Machine_v2/Inc/ExtFlashMem" -I"D:/GIT_WORKSPACE/VendingMachine/Vending_Machine_v2/Inc/JSON" -I"D:/GIT_WORKSPACE/VendingMachine/Vending_Machine_v2/Inc/osKernel" -I"D:/GIT_WORKSPACE/VendingMachine/Vending_Machine_v2/Inc/System" -I"D:/GIT_WORKSPACE/VendingMachine/Vending_Machine_v2/Inc/Misc" -O0 -ffunction-sections -fdata-sections -Wall -fstack-usage -fcyclomatic-complexity -MMD -MP -MF"Src/A7672/ATCMD_A7672_Commands.d" -MT"Src/A7672/ATCMD_A7672_Commands.o" --specs=nano.specs -mfpu=fpv4-sp-d16 -mfloat-abi=hard -mthumb -o "Src/A7672/ATCMD_A7672_Commands.o"
arm-none-eabi-gcc "../Src/A7672/ATCMD_Core.c" -mcpu=cortex-m4 -std=gnu11 -g3 -DSTM32F302xC -c -I../Inc -I"D:/GIT_WORKSPACE/VendingMachine/Vending_Machine_v2/chip_headers/CMSIS/Device/ST/STM32F3xx/Include" -I"D:/GIT_WORKSPACE/VendingMachine/Vending_Machine_v2/chip_headers/CMSIS/Include" -I"D:/GIT_WORKSPACE/VendingMachine/Vending_Machine_v2/Inc/A7672" -I"D:/GIT_WORKSPACE/VendingMachine/Vending_Machine_v2/Inc/ExtFlashMem" -I"D:/GIT_WORKSPACE/VendingMachine/Vending_Machine_v2/Inc/JSON" -I"D:/GIT_WORKSPACE/VendingMachine/Vending_Machine_v2/Inc/osKernel" -I"D:/GIT_WORKSPACE/VendingMachine/Vending_Machine_v2/Inc/System" -I"D:/GIT_WORKSPACE/VendingMachine/Vending_Machine_v2/Inc/Misc" -O0 -ffunction-sections -fdata-sections -Wall -fstack-usage -fcyclomatic-complexity -MMD -MP -MF"Src/A7672/ATCMD_Core.d" -MT"Src/A7672/ATCMD_Core.o" --specs=nano.specs -mfpu=fpv4-sp-d16 -mfloat-abi=hard -mthumb -o "Src/A7672/ATCMD_Core.o"
arm-none-eabi-gcc "../Src/app.c" -mcpu=cortex-m4 -std=gnu11 -g3 -DSTM32F302xC -c -I../Inc -I"D:/GIT_WORKSPACE/VendingMachine/Vending_Machine_v2/chip_headers/CMSIS/Device/ST/STM32F3xx/Include" -I"D:/GIT_WORKSPACE/VendingMachine/Vending_Machine_v2/chip_headers/CMSIS/Include" -I"D:/GIT_WORKSPACE/VendingMachine/Vending_Machine_v2/Inc/A7672" -I"D:/GIT_WORKSPACE/VendingMachine/Vending_Machine_v2/Inc/ExtFlashMem" -I"D:/GIT_WORKSPACE/VendingMachine/Vending_Machine_v2/Inc/JSON" -I"D:/GIT_WORKSPACE/VendingMachine/Vending_Machine_v2/Inc/osKernel" -I"D:/GIT_WORKSPACE/VendingMachine/Vending_Machine_v2/Inc/System" -I"D:/GIT_WORKSPACE/VendingMachine/Vending_Machine_v2/Inc/Misc" -O0 -ffunction-sections -fdata-sections -Wall -fstack-usage -fcyclomatic-complexity -MMD -MP -MF"Src/app.d" -MT"Src/app.o" --specs=nano.specs -mfpu=fpv4-sp-d16 -mfloat-abi=hard -mthumb -o "Src/app.o"
arm-none-eabi-gcc "../Src/main.c" -mcpu=cortex-m4 -std=gnu11 -g3 -DSTM32F302xC -c -I../Inc -I"D:/GIT_WORKSPACE/VendingMachine/Vending_Machine_v2/chip_headers/CMSIS/Device/ST/STM32F3xx/Include" -I"D:/GIT_WORKSPACE/VendingMachine/Vending_Machine_v2/chip_headers/CMSIS/Include" -I"D:/GIT_WORKSPACE/VendingMachine/Vending_Machine_v2/Inc/A7672" -I"D:/GIT_WORKSPACE/VendingMachine/Vending_Machine_v2/Inc/ExtFlashMem" -I"D:/GIT_WORKSPACE/VendingMachine/Vending_Machine_v2/Inc/JSON" -I"D:/GIT_WORKSPACE/VendingMachine/Vending_Machine_v2/Inc/osKernel" -I"D:/GIT_WORKSPACE/VendingMachine/Vending_Machine_v2/Inc/System" -I"D:/GIT_WORKSPACE/VendingMachine/Vending_Machine_v2/Inc/Misc" -O0 -ffunction-sections -fdata-sections -Wall -fstack-usage -fcyclomatic-complexity -MMD -MP -MF"Src/main.d" -MT"Src/main.o" --specs=nano.specs -mfpu=fpv4-sp-d16 -mfloat-abi=hard -mthumb -o "Src/main.o"
arm-none-eabi-gcc -o "Vending_Machine_v2.elf" @"objects.list"   -mcpu=cortex-m4 -T"D:\GIT_WORKSPACE\VendingMachine\Vending_Machine_v2\STM32F302RBTX_FLASH.ld" --specs=nosys.specs -Wl,-Map="Vending_Machine_v2.map" -Wl,--gc-sections -static --specs=nano.specs -mfpu=fpv4-sp-d16 -mfloat-abi=hard -mthumb -Wl,--start-group -lc -lm -Wl,--end-group
Finished building target: Vending_Machine_v2.elf
 
arm-none-eabi-size  Vending_Machine_v2.elf 
arm-none-eabi-objdump -h -S Vending_Machine_v2.elf  > "Vending_Machine_v2.list"
arm-none-eabi-objcopy  -O ihex Vending_Machine_v2.elf  "Vending_Machine_v2.hex"
   text	   data	    bss	    dec	    hex	filename
  47064	    220	  21828	  69112	  10df8	Vending_Machine_v2.elf
Finished building: default.size.stdout
 
Finished building: Vending_Machine_v2.hex
 
Finished building: Vending_Machine_v2.list
 
16:52:45 **** Incremental Build of configuration Debug for project Vending_Machine_v2 ****
make -j8 all 
arm-none-eabi-gcc "../Src/A7672/ATCMD_A7672_Commands.c" -mcpu=cortex-m4 -std=gnu11 -g3 -DSTM32F302xC -c -I../Inc -I"D:/GIT_WORKSPACE/VendingMachine/Vending_Machine_v2/chip_headers/CMSIS/Device/ST/STM32F3xx/Include" -I"D:/GIT_WORKSPACE/VendingMachine/Vending_Machine_v2/chip_headers/CMSIS/Include" -I"D:/GIT_WORKSPACE/VendingMachine/Vending_Machine_v2/Inc/A7672" -I"D:/GIT_WORKSPACE/VendingMachine/Vending_Machine_v2/Inc/ExtFlashMem" -I"D:/GIT_WORKSPACE/VendingMachine/Vending_Machine_v2/Inc/JSON" -I"D:/GIT_WORKSPACE/VendingMachine/Vending_Machine_v2/Inc/osKernel" -I"D:/GIT_WORKSPACE/VendingMachine/Vending_Machine_v2/Inc/System" -I"D:/GIT_WORKSPACE/VendingMachine/Vending_Machine_v2/Inc/Misc" -O0 -ffunction-sections -fdata-sections -Wall -fstack-usage -fcyclomatic-complexity -MMD -MP -MF"Src/A7672/ATCMD_A7672_Commands.d" -MT"Src/A7672/ATCMD_A7672_Commands.o" --specs=nano.specs -mfpu=fpv4-sp-d16 -mfloat-abi=hard -mthumb -o "Src/A7672/ATCMD_A7672_Commands.o"
arm-none-eabi-gcc "../Src/app.c" -mcpu=cortex-m4 -std=gnu11 -g3 -DSTM32F302xC -c -I../Inc -I"D:/GIT_WORKSPACE/VendingMachine/Vending_Machine_v2/chip_headers/CMSIS/Device/ST/STM32F3xx/Include" -I"D:/GIT_WORKSPACE/VendingMachine/Vending_Machine_v2/chip_headers/CMSIS/Include" -I"D:/GIT_WORKSPACE/VendingMachine/Vending_Machine_v2/Inc/A7672" -I"D:/GIT_WORKSPACE/VendingMachine/Vending_Machine_v2/Inc/ExtFlashMem" -I"D:/GIT_WORKSPACE/VendingMachine/Vending_Machine_v2/Inc/JSON" -I"D:/GIT_WORKSPACE/VendingMachine/Vending_Machine_v2/Inc/osKernel" -I"D:/GIT_WORKSPACE/VendingMachine/Vending_Machine_v2/Inc/System" -I"D:/GIT_WORKSPACE/VendingMachine/Vending_Machine_v2/Inc/Misc" -O0 -ffunction-sections -fdata-sections -Wall -fstack-usage -fcyclomatic-complexity -MMD -MP -MF"Src/app.d" -MT"Src/app.o" --specs=nano.specs -mfpu=fpv4-sp-d16 -mfloat-abi=hard -mthumb -o "Src/app.o"
arm-none-eabi-gcc -o "Vending_Machine_v2.elf" @"objects.list"   -mcpu=cortex-m4 -T"D:\GIT_WORKSPACE\VendingMachine\Vending_Machine_v2\STM32F302RBTX_FLASH.ld" --specs=nosys.specs -Wl,-Map="Vending_Machine_v2.map" -Wl,--gc-sections -static --specs=nano.specs -mfpu=fpv4-sp-d16 -mfloat-abi=hard -mthumb -Wl,--start-group -lc -lm -Wl,--end-group
Finished building target: Vending_Machine_v2.elf
 
arm-none-eabi-size  Vending_Machine_v2.elf 
arm-none-eabi-objdump -h -S Vending_Machine_v2.elf  > "Vending_Machine_v2.list"
arm-none-eabi-objcopy  -O ihex Vending_Machine_v2.elf  "Vending_Machine_v2.hex"
   text	   data	    bss	    dec	    hex	filename
  48116	    220	  21828	  70164	  11214	Vending_Machine_v2.elf
Finished building: default.size.stdout
 
Finished building: Vending_Machine_v2.hex
 
Finished building: Vending_Machine_v2.list
 
17:06:54 **** Incremental Build of configuration Debug for project Vending_Machine_v2 ****
make -j8 all 
arm-none-eabi-gcc "../Src/A7672/ATCMD_A7672_Commands.c" -mcpu=cortex-m4 -std=gnu11 -g3 -DSTM32F302xC -c -I../Inc -I"D:/GIT_WORKSPACE/VendingMachine/Vending_Machine_v2/chip_headers/CMSIS/Device/ST/STM32F3xx/Include" -I"D:/GIT_WORKSPACE/VendingMachine/Vending_Machine_v2/chip_headers/CMSIS/Include" -I"D:/GIT_WORKSPACE/VendingMachine/Vending_Machine_v2/Inc/A7672" -I"D:/GIT_WORKSPACE/VendingMachine/Vending_Machine_v2/Inc/ExtFlashMem" -I"D:/GIT_WORKSPACE/VendingMachine/Vending_Machine_v2/Inc/JSON" -I"D:/GIT_WORKSPACE/VendingMachine/Vending_Machine_v2/Inc/osKernel" -I"D:/GIT_WORKSPACE/VendingMachine/Vending_Machine_v2/Inc/System" -I"D:/GIT_WORKSPACE/VendingMachine/Vending_Machine_v2/Inc/Misc" -O0 -ffunction-sections -fdata-sections -Wall -fstack-usage -fcyclomatic-complexity -MMD -MP -MF"Src/A7672/ATCMD_A7672_Commands.d" -MT"Src/A7672/ATCMD_A7672_Commands.o" --specs=nano.specs -mfpu=fpv4-sp-d16 -mfloat-abi=hard -mthumb -o "Src/A7672/ATCMD_A7672_Commands.o"
arm-none-eabi-gcc -o "Vending_Machine_v2.elf" @"objects.list"   -mcpu=cortex-m4 -T"D:\GIT_WORKSPACE\VendingMachine\Vending_Machine_v2\STM32F302RBTX_FLASH.ld" --specs=nosys.specs -Wl,-Map="Vending_Machine_v2.map" -Wl,--gc-sections -static --specs=nano.specs -mfpu=fpv4-sp-d16 -mfloat-abi=hard -mthumb -Wl,--start-group -lc -lm -Wl,--end-group
Finished building target: Vending_Machine_v2.elf
 
arm-none-eabi-size  Vending_Machine_v2.elf 
arm-none-eabi-objdump -h -S Vending_Machine_v2.elf  > "Vending_Machine_v2.list"
arm-none-eabi-objcopy  -O ihex Vending_Machine_v2.elf  "Vending_Machine_v2.hex"
   text	   data	    bss	    dec	    hex	filename
  48084	    220	  21828	  70132	  111f4	Vending_Machine_v2.elf
Finished building: default.size.stdout
 
Finished building: Vending_Machine_v2.hex
 
Finished building: Vending_Machine_v2.list
 
17:07:25 **** Incremental Build of configuration Debug for project Vending_Machine_v2 ****
make -j8 all 
arm-none-eabi-gcc "../Src/A7672/ATCMD_A7672_Commands.c" -mcpu=cortex-m4 -std=gnu11 -g3 -DSTM32F302xC -c -I../Inc -I"D:/GIT_WORKSPACE/VendingMachine/Vending_Machine_v2/chip_headers/CMSIS/Device/ST/STM32F3xx/Include" -I"D:/GIT_WORKSPACE/VendingMachine/Vending_Machine_v2/chip_headers/CMSIS/Include" -I"D:/GIT_WORKSPACE/VendingMachine/Vending_Machine_v2/Inc/A7672" -I"D:/GIT_WORKSPACE/VendingMachine/Vending_Machine_v2/Inc/ExtFlashMem" -I"D:/GIT_WORKSPACE/VendingMachine/Vending_Machine_v2/Inc/JSON" -I"D:/GIT_WORKSPACE/VendingMachine/Vending_Machine_v2/Inc/osKernel" -I"D:/GIT_WORKSPACE/VendingMachine/Vending_Machine_v2/Inc/System" -I"D:/GIT_WORKSPACE/VendingMachine/Vending_Machine_v2/Inc/Misc" -O0 -ffunction-sections -fdata-sections -Wall -fstack-usage -fcyclomatic-complexity -MMD -MP -MF"Src/A7672/ATCMD_A7672_Commands.d" -MT"Src/A7672/ATCMD_A7672_Commands.o" --specs=nano.specs -mfpu=fpv4-sp-d16 -mfloat-abi=hard -mthumb -o "Src/A7672/ATCMD_A7672_Commands.o"
arm-none-eabi-gcc -o "Vending_Machine_v2.elf" @"objects.list"   -mcpu=cortex-m4 -T"D:\GIT_WORKSPACE\VendingMachine\Vending_Machine_v2\STM32F302RBTX_FLASH.ld" --specs=nosys.specs -Wl,-Map="Vending_Machine_v2.map" -Wl,--gc-sections -static --specs=nano.specs -mfpu=fpv4-sp-d16 -mfloat-abi=hard -mthumb -Wl,--start-group -lc -lm -Wl,--end-group
Finished building target: Vending_Machine_v2.elf
 
arm-none-eabi-size  Vending_Machine_v2.elf 
arm-none-eabi-objdump -h -S Vending_Machine_v2.elf  > "Vending_Machine_v2.list"
arm-none-eabi-objcopy  -O ihex Vending_Machine_v2.elf  "Vending_Machine_v2.hex"
   text	   data	    bss	    dec	    hex	filename
  48092	    220	  21828	  70140	  111fc	Vending_Machine_v2.elf
Finished building: default.size.stdout
 
Finished building: Vending_Machine_v2.hex
 
Finished building: Vending_Machine_v2.list
 
17:11:14 **** Incremental Build of configuration Debug for project Vending_Machine_v2 ****
make -j8 all 
arm-none-eabi-size  Vending_Machine_v2.elf 
   text	   data	    bss	    dec	    hex	filename
  48092	    220	  21828	  70140	  111fc	Vending_Machine_v2.elf
Finished building: default.size.stdout
 
17:43:09 **** Incremental Build of configuration Debug for project Vending_Machine_v2 ****
make -j8 all 
arm-none-eabi-gcc "../Src/app.c" -mcpu=cortex-m4 -std=gnu11 -g3 -DSTM32F302xC -c -I../Inc -I"D:/GIT_WORKSPACE/VendingMachine/Vending_Machine_v2/chip_headers/CMSIS/Device/ST/STM32F3xx/Include" -I"D:/GIT_WORKSPACE/VendingMachine/Vending_Machine_v2/chip_headers/CMSIS/Include" -I"D:/GIT_WORKSPACE/VendingMachine/Vending_Machine_v2/Inc/A7672" -I"D:/GIT_WORKSPACE/VendingMachine/Vending_Machine_v2/Inc/ExtFlashMem" -I"D:/GIT_WORKSPACE/VendingMachine/Vending_Machine_v2/Inc/JSON" -I"D:/GIT_WORKSPACE/VendingMachine/Vending_Machine_v2/Inc/osKernel" -I"D:/GIT_WORKSPACE/VendingMachine/Vending_Machine_v2/Inc/System" -I"D:/GIT_WORKSPACE/VendingMachine/Vending_Machine_v2/Inc/Misc" -O0 -ffunction-sections -fdata-sections -Wall -fstack-usage -fcyclomatic-complexity -MMD -MP -MF"Src/app.d" -MT"Src/app.o" --specs=nano.specs -mfpu=fpv4-sp-d16 -mfloat-abi=hard -mthumb -o "Src/app.o"
../Src/app.c: In function 'System_Variables_Init':
../Src/app.c:471:52: error: 'isTimerexpired' undeclared (first use in this function); did you mean 'isStatusTimerexpired'?
  471 |         ATCMD_A7672_Resgister_Status_Send_Callback(isTimerexpired,5);
      |                                                    ^~~~~~~~~~~~~~
      |                                                    isStatusTimerexpired
../Src/app.c:471:52: note: each undeclared identifier is reported only once for each function it appears in
make: *** [Src/subdir.mk:28: Src/app.o] Error 1
"make -j8 all" terminated with exit code 2. Build might be incomplete.
17:43:58 **** Incremental Build of configuration Debug for project Vending_Machine_v2 ****
make -j8 all 
arm-none-eabi-gcc "../Src/Misc/Sensor.c" -mcpu=cortex-m4 -std=gnu11 -g3 -DSTM32F302xC -c -I../Inc -I"D:/GIT_WORKSPACE/VendingMachine/Vending_Machine_v2/chip_headers/CMSIS/Device/ST/STM32F3xx/Include" -I"D:/GIT_WORKSPACE/VendingMachine/Vending_Machine_v2/chip_headers/CMSIS/Include" -I"D:/GIT_WORKSPACE/VendingMachine/Vending_Machine_v2/Inc/A7672" -I"D:/GIT_WORKSPACE/VendingMachine/Vending_Machine_v2/Inc/ExtFlashMem" -I"D:/GIT_WORKSPACE/VendingMachine/Vending_Machine_v2/Inc/JSON" -I"D:/GIT_WORKSPACE/VendingMachine/Vending_Machine_v2/Inc/osKernel" -I"D:/GIT_WORKSPACE/VendingMachine/Vending_Machine_v2/Inc/System" -I"D:/GIT_WORKSPACE/VendingMachine/Vending_Machine_v2/Inc/Misc" -O0 -ffunction-sections -fdata-sections -Wall -fstack-usage -fcyclomatic-complexity -MMD -MP -MF"Src/Misc/Sensor.d" -MT"Src/Misc/Sensor.o" --specs=nano.specs -mfpu=fpv4-sp-d16 -mfloat-abi=hard -mthumb -o "Src/Misc/Sensor.o"
arm-none-eabi-gcc "../Src/app.c" -mcpu=cortex-m4 -std=gnu11 -g3 -DSTM32F302xC -c -I../Inc -I"D:/GIT_WORKSPACE/VendingMachine/Vending_Machine_v2/chip_headers/CMSIS/Device/ST/STM32F3xx/Include" -I"D:/GIT_WORKSPACE/VendingMachine/Vending_Machine_v2/chip_headers/CMSIS/Include" -I"D:/GIT_WORKSPACE/VendingMachine/Vending_Machine_v2/Inc/A7672" -I"D:/GIT_WORKSPACE/VendingMachine/Vending_Machine_v2/Inc/ExtFlashMem" -I"D:/GIT_WORKSPACE/VendingMachine/Vending_Machine_v2/Inc/JSON" -I"D:/GIT_WORKSPACE/VendingMachine/Vending_Machine_v2/Inc/osKernel" -I"D:/GIT_WORKSPACE/VendingMachine/Vending_Machine_v2/Inc/System" -I"D:/GIT_WORKSPACE/VendingMachine/Vending_Machine_v2/Inc/Misc" -O0 -ffunction-sections -fdata-sections -Wall -fstack-usage -fcyclomatic-complexity -MMD -MP -MF"Src/app.d" -MT"Src/app.o" --specs=nano.specs -mfpu=fpv4-sp-d16 -mfloat-abi=hard -mthumb -o "Src/app.o"
arm-none-eabi-gcc "../Src/main.c" -mcpu=cortex-m4 -std=gnu11 -g3 -DSTM32F302xC -c -I../Inc -I"D:/GIT_WORKSPACE/VendingMachine/Vending_Machine_v2/chip_headers/CMSIS/Device/ST/STM32F3xx/Include" -I"D:/GIT_WORKSPACE/VendingMachine/Vending_Machine_v2/chip_headers/CMSIS/Include" -I"D:/GIT_WORKSPACE/VendingMachine/Vending_Machine_v2/Inc/A7672" -I"D:/GIT_WORKSPACE/VendingMachine/Vending_Machine_v2/Inc/ExtFlashMem" -I"D:/GIT_WORKSPACE/VendingMachine/Vending_Machine_v2/Inc/JSON" -I"D:/GIT_WORKSPACE/VendingMachine/Vending_Machine_v2/Inc/osKernel" -I"D:/GIT_WORKSPACE/VendingMachine/Vending_Machine_v2/Inc/System" -I"D:/GIT_WORKSPACE/VendingMachine/Vending_Machine_v2/Inc/Misc" -O0 -ffunction-sections -fdata-sections -Wall -fstack-usage -fcyclomatic-complexity -MMD -MP -MF"Src/main.d" -MT"Src/main.o" --specs=nano.specs -mfpu=fpv4-sp-d16 -mfloat-abi=hard -mthumb -o "Src/main.o"
arm-none-eabi-gcc -o "Vending_Machine_v2.elf" @"objects.list"   -mcpu=cortex-m4 -T"D:\GIT_WORKSPACE\VendingMachine\Vending_Machine_v2\STM32F302RBTX_FLASH.ld" --specs=nosys.specs -Wl,-Map="Vending_Machine_v2.map" -Wl,--gc-sections -static --specs=nano.specs -mfpu=fpv4-sp-d16 -mfloat-abi=hard -mthumb -Wl,--start-group -lc -lm -Wl,--end-group
Finished building target: Vending_Machine_v2.elf
 
arm-none-eabi-size  Vending_Machine_v2.elf 
arm-none-eabi-objdump -h -S Vending_Machine_v2.elf  > "Vending_Machine_v2.list"
arm-none-eabi-objcopy  -O ihex Vending_Machine_v2.elf  "Vending_Machine_v2.hex"
   text	   data	    bss	    dec	    hex	filename
  48220	    220	  21828	  70268	  1127c	Vending_Machine_v2.elf
Finished building: default.size.stdout
 
Finished building: Vending_Machine_v2.hex
 
Finished building: Vending_Machine_v2.list
 
17:44:19 **** Incremental Build of configuration Debug for project Vending_Machine_v2 ****
make -j8 all 
arm-none-eabi-size  Vending_Machine_v2.elf 
   text	   data	    bss	    dec	    hex	filename
  48220	    220	  21828	  70268	  1127c	Vending_Machine_v2.elf
Finished building: default.size.stdout
 
18:03:25 **** Incremental Build of configuration Debug for project Vending_Machine_v2 ****
make -j8 all 
arm-none-eabi-gcc "../Src/app.c" -mcpu=cortex-m4 -std=gnu11 -g3 -DSTM32F302xC -c -I../Inc -I"D:/GIT_WORKSPACE/VendingMachine/Vending_Machine_v2/chip_headers/CMSIS/Device/ST/STM32F3xx/Include" -I"D:/GIT_WORKSPACE/VendingMachine/Vending_Machine_v2/chip_headers/CMSIS/Include" -I"D:/GIT_WORKSPACE/VendingMachine/Vending_Machine_v2/Inc/A7672" -I"D:/GIT_WORKSPACE/VendingMachine/Vending_Machine_v2/Inc/ExtFlashMem" -I"D:/GIT_WORKSPACE/VendingMachine/Vending_Machine_v2/Inc/JSON" -I"D:/GIT_WORKSPACE/VendingMachine/Vending_Machine_v2/Inc/osKernel" -I"D:/GIT_WORKSPACE/VendingMachine/Vending_Machine_v2/Inc/System" -I"D:/GIT_WORKSPACE/VendingMachine/Vending_Machine_v2/Inc/Misc" -O0 -ffunction-sections -fdata-sections -Wall -fstack-usage -fcyclomatic-complexity -MMD -MP -MF"Src/app.d" -MT"Src/app.o" --specs=nano.specs -mfpu=fpv4-sp-d16 -mfloat-abi=hard -mthumb -o "Src/app.o"
arm-none-eabi-gcc -o "Vending_Machine_v2.elf" @"objects.list"   -mcpu=cortex-m4 -T"D:\GIT_WORKSPACE\VendingMachine\Vending_Machine_v2\STM32F302RBTX_FLASH.ld" --specs=nosys.specs -Wl,-Map="Vending_Machine_v2.map" -Wl,--gc-sections -static --specs=nano.specs -mfpu=fpv4-sp-d16 -mfloat-abi=hard -mthumb -Wl,--start-group -lc -lm -Wl,--end-group
Finished building target: Vending_Machine_v2.elf
 
arm-none-eabi-size  Vending_Machine_v2.elf 
arm-none-eabi-objdump -h -S Vending_Machine_v2.elf  > "Vending_Machine_v2.list"
arm-none-eabi-objcopy  -O ihex Vending_Machine_v2.elf  "Vending_Machine_v2.hex"
   text	   data	    bss	    dec	    hex	filename
  48228	    220	  21828	  70276	  11284	Vending_Machine_v2.elf
Finished building: default.size.stdout
 
Finished building: Vending_Machine_v2.hex
 
Finished building: Vending_Machine_v2.list
 
18:11:35 **** Incremental Build of configuration Debug for project Vending_Machine_v2 ****
make -j8 all 
arm-none-eabi-gcc "../Src/app.c" -mcpu=cortex-m4 -std=gnu11 -g3 -DSTM32F302xC -c -I../Inc -I"D:/GIT_WORKSPACE/VendingMachine/Vending_Machine_v2/chip_headers/CMSIS/Device/ST/STM32F3xx/Include" -I"D:/GIT_WORKSPACE/VendingMachine/Vending_Machine_v2/chip_headers/CMSIS/Include" -I"D:/GIT_WORKSPACE/VendingMachine/Vending_Machine_v2/Inc/A7672" -I"D:/GIT_WORKSPACE/VendingMachine/Vending_Machine_v2/Inc/ExtFlashMem" -I"D:/GIT_WORKSPACE/VendingMachine/Vending_Machine_v2/Inc/JSON" -I"D:/GIT_WORKSPACE/VendingMachine/Vending_Machine_v2/Inc/osKernel" -I"D:/GIT_WORKSPACE/VendingMachine/Vending_Machine_v2/Inc/System" -I"D:/GIT_WORKSPACE/VendingMachine/Vending_Machine_v2/Inc/Misc" -O0 -ffunction-sections -fdata-sections -Wall -fstack-usage -fcyclomatic-complexity -MMD -MP -MF"Src/app.d" -MT"Src/app.o" --specs=nano.specs -mfpu=fpv4-sp-d16 -mfloat-abi=hard -mthumb -o "Src/app.o"
arm-none-eabi-gcc -o "Vending_Machine_v2.elf" @"objects.list"   -mcpu=cortex-m4 -T"D:\GIT_WORKSPACE\VendingMachine\Vending_Machine_v2\STM32F302RBTX_FLASH.ld" --specs=nosys.specs -Wl,-Map="Vending_Machine_v2.map" -Wl,--gc-sections -static --specs=nano.specs -mfpu=fpv4-sp-d16 -mfloat-abi=hard -mthumb -Wl,--start-group -lc -lm -Wl,--end-group
Finished building target: Vending_Machine_v2.elf
 
arm-none-eabi-size  Vending_Machine_v2.elf 
arm-none-eabi-objdump -h -S Vending_Machine_v2.elf  > "Vending_Machine_v2.list"
arm-none-eabi-objcopy  -O ihex Vending_Machine_v2.elf  "Vending_Machine_v2.hex"
   text	   data	    bss	    dec	    hex	filename
  48220	    220	  21828	  70268	  1127c	Vending_Machine_v2.elf
Finished building: default.size.stdout
 
Finished building: Vending_Machine_v2.hex
 
Finished building: Vending_Machine_v2.list
 
18:15:14 **** Incremental Build of configuration Debug for project Vending_Machine_v2 ****
make -j8 all 
arm-none-eabi-gcc "../Src/app.c" -mcpu=cortex-m4 -std=gnu11 -g3 -DSTM32F302xC -c -I../Inc -I"D:/GIT_WORKSPACE/VendingMachine/Vending_Machine_v2/chip_headers/CMSIS/Device/ST/STM32F3xx/Include" -I"D:/GIT_WORKSPACE/VendingMachine/Vending_Machine_v2/chip_headers/CMSIS/Include" -I"D:/GIT_WORKSPACE/VendingMachine/Vending_Machine_v2/Inc/A7672" -I"D:/GIT_WORKSPACE/VendingMachine/Vending_Machine_v2/Inc/ExtFlashMem" -I"D:/GIT_WORKSPACE/VendingMachine/Vending_Machine_v2/Inc/JSON" -I"D:/GIT_WORKSPACE/VendingMachine/Vending_Machine_v2/Inc/osKernel" -I"D:/GIT_WORKSPACE/VendingMachine/Vending_Machine_v2/Inc/System" -I"D:/GIT_WORKSPACE/VendingMachine/Vending_Machine_v2/Inc/Misc" -O0 -ffunction-sections -fdata-sections -Wall -fstack-usage -fcyclomatic-complexity -MMD -MP -MF"Src/app.d" -MT"Src/app.o" --specs=nano.specs -mfpu=fpv4-sp-d16 -mfloat-abi=hard -mthumb -o "Src/app.o"
arm-none-eabi-gcc -o "Vending_Machine_v2.elf" @"objects.list"   -mcpu=cortex-m4 -T"D:\GIT_WORKSPACE\VendingMachine\Vending_Machine_v2\STM32F302RBTX_FLASH.ld" --specs=nosys.specs -Wl,-Map="Vending_Machine_v2.map" -Wl,--gc-sections -static --specs=nano.specs -mfpu=fpv4-sp-d16 -mfloat-abi=hard -mthumb -Wl,--start-group -lc -lm -Wl,--end-group
Finished building target: Vending_Machine_v2.elf
 
arm-none-eabi-size  Vending_Machine_v2.elf 
arm-none-eabi-objdump -h -S Vending_Machine_v2.elf  > "Vending_Machine_v2.list"
arm-none-eabi-objcopy  -O ihex Vending_Machine_v2.elf  "Vending_Machine_v2.hex"
   text	   data	    bss	    dec	    hex	filename
  48184	    220	  21828	  70232	  11258	Vending_Machine_v2.elf
Finished building: default.size.stdout
 
Finished building: Vending_Machine_v2.hex
 
Finished building: Vending_Machine_v2.list
 
18:29:35 **** Incremental Build of configuration Debug for project Vending_Machine_v2 ****
make -j8 all 
arm-none-eabi-gcc "../Src/app.c" -mcpu=cortex-m4 -std=gnu11 -g3 -DSTM32F302xC -c -I../Inc -I"D:/GIT_WORKSPACE/VendingMachine/Vending_Machine_v2/chip_headers/CMSIS/Device/ST/STM32F3xx/Include" -I"D:/GIT_WORKSPACE/VendingMachine/Vending_Machine_v2/chip_headers/CMSIS/Include" -I"D:/GIT_WORKSPACE/VendingMachine/Vending_Machine_v2/Inc/A7672" -I"D:/GIT_WORKSPACE/VendingMachine/Vending_Machine_v2/Inc/ExtFlashMem" -I"D:/GIT_WORKSPACE/VendingMachine/Vending_Machine_v2/Inc/JSON" -I"D:/GIT_WORKSPACE/VendingMachine/Vending_Machine_v2/Inc/osKernel" -I"D:/GIT_WORKSPACE/VendingMachine/Vending_Machine_v2/Inc/System" -I"D:/GIT_WORKSPACE/VendingMachine/Vending_Machine_v2/Inc/Misc" -O0 -ffunction-sections -fdata-sections -Wall -fstack-usage -fcyclomatic-complexity -MMD -MP -MF"Src/app.d" -MT"Src/app.o" --specs=nano.specs -mfpu=fpv4-sp-d16 -mfloat-abi=hard -mthumb -o "Src/app.o"
arm-none-eabi-gcc -o "Vending_Machine_v2.elf" @"objects.list"   -mcpu=cortex-m4 -T"D:\GIT_WORKSPACE\VendingMachine\Vending_Machine_v2\STM32F302RBTX_FLASH.ld" --specs=nosys.specs -Wl,-Map="Vending_Machine_v2.map" -Wl,--gc-sections -static --specs=nano.specs -mfpu=fpv4-sp-d16 -mfloat-abi=hard -mthumb -Wl,--start-group -lc -lm -Wl,--end-group
Finished building target: Vending_Machine_v2.elf
 
arm-none-eabi-size  Vending_Machine_v2.elf 
arm-none-eabi-objdump -h -S Vending_Machine_v2.elf  > "Vending_Machine_v2.list"
arm-none-eabi-objcopy  -O ihex Vending_Machine_v2.elf  "Vending_Machine_v2.hex"
   text	   data	    bss	    dec	    hex	filename
  48184	    220	  21828	  70232	  11258	Vending_Machine_v2.elf
Finished building: default.size.stdout
 
Finished building: Vending_Machine_v2.hex
 
Finished building: Vending_Machine_v2.list
 
18:37:37 **** Incremental Build of configuration Debug for project Vending_Machine_v2 ****
make -j8 all 
arm-none-eabi-size  Vending_Machine_v2.elf 
   text	   data	    bss	    dec	    hex	filename
  48184	    220	  21828	  70232	  11258	Vending_Machine_v2.elf
Finished building: default.size.stdout
 
18:40:24 **** Incremental Build of configuration Debug for project Vending_Machine_v2 ****
make -j8 all 
arm-none-eabi-gcc "../Src/A7672/ATCMD_A7672_Callbacks.c" -mcpu=cortex-m4 -std=gnu11 -g3 -DSTM32F302xC -c -I../Inc -I"D:/GIT_WORKSPACE/VendingMachine/Vending_Machine_v2/chip_headers/CMSIS/Device/ST/STM32F3xx/Include" -I"D:/GIT_WORKSPACE/VendingMachine/Vending_Machine_v2/chip_headers/CMSIS/Include" -I"D:/GIT_WORKSPACE/VendingMachine/Vending_Machine_v2/Inc/A7672" -I"D:/GIT_WORKSPACE/VendingMachine/Vending_Machine_v2/Inc/ExtFlashMem" -I"D:/GIT_WORKSPACE/VendingMachine/Vending_Machine_v2/Inc/JSON" -I"D:/GIT_WORKSPACE/VendingMachine/Vending_Machine_v2/Inc/osKernel" -I"D:/GIT_WORKSPACE/VendingMachine/Vending_Machine_v2/Inc/System" -I"D:/GIT_WORKSPACE/VendingMachine/Vending_Machine_v2/Inc/Misc" -O0 -ffunction-sections -fdata-sections -Wall -fstack-usage -fcyclomatic-complexity -MMD -MP -MF"Src/A7672/ATCMD_A7672_Callbacks.d" -MT"Src/A7672/ATCMD_A7672_Callbacks.o" --specs=nano.specs -mfpu=fpv4-sp-d16 -mfloat-abi=hard -mthumb -o "Src/A7672/ATCMD_A7672_Callbacks.o"
arm-none-eabi-gcc -o "Vending_Machine_v2.elf" @"objects.list"   -mcpu=cortex-m4 -T"D:\GIT_WORKSPACE\VendingMachine\Vending_Machine_v2\STM32F302RBTX_FLASH.ld" --specs=nosys.specs -Wl,-Map="Vending_Machine_v2.map" -Wl,--gc-sections -static --specs=nano.specs -mfpu=fpv4-sp-d16 -mfloat-abi=hard -mthumb -Wl,--start-group -lc -lm -Wl,--end-group
Finished building target: Vending_Machine_v2.elf
 
arm-none-eabi-size  Vending_Machine_v2.elf 
arm-none-eabi-objdump -h -S Vending_Machine_v2.elf  > "Vending_Machine_v2.list"
arm-none-eabi-objcopy  -O ihex Vending_Machine_v2.elf  "Vending_Machine_v2.hex"
   text	   data	    bss	    dec	    hex	filename
  48176	    220	  21828	  70224	  11250	Vending_Machine_v2.elf
Finished building: default.size.stdout
 
Finished building: Vending_Machine_v2.hex
 
Finished building: Vending_Machine_v2.list
 
18:49:47 **** Incremental Build of configuration Debug for project Vending_Machine_v2 ****
make -j8 all 
arm-none-eabi-gcc "../Src/A7672/ATCMD_A7672_Callbacks.c" -mcpu=cortex-m4 -std=gnu11 -g3 -DSTM32F302xC -c -I../Inc -I"D:/GIT_WORKSPACE/VendingMachine/Vending_Machine_v2/chip_headers/CMSIS/Device/ST/STM32F3xx/Include" -I"D:/GIT_WORKSPACE/VendingMachine/Vending_Machine_v2/chip_headers/CMSIS/Include" -I"D:/GIT_WORKSPACE/VendingMachine/Vending_Machine_v2/Inc/A7672" -I"D:/GIT_WORKSPACE/VendingMachine/Vending_Machine_v2/Inc/ExtFlashMem" -I"D:/GIT_WORKSPACE/VendingMachine/Vending_Machine_v2/Inc/JSON" -I"D:/GIT_WORKSPACE/VendingMachine/Vending_Machine_v2/Inc/osKernel" -I"D:/GIT_WORKSPACE/VendingMachine/Vending_Machine_v2/Inc/System" -I"D:/GIT_WORKSPACE/VendingMachine/Vending_Machine_v2/Inc/Misc" -O0 -ffunction-sections -fdata-sections -Wall -fstack-usage -fcyclomatic-complexity -MMD -MP -MF"Src/A7672/ATCMD_A7672_Callbacks.d" -MT"Src/A7672/ATCMD_A7672_Callbacks.o" --specs=nano.specs -mfpu=fpv4-sp-d16 -mfloat-abi=hard -mthumb -o "Src/A7672/ATCMD_A7672_Callbacks.o"
arm-none-eabi-gcc -o "Vending_Machine_v2.elf" @"objects.list"   -mcpu=cortex-m4 -T"D:\GIT_WORKSPACE\VendingMachine\Vending_Machine_v2\STM32F302RBTX_FLASH.ld" --specs=nosys.specs -Wl,-Map="Vending_Machine_v2.map" -Wl,--gc-sections -static --specs=nano.specs -mfpu=fpv4-sp-d16 -mfloat-abi=hard -mthumb -Wl,--start-group -lc -lm -Wl,--end-group
Finished building target: Vending_Machine_v2.elf
 
arm-none-eabi-size  Vending_Machine_v2.elf 
arm-none-eabi-objdump -h -S Vending_Machine_v2.elf  > "Vending_Machine_v2.list"
arm-none-eabi-objcopy  -O ihex Vending_Machine_v2.elf  "Vending_Machine_v2.hex"
   text	   data	    bss	    dec	    hex	filename
  48176	    220	  21828	  70224	  11250	Vending_Machine_v2.elf
Finished building: default.size.stdout
 
Finished building: Vending_Machine_v2.hex
 
Finished building: Vending_Machine_v2.list
 
19:03:50 **** Incremental Build of configuration Debug for project Vending_Machine_v2 ****
make -j8 all 
arm-none-eabi-gcc "../Src/app.c" -mcpu=cortex-m4 -std=gnu11 -g3 -DSTM32F302xC -c -I../Inc -I"D:/GIT_WORKSPACE/VendingMachine/Vending_Machine_v2/chip_headers/CMSIS/Device/ST/STM32F3xx/Include" -I"D:/GIT_WORKSPACE/VendingMachine/Vending_Machine_v2/chip_headers/CMSIS/Include" -I"D:/GIT_WORKSPACE/VendingMachine/Vending_Machine_v2/Inc/A7672" -I"D:/GIT_WORKSPACE/VendingMachine/Vending_Machine_v2/Inc/ExtFlashMem" -I"D:/GIT_WORKSPACE/VendingMachine/Vending_Machine_v2/Inc/JSON" -I"D:/GIT_WORKSPACE/VendingMachine/Vending_Machine_v2/Inc/osKernel" -I"D:/GIT_WORKSPACE/VendingMachine/Vending_Machine_v2/Inc/System" -I"D:/GIT_WORKSPACE/VendingMachine/Vending_Machine_v2/Inc/Misc" -O0 -ffunction-sections -fdata-sections -Wall -fstack-usage -fcyclomatic-complexity -MMD -MP -MF"Src/app.d" -MT"Src/app.o" --specs=nano.specs -mfpu=fpv4-sp-d16 -mfloat-abi=hard -mthumb -o "Src/app.o"
arm-none-eabi-gcc -o "Vending_Machine_v2.elf" @"objects.list"   -mcpu=cortex-m4 -T"D:\GIT_WORKSPACE\VendingMachine\Vending_Machine_v2\STM32F302RBTX_FLASH.ld" --specs=nosys.specs -Wl,-Map="Vending_Machine_v2.map" -Wl,--gc-sections -static --specs=nano.specs -mfpu=fpv4-sp-d16 -mfloat-abi=hard -mthumb -Wl,--start-group -lc -lm -Wl,--end-group
Finished building target: Vending_Machine_v2.elf
 
arm-none-eabi-size  Vending_Machine_v2.elf 
arm-none-eabi-objdump -h -S Vending_Machine_v2.elf  > "Vending_Machine_v2.list"
arm-none-eabi-objcopy  -O ihex Vending_Machine_v2.elf  "Vending_Machine_v2.hex"
   text	   data	    bss	    dec	    hex	filename
  48188	    220	  21828	  70236	  1125c	Vending_Machine_v2.elf
Finished building: default.size.stdout
 
Finished building: Vending_Machine_v2.hex
 
Finished building: Vending_Machine_v2.list
 
19:04:24 **** Incremental Build of configuration Debug for project Vending_Machine_v2 ****
make -j8 all 
arm-none-eabi-size  Vending_Machine_v2.elf 
   text	   data	    bss	    dec	    hex	filename
  48188	    220	  21828	  70236	  1125c	Vending_Machine_v2.elf
Finished building: default.size.stdout
 
19:04:46 **** Incremental Build of configuration Debug for project Vending_Machine_v2 ****
make -j8 all 
arm-none-eabi-gcc "../Src/app.c" -mcpu=cortex-m4 -std=gnu11 -g3 -DSTM32F302xC -c -I../Inc -I"D:/GIT_WORKSPACE/VendingMachine/Vending_Machine_v2/chip_headers/CMSIS/Device/ST/STM32F3xx/Include" -I"D:/GIT_WORKSPACE/VendingMachine/Vending_Machine_v2/chip_headers/CMSIS/Include" -I"D:/GIT_WORKSPACE/VendingMachine/Vending_Machine_v2/Inc/A7672" -I"D:/GIT_WORKSPACE/VendingMachine/Vending_Machine_v2/Inc/ExtFlashMem" -I"D:/GIT_WORKSPACE/VendingMachine/Vending_Machine_v2/Inc/JSON" -I"D:/GIT_WORKSPACE/VendingMachine/Vending_Machine_v2/Inc/osKernel" -I"D:/GIT_WORKSPACE/VendingMachine/Vending_Machine_v2/Inc/System" -I"D:/GIT_WORKSPACE/VendingMachine/Vending_Machine_v2/Inc/Misc" -O0 -ffunction-sections -fdata-sections -Wall -fstack-usage -fcyclomatic-complexity -MMD -MP -MF"Src/app.d" -MT"Src/app.o" --specs=nano.specs -mfpu=fpv4-sp-d16 -mfloat-abi=hard -mthumb -o "Src/app.o"
arm-none-eabi-gcc -o "Vending_Machine_v2.elf" @"objects.list"   -mcpu=cortex-m4 -T"D:\GIT_WORKSPACE\VendingMachine\Vending_Machine_v2\STM32F302RBTX_FLASH.ld" --specs=nosys.specs -Wl,-Map="Vending_Machine_v2.map" -Wl,--gc-sections -static --specs=nano.specs -mfpu=fpv4-sp-d16 -mfloat-abi=hard -mthumb -Wl,--start-group -lc -lm -Wl,--end-group
Finished building target: Vending_Machine_v2.elf
 
arm-none-eabi-size  Vending_Machine_v2.elf 
arm-none-eabi-objdump -h -S Vending_Machine_v2.elf  > "Vending_Machine_v2.list"
arm-none-eabi-objcopy  -O ihex Vending_Machine_v2.elf  "Vending_Machine_v2.hex"
   text	   data	    bss	    dec	    hex	filename
  48184	    220	  21828	  70232	  11258	Vending_Machine_v2.elf
Finished building: default.size.stdout
 
Finished building: Vending_Machine_v2.hex
 
Finished building: Vending_Machine_v2.list
 
19:19:33 **** Incremental Build of configuration Debug for project Vending_Machine_v2 ****
make -j8 all 
arm-none-eabi-gcc "../Src/app.c" -mcpu=cortex-m4 -std=gnu11 -g3 -DSTM32F302xC -c -I../Inc -I"D:/GIT_WORKSPACE/VendingMachine/Vending_Machine_v2/chip_headers/CMSIS/Device/ST/STM32F3xx/Include" -I"D:/GIT_WORKSPACE/VendingMachine/Vending_Machine_v2/chip_headers/CMSIS/Include" -I"D:/GIT_WORKSPACE/VendingMachine/Vending_Machine_v2/Inc/A7672" -I"D:/GIT_WORKSPACE/VendingMachine/Vending_Machine_v2/Inc/ExtFlashMem" -I"D:/GIT_WORKSPACE/VendingMachine/Vending_Machine_v2/Inc/JSON" -I"D:/GIT_WORKSPACE/VendingMachine/Vending_Machine_v2/Inc/osKernel" -I"D:/GIT_WORKSPACE/VendingMachine/Vending_Machine_v2/Inc/System" -I"D:/GIT_WORKSPACE/VendingMachine/Vending_Machine_v2/Inc/Misc" -O0 -ffunction-sections -fdata-sections -Wall -fstack-usage -fcyclomatic-complexity -MMD -MP -MF"Src/app.d" -MT"Src/app.o" --specs=nano.specs -mfpu=fpv4-sp-d16 -mfloat-abi=hard -mthumb -o "Src/app.o"
arm-none-eabi-gcc -o "Vending_Machine_v2.elf" @"objects.list"   -mcpu=cortex-m4 -T"D:\GIT_WORKSPACE\VendingMachine\Vending_Machine_v2\STM32F302RBTX_FLASH.ld" --specs=nosys.specs -Wl,-Map="Vending_Machine_v2.map" -Wl,--gc-sections -static --specs=nano.specs -mfpu=fpv4-sp-d16 -mfloat-abi=hard -mthumb -Wl,--start-group -lc -lm -Wl,--end-group
Finished building target: Vending_Machine_v2.elf
 
arm-none-eabi-size  Vending_Machine_v2.elf 
arm-none-eabi-objdump -h -S Vending_Machine_v2.elf  > "Vending_Machine_v2.list"
arm-none-eabi-objcopy  -O ihex Vending_Machine_v2.elf  "Vending_Machine_v2.hex"
   text	   data	    bss	    dec	    hex	filename
  48184	    220	  21828	  70232	  11258	Vending_Machine_v2.elf
Finished building: default.size.stdout
 
Finished building: Vending_Machine_v2.hex
 
Finished building: Vending_Machine_v2.list
 
