18:53:55 **** Incremental Build of configuration Debug for project UserApp_v3 ****
make -j8 all 
arm-none-eabi-gcc "../Core/Src/main.c" -mcpu=cortex-m4 -std=gnu11 -g3 -DDEBUG -DUSE_HAL_DRIVER -DSTM32F302xE -c -I../Core/Inc -I../Drivers/STM32F3xx_HAL_Driver/Inc/Legacy -I../Drivers/STM32F3xx_HAL_Driver/Inc -I../Drivers/CMSIS/Device/ST/STM32F3xx/Include -I../Drivers/CMSIS/Include -O0 -ffunction-sections -fdata-sections -Wall -fstack-usage -fcyclomatic-complexity -MMD -MP -MF"Core/Src/main.d" -MT"Core/Src/main.o" --specs=nano.specs -mfpu=fpv4-sp-d16 -mfloat-abi=hard -mthumb -o "Core/Src/main.o"
arm-none-eabi-gcc -o "UserApp_v3.elf" @"objects.list"   -mcpu=cortex-m4 -T"D:\GIT_WORKSPACE\STM32\UserApp_v3\STM32F302RETX_FLASH.ld" --specs=nosys.specs -Wl,-Map="UserApp_v3.map" -Wl,--gc-sections -static --specs=nano.specs -mfpu=fpv4-sp-d16 -mfloat-abi=hard -mthumb -Wl,--start-group -lc -lm -Wl,--end-group
Finished building target: UserApp_v3.elf
 
arm-none-eabi-size  UserApp_v3.elf 
arm-none-eabi-objdump -h -S UserApp_v3.elf  > "UserApp_v3.list"
   text	   data	    bss	    dec	    hex	filename
  21424	    268	   2604	  24296	   5ee8	UserApp_v3.elf
Finished building: default.size.stdout
 
Finished building: UserApp_v3.list
 

18:53:56 Build Finished. 0 errors, 0 warnings. (took 1s.512ms)

