19:19:33 **** Incremental Build of configuration Debug for project Vending_Machine_v2 ****
make -j8 all 
arm-none-eabi-gcc "../Src/app.c" -mcpu=cortex-m4 -std=gnu11 -g3 -DSTM32F302xC -c -I../Inc -I"D:/GIT_WORKSPACE/VendingMachine/Vending_Machine_v2/chip_headers/CMSIS/Device/ST/STM32F3xx/Include" -I"D:/GIT_WORKSPACE/VendingMachine/Vending_Machine_v2/chip_headers/CMSIS/Include" -I"D:/GIT_WORKSPACE/VendingMachine/Vending_Machine_v2/Inc/A7672" -I"D:/GIT_WORKSPACE/VendingMachine/Vending_Machine_v2/Inc/ExtFlashMem" -I"D:/GIT_WORKSPACE/VendingMachine/Vending_Machine_v2/Inc/JSON" -I"D:/GIT_WORKSPACE/VendingMachine/Vending_Machine_v2/Inc/osKernel" -I"D:/GIT_WORKSPACE/VendingMachine/Vending_Machine_v2/Inc/System" -I"D:/GIT_WORKSPACE/VendingMachine/Vending_Machine_v2/Inc/Misc" -O0 -ffunction-sections -fdata-sections -Wall -fstack-usage -fcyclomatic-complexity -MMD -MP -MF"Src/app.d" -MT"Src/app.o" --specs=nano.specs -mfpu=fpv4-sp-d16 -mfloat-abi=hard -mthumb -o "Src/app.o"
arm-none-eabi-gcc -o "Vending_Machine_v2.elf" @"objects.list"   -mcpu=cortex-m4 -T"D:\GIT_WORKSPACE\VendingMachine\Vending_Machine_v2\STM32F302RBTX_FLASH.ld" --specs=nosys.specs -Wl,-Map="Vending_Machine_v2.map" -Wl,--gc-sections -static --specs=nano.specs -mfpu=fpv4-sp-d16 -mfloat-abi=hard -mthumb -Wl,--start-group -lc -lm -Wl,--end-group
Finished building target: Vending_Machine_v2.elf
 
arm-none-eabi-size  Vending_Machine_v2.elf 
arm-none-eabi-objdump -h -S Vending_Machine_v2.elf  > "Vending_Machine_v2.list"
arm-none-eabi-objcopy  -O ihex Vending_Machine_v2.elf  "Vending_Machine_v2.hex"
   text	   data	    bss	    dec	    hex	filename
  48184	    220	  21828	  70232	  11258	Vending_Machine_v2.elf
Finished building: default.size.stdout
 
Finished building: Vending_Machine_v2.hex
 
Finished building: Vending_Machine_v2.list
 

19:19:34 Build Finished. 0 errors, 0 warnings. (took 1s.103ms)

